Component: ARM Compiler 5.06 update 7 (build 960) Tool: armlink [4d3601]

==============================================================================

Section Cross References

    startup_stm32f103xe.o(RESET) refers to startup_stm32f103xe.o(STACK) for __initial_sp
    startup_stm32f103xe.o(RESET) refers to startup_stm32f103xe.o(.text) for Reset_Handler
    startup_stm32f103xe.o(RESET) refers to stm32f1xx_it.o(i.NMI_Handler) for NMI_Handler
    startup_stm32f103xe.o(RESET) refers to stm32f1xx_it.o(i.HardFault_Handler) for HardFault_Handler
    startup_stm32f103xe.o(RESET) refers to stm32f1xx_it.o(i.MemManage_Handler) for MemManage_Handler
    startup_stm32f103xe.o(RESET) refers to stm32f1xx_it.o(i.BusFault_Handler) for BusFault_Handler
    startup_stm32f103xe.o(RESET) refers to stm32f1xx_it.o(i.UsageFault_Handler) for UsageFault_Handler
    startup_stm32f103xe.o(RESET) refers to port.o(.emb_text) for SVC_Handler
    startup_stm32f103xe.o(RESET) refers to stm32f1xx_it.o(i.DebugMon_Handler) for DebugMon_Handler
    startup_stm32f103xe.o(RESET) refers to port.o(i.SysTick_Handler) for SysTick_Handler
    startup_stm32f103xe.o(RESET) refers to stm32f1xx_it.o(i.DMA1_Channel2_IRQHandler) for DMA1_Channel2_IRQHandler
    startup_stm32f103xe.o(RESET) refers to stm32f1xx_it.o(i.DMA1_Channel3_IRQHandler) for DMA1_Channel3_IRQHandler
    startup_stm32f103xe.o(RESET) refers to stm32f1xx_it.o(i.DMA1_Channel4_IRQHandler) for DMA1_Channel4_IRQHandler
    startup_stm32f103xe.o(RESET) refers to stm32f1xx_it.o(i.DMA1_Channel5_IRQHandler) for DMA1_Channel5_IRQHandler
    startup_stm32f103xe.o(RESET) refers to stm32f1xx_it.o(i.DMA1_Channel6_IRQHandler) for DMA1_Channel6_IRQHandler
    startup_stm32f103xe.o(RESET) refers to stm32f1xx_it.o(i.USB_HP_CAN1_TX_IRQHandler) for USB_HP_CAN1_TX_IRQHandler
    startup_stm32f103xe.o(RESET) refers to stm32f1xx_it.o(i.USB_LP_CAN1_RX0_IRQHandler) for USB_LP_CAN1_RX0_IRQHandler
    startup_stm32f103xe.o(RESET) refers to stm32f1xx_it.o(i.CAN1_RX1_IRQHandler) for CAN1_RX1_IRQHandler
    startup_stm32f103xe.o(RESET) refers to stm32f1xx_it.o(i.CAN1_SCE_IRQHandler) for CAN1_SCE_IRQHandler
    startup_stm32f103xe.o(RESET) refers to stm32f1xx_it.o(i.TIM4_IRQHandler) for TIM4_IRQHandler
    startup_stm32f103xe.o(RESET) refers to stm32f1xx_it.o(i.USART1_IRQHandler) for USART1_IRQHandler
    startup_stm32f103xe.o(RESET) refers to stm32f1xx_it.o(i.USART2_IRQHandler) for USART2_IRQHandler
    startup_stm32f103xe.o(RESET) refers to stm32f1xx_it.o(i.USART3_IRQHandler) for USART3_IRQHandler
    startup_stm32f103xe.o(RESET) refers to stm32f1xx_it.o(i.TIM6_IRQHandler) for TIM6_IRQHandler
    startup_stm32f103xe.o(.text) refers to system_stm32f1xx.o(i.SystemInit) for SystemInit
    startup_stm32f103xe.o(.text) refers to entry.o(.ARM.Collect$$$$00000000) for __main
    main.o(i.HAL_TIM_PeriodElapsedCallback) refers to stm32f1xx_hal.o(i.HAL_IncTick) for HAL_IncTick
    main.o(i.SystemClock_Config) refers to memseta.o(.text) for __aeabi_memclr4
    main.o(i.SystemClock_Config) refers to stm32f1xx_hal_rcc.o(i.HAL_RCC_OscConfig) for HAL_RCC_OscConfig
    main.o(i.SystemClock_Config) refers to main.o(i.Error_Handler) for Error_Handler
    main.o(i.SystemClock_Config) refers to stm32f1xx_hal_rcc.o(i.HAL_RCC_ClockConfig) for HAL_RCC_ClockConfig
    main.o(i.SystemClock_Config) refers to stm32f1xx_hal_rcc_ex.o(i.HAL_RCCEx_PeriphCLKConfig) for HAL_RCCEx_PeriphCLKConfig
    main.o(i.main) refers to stm32f1xx_hal.o(i.HAL_Init) for HAL_Init
    main.o(i.main) refers to main.o(i.SystemClock_Config) for SystemClock_Config
    main.o(i.main) refers to gpio.o(i.MX_GPIO_Init) for MX_GPIO_Init
    main.o(i.main) refers to dma.o(i.MX_DMA_Init) for MX_DMA_Init
    main.o(i.main) refers to can.o(i.MX_CAN_Init) for MX_CAN_Init
    main.o(i.main) refers to spi.o(i.MX_SPI1_Init) for MX_SPI1_Init
    main.o(i.main) refers to spi.o(i.MX_SPI2_Init) for MX_SPI2_Init
    main.o(i.main) refers to usart.o(i.MX_USART1_UART_Init) for MX_USART1_UART_Init
    main.o(i.main) refers to usart.o(i.MX_USART2_UART_Init) for MX_USART2_UART_Init
    main.o(i.main) refers to usb.o(i.MX_USB_PCD_Init) for MX_USB_PCD_Init
    main.o(i.main) refers to usart.o(i.MX_USART3_UART_Init) for MX_USART3_UART_Init
    main.o(i.main) refers to tim.o(i.MX_TIM4_Init) for MX_TIM4_Init
    main.o(i.main) refers to cmsis_os2.o(i.osKernelInitialize) for osKernelInitialize
    main.o(i.main) refers to freertos.o(i.MX_FREERTOS_Init) for MX_FREERTOS_Init
    main.o(i.main) refers to cmsis_os2.o(i.osKernelStart) for osKernelStart
    gpio.o(i.MX_GPIO_Init) refers to stm32f1xx_hal_gpio.o(i.HAL_GPIO_WritePin) for HAL_GPIO_WritePin
    gpio.o(i.MX_GPIO_Init) refers to stm32f1xx_hal_gpio.o(i.HAL_GPIO_Init) for HAL_GPIO_Init
    freertos.o(i.MX_FREERTOS_Init) refers to cmsis_os2.o(i.osThreadNew) for osThreadNew
    freertos.o(i.MX_FREERTOS_Init) refers to tasks.o(i.xTaskCreate) for xTaskCreate
[...]
    _printf_l                                0x00000000   Number         0  stubs.o ABSOLUTE
    _printf_lc                               0x00000000   Number         0  stubs.o ABSOLUTE
    _printf_ll                               0x00000000   Number         0  stubs.o ABSOLUTE
    _printf_lld                              0x00000000   Number         0  stubs.o ABSOLUTE
    _printf_lli                              0x00000000   Number         0  stubs.o ABSOLUTE
    _printf_llo                              0x00000000   Number         0  stubs.o ABSOLUTE
    _printf_llu                              0x00000000   Number         0  stubs.o ABSOLUTE
    _printf_llx                              0x00000000   Number         0  stubs.o ABSOLUTE
    _printf_longlong_dec                     0x00000000   Number         0  stubs.o ABSOLUTE
    _printf_longlong_hex                     0x00000000   Number         0  stubs.o ABSOLUTE
    _printf_longlong_oct                     0x00000000   Number         0  stubs.o ABSOLUTE
    _printf_ls                               0x00000000   Number         0  stubs.o ABSOLUTE
    _printf_mbtowc                           0x00000000   Number         0  stubs.o ABSOLUTE
    _printf_n                                0x00000000   Number         0  stubs.o ABSOLUTE
    _printf_o                                0x00000000   Number         0  stubs.o ABSOLUTE
    _printf_p                                0x00000000   Number         0  stubs.o ABSOLUTE
    _printf_percent                          0x00000000   Number         0  stubs.o ABSOLUTE
    _printf_pre_padding                      0x00000000   Number         0  stubs.o ABSOLUTE
    _printf_return_value                     0x00000000   Number         0  stubs.o ABSOLUTE
    _printf_s                                0x00000000   Number         0  stubs.o ABSOLUTE
    _printf_sizespec                         0x00000000   Number         0  stubs.o ABSOLUTE
    _printf_str                              0x00000000   Number         0  stubs.o ABSOLUTE
    _printf_truncate_signed                  0x00000000   Number         0  stubs.o ABSOLUTE
    _printf_truncate_unsigned                0x00000000   Number         0  stubs.o ABSOLUTE
    _printf_u                                0x00000000   Number         0  stubs.o ABSOLUTE
    _printf_wc                               0x00000000   Number         0  stubs.o ABSOLUTE
    _printf_wctomb                           0x00000000   Number         0  stubs.o ABSOLUTE
    _printf_widthprec                        0x00000000   Number         0  stubs.o ABSOLUTE
    _printf_x                                0x00000000   Number         0  stubs.o ABSOLUTE
    __arm_fini_                               - Undefined Weak Reference
    __cpp_initialize__aeabi_                  - Undefined Weak Reference
    __cxa_finalize                            - Undefined Weak Reference
    __decompress                              - Undefined Weak Reference
    _clock_init                               - Undefined Weak Reference
    _microlib_exit                            - Undefined Weak Reference
    __Vectors_Size                           0x00000130   Number         0  startup_stm32f103xe.o ABSOLUTE
    __Vectors                                0x08000000   Data           4  startup_stm32f103xe.o(RESET)
    __Vectors_End                            0x08000130   Data           0  startup_stm32f103xe.o(RESET)
    __main                                   0x08000131   Thumb Code     0  entry.o(.ARM.Collect$$$$00000000)
    _main_stk                                0x08000131   Thumb Code     0  entry2.o(.ARM.Collect$$$$00000001)
    _main_scatterload                        0x08000135   Thumb Code     0  entry5.o(.ARM.Collect$$$$00000004)
    __main_after_scatterload                 0x08000139   Thumb Code     0  entry5.o(.ARM.Collect$$$$00000004)
    _main_clock                              0x08000139   Thumb Code     0  entry7b.o(.ARM.Collect$$$$00000008)
    _main_cpp_init                           0x08000139   Thumb Code     0  entry8b.o(.ARM.Collect$$$$0000000A)
    _main_init                               0x08000139   Thumb Code     0  entry9a.o(.ARM.Collect$$$$0000000B)
    __rt_lib_shutdown_fini                   0x08000141   Thumb Code     0  entry12b.o(.ARM.Collect$$$$0000000E)
    __rt_final_cpp                           0x08000145   Thumb Code     0  entry10a.o(.ARM.Collect$$$$0000000F)
    __rt_final_exit                          0x08000145   Thumb Code     0  entry11a.o(.ARM.Collect$$$$00000011)
    SVC_Handler                              0x08000149   Thumb Code    32  port.o(.emb_text)
    __asm___6_port_c_39a90d8d__prvStartFirstTask 0x0800016d   Thumb Code    28  port.o(.emb_text)
    PendSV_Handler                           0x0800018d   Thumb Code    72  port.o(.emb_text)
    vPortGetIPSR                             0x080001d9   Thumb Code     6  port.o(.emb_text)
    Reset_Handler                            0x080001e1   Thumb Code     8  startup_stm32f103xe.o(.text)
    ADC1_2_IRQHandler                        0x080001fb   Thumb Code     0  startup_stm32f103xe.o(.text)
    ADC3_IRQHandler                          0x080001fb   Thumb Code     0  startup_stm32f103xe.o(.text)
    DMA1_Channel1_IRQHandler                 0x080001fb   Thumb Code     0  startup_stm32f103xe.o(.text)
    DMA1_Channel7_IRQHandler                 0x080001fb   Thumb Code     0  startup_stm32f103xe.o(.text)
    DMA2_Channel1_IRQHandler                 0x080001fb   Thumb Code     0  startup_stm32f103xe.o(.text)
    DMA2_Channel2_IRQHandler                 0x080001fb   Thumb Code     0  startup_stm32f103xe.o(.text)
    DMA2_Channel3_IRQHandler                 0x080001fb   Thumb Code     0  startup_stm32f103xe.o(.text)
    DMA2_Channel4_5_IRQHandler               0x080001fb   Thumb Code     0  startup_stm32f103xe.o(.text)
    EXTI0_IRQHandler                         0x080001fb   Thumb Code     0  startup_stm32f103xe.o(.text)
    EXTI15_10_IRQHandler                     0x080001fb   Thumb Code     0  startup_stm32f103xe.o(.text)
    EXTI1_IRQHandler                         0x080001fb   Thumb Code     0  startup_stm32f103xe.o(.text)
    EXTI2_IRQHandler                         0x080001fb   Thumb Code     0  startup_stm32f103xe.o(.text)
    EXTI3_IRQHandler                         0x080001fb   Thumb Code     0  startup_stm32f103xe.o(.text)
    EXTI4_IRQHandler                         0x080001fb   Thumb Code     0  startup_stm32f103xe.o(.text)
    EXTI9_5_IRQHandler                       0x080001fb   Thumb Code     0  startup_stm32f103xe.o(.text)
    FLASH_IRQHandler                         0x080001fb   Thumb Code     0  startup_stm32f103xe.o(.text)
    FSMC_IRQHandler                          0x080001fb   Thumb Code     0  startup_stm32f103xe.o(.text)
    I2C1_ER_IRQHandler                       0x080001fb   Thumb Code     0  startup_stm32f103xe.o(.text)
    I2C1_EV_IRQHandler                       0x080001fb   Thumb Code     0  startup_stm32f103xe.o(.text)
    I2C2_ER_IRQHandler                       0x080001fb   Thumb Code     0  startup_stm32f103xe.o(.text)
    I2C2_EV_IRQHandler                       0x080001fb   Thumb Code     0  startup_stm32f103xe.o(.text)
    PVD_IRQHandler                           0x080001fb   Thumb Code     0  startup_stm32f103xe.o(.text)
    RCC_IRQHandler                           0x080001fb   Thumb Code     0  startup_stm32f103xe.o(.text)
    RTC_Alarm_IRQHandler                     0x080001fb   Thumb Code     0  startup_stm32f103xe.o(.text)
    RTC_IRQHandler                           0x080001fb   Thumb Code     0  startup_stm32f103xe.o(.text)
    SDIO_IRQHandler                          0x080001fb   Thumb Code     0  startup_stm32f103xe.o(.text)
    SPI1_IRQHandler                          0x080001fb   Thumb Code     0  startup_stm32f103xe.o(.text)
    SPI2_IRQHandler                          0x080001fb   Thumb Code     0  startup_stm32f103xe.o(.text)
    SPI3_IRQHandler                          0x080001fb   Thumb Code     0  startup_stm32f103xe.o(.text)
    TAMPER_IRQHandler                        0x080001fb   Thumb Code     0  startup_stm32f103xe.o(.text)
    TIM1_BRK_IRQHandler                      0x080001fb   Thumb Code     0  startup_stm32f103xe.o(.text)
    TIM1_CC_IRQHandler                       0x080001fb   Thumb Code     0  startup_stm32f103xe.o(.text)
    TIM1_TRG_COM_IRQHandler                  0x080001fb   Thumb Code     0  startup_stm32f103xe.o(.text)
    TIM1_UP_IRQHandler                       0x080001fb   Thumb Code     0  startup_stm32f103xe.o(.text)
    TIM2_IRQHandler                          0x080001fb   Thumb Code     0  startup_stm32f103xe.o(.text)
    TIM3_IRQHandler                          0x080001fb   Thumb Code     0  startup_stm32f103xe.o(.text)
    TIM5_IRQHandler                          0x080001fb   Thumb Code     0  startup_stm32f103xe.o(.text)
    TIM7_IRQHandler                          0x080001fb   Thumb Code     0  startup_stm32f103xe.o(.text)
    TIM8_BRK_IRQHandler                      0x080001fb   Thumb Code     0  startup_stm32f103xe.o(.text)
    TIM8_CC_IRQHandler                       0x080001fb   Thumb Code     0  startup_stm32f103xe.o(.text)
    TIM8_TRG_COM_IRQHandler                  0x080001fb   Thumb Code     0  startup_stm32f103xe.o(.text)
    TIM8_UP_IRQHandler                       0x080001fb   Thumb Code     0  startup_stm32f103xe.o(.text)
    UART4_IRQHandler                         0x080001fb   Thumb Code     0  startup_stm32f103xe.o(.text)
    UART5_IRQHandler                         0x080001fb   Thumb Code     0  startup_stm32f103xe.o(.text)
    USBWakeUp_IRQHandler                     0x080001fb   Thumb Code     0  startup_stm32f103xe.o(.text)
    WWDG_IRQHandler                          0x080001fb   Thumb Code     0  startup_stm32f103xe.o(.text)
    __aeabi_llsr                             0x08000205   Thumb Code    32  llushr.o(.text)
    _ll_ushift_r                             0x08000205   Thumb Code     0  llushr.o(.text)
    __aeabi_memcpy                           0x08000225   Thumb Code    36  memcpya.o(.text)
    __aeabi_memcpy4                          0x08000225   Thumb Code     0  memcpya.o(.text)
    __aeabi_memcpy8                          0x08000225   Thumb Code     0  memcpya.o(.text)
    __aeabi_memset                           0x08000249   Thumb Code    14  memseta.o(.text)
    __aeabi_memset4                          0x08000249   Thumb Code     0  memseta.o(.text)
    __aeabi_memset8                          0x08000249   Thumb Code     0  memseta.o(.text)
    __aeabi_memclr                           0x08000257   Thumb Code     4  memseta.o(.text)
    __aeabi_memclr4                          0x08000257   Thumb Code     0  memseta.o(.text)
    __aeabi_memclr8                          0x08000257   Thumb Code     0  memseta.o(.text)
    memset                                   0x0800025b   Thumb Code    18  memseta.o(.text)
    strlen                                   0x0800026d   Thumb Code    14  strlen.o(.text)
    strcpy                                   0x0800027b   Thumb Code    18  strcpy.o(.text)
    __aeabi_dadd                             0x0800028d   Thumb Code   322  dadd.o(.text)
    __aeabi_dsub                             0x080003cf   Thumb Code     6  dadd.o(.text)
    __aeabi_drsub                            0x080003d5   Thumb Code     6  dadd.o(.text)
    __aeabi_dmul                             0x080003db   Thumb Code   228  dmul.o(.text)
    __aeabi_ddiv                             0x080004bf   Thumb Code   222  ddiv.o(.text)
    __aeabi_uidiv                            0x0800059d   Thumb Code     0  uidiv.o(.text)
    __aeabi_uidivmod                         0x0800059d   Thumb Code    44  uidiv.o(.text)
    __aeabi_uldivmod                         0x080005c9   Thumb Code    98  uldiv.o(.text)
    __aeabi_llsl                             0x0800062b   Thumb Code    30  llshl.o(.text)
    _ll_shift_l                              0x0800062b   Thumb Code     0  llshl.o(.text)
    __aeabi_lasr                             0x08000649   Thumb Code    36  llsshr.o(.text)
    _ll_sshift_r                             0x08000649   Thumb Code     0  llsshr.o(.text)
    __I$use$fp                               0x0800066d   Thumb Code     0  iusefp.o(.text)
    _double_round                            0x0800066d   Thumb Code    30  depilogue.o(.text)
    _double_epilogue                         0x0800068b   Thumb Code   156  depilogue.o(.text)
    __aeabi_d2ulz                            0x08000727   Thumb Code    48  dfixul.o(.text)
    __aeabi_cdrcmple                         0x08000759   Thumb Code    48  cdrcmple.o(.text)
    __scatterload                            0x08000789   Thumb Code    28  init.o(.text)
    __scatterload_rt2                        0x08000789   Thumb Code     0  init.o(.text)
    BusFault_Handler                         0x080007ad   Thumb Code     4  stm32f1xx_it.o(i.BusFault_Handler)
    CAN1_RX1_IRQHandler                      0x080007b1   Thumb Code    10  stm32f1xx_it.o(i.CAN1_RX1_IRQHandler)
    CAN1_SCE_IRQHandler                      0x080007c1   Thumb Code    10  stm32f1xx_it.o(i.CAN1_SCE_IRQHandler)
    DMA1_Channel2_IRQHandler                 0x080007d1   Thumb Code    10  stm32f1xx_it.o(i.DMA1_Channel2_IRQHandler)
    DMA1_Channel3_IRQHandler                 0x080007e1   Thumb Code    10  stm32f1xx_it.o(i.DMA1_Channel3_IRQHandler)
    DMA1_Channel4_IRQHandler                 0x080007f1   Thumb Code    10  stm32f1xx_it.o(i.DMA1_Channel4_IRQHandler)
    DMA1_Channel5_IRQHandler                 0x08000801   Thumb Code    10  stm32f1xx_it.o(i.DMA1_Channel5_IRQHandler)
    DMA1_Channel6_IRQHandler                 0x08000811   Thumb Code    10  stm32f1xx_it.o(i.DMA1_Channel6_IRQHandler)
    DebugMon_Handler                         0x0800084d   Thumb Code     2  stm32f1xx_it.o(i.DebugMon_Handler)
    Error_Handler                            0x0800084f   Thumb Code     6  main.o(i.Error_Handler)
    HAL_CAN_ActivateNotification             0x08000855   Thumb Code    42  stm32f1xx_hal_can.o(i.HAL_CAN_ActivateNotification)
    HAL_CAN_AddTxMessage                     0x0800087f   Thumb Code   330  stm32f1xx_hal_can.o(i.HAL_CAN_AddTxMessage)
    HAL_CAN_ConfigFilter                     0x080009c9   Thumb Code   266  stm32f1xx_hal_can.o(i.HAL_CAN_ConfigFilter)
    HAL_CAN_ErrorCallback                    0x08000ad5   Thumb Code    18  drv_can.o(i.HAL_CAN_ErrorCallback)
    HAL_CAN_GetRxMessage                     0x08000af1   Thumb Code   404  stm32f1xx_hal_can.o(i.HAL_CAN_GetRxMessage)
    HAL_CAN_GetTxMailboxesFreeLevel          0x08000c85   Thumb Code    54  stm32f1xx_hal_can.o(i.HAL_CAN_GetTxMailboxesFreeLevel)
    HAL_CAN_IRQHandler                       0x08000cbb   Thumb Code   590  stm32f1xx_hal_can.o(i.HAL_CAN_IRQHandler)
    HAL_CAN_Init                             0x08000f09   Thumb Code   372  stm32f1xx_hal_can.o(i.HAL_CAN_Init)
    HAL_CAN_MspInit                          0x0800107d   Thumb Code   208  can.o(i.HAL_CAN_MspInit)
    HAL_CAN_RxFifo0FullCallback              0x0800115d   Thumb Code     2  stm32f1xx_hal_can.o(i.HAL_CAN_RxFifo0FullCallback)
    HAL_CAN_RxFifo0MsgPendingCallback        0x08001161   Thumb Code    44  drv_can.o(i.HAL_CAN_RxFifo0MsgPendingCallback)
    HAL_CAN_RxFifo1FullCallback              0x08001195   Thumb Code     2  stm32f1xx_hal_can.o(i.HAL_CAN_RxFifo1FullCallback)
    HAL_CAN_RxFifo1MsgPendingCallback        0x08001197   Thumb Code     2  stm32f1xx_hal_can.o(i.HAL_CAN_RxFifo1MsgPendingCallback)
    HAL_CAN_SleepCallback                    0x08001199   Thumb Code     2  stm32f1xx_hal_can.o(i.HAL_CAN_SleepCallback)
    HAL_CAN_Start                            0x0800119b   Thumb Code    94  stm32f1xx_hal_can.o(i.HAL_CAN_Start)
    HAL_CAN_TxMailbox0AbortCallback          0x080011f9   Thumb Code     2  stm32f1xx_hal_can.o(i.HAL_CAN_TxMailbox0AbortCallback)
    HAL_CAN_TxMailbox0CompleteCallback       0x080011fd   Thumb Code    18  drv_can.o(i.HAL_CAN_TxMailbox0CompleteCallback)
    HAL_CAN_TxMailbox1AbortCallback          0x08001219   Thumb Code     2  stm32f1xx_hal_can.o(i.HAL_CAN_TxMailbox1AbortCallback)
    HAL_CAN_TxMailbox1CompleteCallback       0x0800121d   Thumb Code    18  drv_can.o(i.HAL_CAN_TxMailbox1CompleteCallback)
    HAL_CAN_TxMailbox2AbortCallback          0x08001239   Thumb Code     2  stm32f1xx_hal_can.o(i.HAL_CAN_TxMailbox2AbortCallback)
    HAL_CAN_TxMailbox2CompleteCallback       0x0800123d   Thumb Code    18  drv_can.o(i.HAL_CAN_TxMailbox2CompleteCallback)
    HAL_CAN_WakeUpFromRxMsgCallback          0x08001259   Thumb Code     2  stm32f1xx_hal_can.o(i.HAL_CAN_WakeUpFromRxMsgCallback)
    HAL_DMA_Abort                            0x0800125b   Thumb Code    86  stm32f1xx_hal_dma.o(i.HAL_DMA_Abort)
    HAL_DMA_Abort_IT                         0x080012b1   Thumb Code   414  stm32f1xx_hal_dma.o(i.HAL_DMA_Abort_IT)
    HAL_DMA_IRQHandler                       0x08001459   Thumb Code   910  stm32f1xx_hal_dma.o(i.HAL_DMA_IRQHandler)
    HAL_DMA_Init                             0x080017f1   Thumb Code   132  stm32f1xx_hal_dma.o(i.HAL_DMA_Init)
    HAL_DMA_Start                            0x0800187d   Thumb Code   114  stm32f1xx_hal_dma.o(i.HAL_DMA_Start)
    HAL_DMA_Start_IT                         0x080018ef   Thumb Code   156  stm32f1xx_hal_dma.o(i.HAL_DMA_Start_IT)
    HAL_GPIO_Init                            0x0800198d   Thumb Code   792  stm32f1xx_hal_gpio.o(i.HAL_GPIO_Init)
    HAL_GPIO_TogglePin                       0x08001ccd   Thumb Code    20  stm32f1xx_hal_gpio.o(i.HAL_GPIO_TogglePin)
    HAL_GPIO_WritePin                        0x08001ce1   Thumb Code    12  stm32f1xx_hal_gpio.o(i.HAL_GPIO_WritePin)
    HAL_GetTick                              0x08001ced   Thumb Code     6  stm32f1xx_hal.o(i.HAL_GetTick)
    HAL_IncTick                              0x08001cf9   Thumb Code    16  stm32f1xx_hal.o(i.HAL_IncTick)
    HAL_Init                                 0x08001d11   Thumb Code    34  stm32f1xx_hal.o(i.HAL_Init)
    HAL_InitTick                             0x08001d39   Thumb Code   158  stm32f1xx_hal_timebase_tim.o(i.HAL_InitTick)
    HAL_MspInit                              0x08001ded   Thumb Code    86  stm32f1xx_hal_msp.o(i.HAL_MspInit)
    HAL_NVIC_EnableIRQ                       0x08001e4d   Thumb Code    32  stm32f1xx_hal_cortex.o(i.HAL_NVIC_EnableIRQ)
    HAL_NVIC_SetPriority                     0x08001e6d   Thumb Code   124  stm32f1xx_hal_cortex.o(i.HAL_NVIC_SetPriority)
    HAL_NVIC_SetPriorityGrouping             0x08001ee9   Thumb Code    32  stm32f1xx_hal_cortex.o(i.HAL_NVIC_SetPriorityGrouping)
    HAL_PCD_DataInStageCallback              0x08001f11   Thumb Code     2  stm32f1xx_hal_pcd.o(i.HAL_PCD_DataInStageCallback)
    HAL_PCD_DataOutStageCallback             0x08001f13   Thumb Code     2  stm32f1xx_hal_pcd.o(i.HAL_PCD_DataOutStageCallback)
    HAL_PCD_IRQHandler                       0x080025ab   Thumb Code   460  stm32f1xx_hal_pcd.o(i.HAL_PCD_IRQHandler)
    HAL_PCD_Init                             0x08002777   Thumb Code   330  stm32f1xx_hal_pcd.o(i.HAL_PCD_Init)
    HAL_PCD_MspInit                          0x080028c1   Thumb Code    74  usb.o(i.HAL_PCD_MspInit)
    HAL_PCD_ResetCallback                    0x08002915   Thumb Code     2  stm32f1xx_hal_pcd.o(i.HAL_PCD_ResetCallback)
    HAL_PCD_ResumeCallback                   0x08002917   Thumb Code     2  stm32f1xx_hal_pcd.o(i.HAL_PCD_ResumeCallback)
    HAL_PCD_SOFCallback                      0x08002919   Thumb Code     2  stm32f1xx_hal_pcd.o(i.HAL_PCD_SOFCallback)
    HAL_PCD_SetAddress                       0x0800291b   Thumb Code    54  stm32f1xx_hal_pcd.o(i.HAL_PCD_SetAddress)
    HAL_PCD_SetupStageCallback               0x08002951   Thumb Code     2  stm32f1xx_hal_pcd.o(i.HAL_PCD_SetupStageCallback)
    HAL_PCD_SuspendCallback                  0x08002953   Thumb Code     2  stm32f1xx_hal_pcd.o(i.HAL_PCD_SuspendCallback)
    HAL_RCCEx_PeriphCLKConfig                0x08002955   Thumb Code   290  stm32f1xx_hal_rcc_ex.o(i.HAL_RCCEx_PeriphCLKConfig)
    HAL_RCC_ClockConfig                      0x08002a85   Thumb Code   376  stm32f1xx_hal_rcc.o(i.HAL_RCC_ClockConfig)
    HAL_RCC_GetClockConfig                   0x08002c11   Thumb Code    58  stm32f1xx_hal_rcc.o(i.HAL_RCC_GetClockConfig)
    HAL_RCC_GetHCLKFreq                      0x08002c55   Thumb Code     6  stm32f1xx_hal_rcc.o(i.HAL_RCC_GetHCLKFreq)
    HAL_RCC_GetPCLK1Freq                     0x08002c61   Thumb Code    22  stm32f1xx_hal_rcc.o(i.HAL_RCC_GetPCLK1Freq)
    HAL_RCC_GetPCLK2Freq                     0x08002c81   Thumb Code    22  stm32f1xx_hal_rcc.o(i.HAL_RCC_GetPCLK2Freq)
    HAL_RCC_GetSysClockFreq                  0x08002ca1   Thumb Code    92  stm32f1xx_hal_rcc.o(i.HAL_RCC_GetSysClockFreq)
    HAL_RCC_OscConfig                        0x08002d11   Thumb Code  1114  stm32f1xx_hal_rcc.o(i.HAL_RCC_OscConfig)
    HAL_SPI_Init                             0x08003175   Thumb Code   190  stm32f1xx_hal_spi.o(i.HAL_SPI_Init)
    HAL_SPI_MspInit                          0x08003235   Thumb Code   226  spi.o(i.HAL_SPI_MspInit)
    HAL_TIMEx_BreakCallback                  0x0800332d   Thumb Code     2  stm32f1xx_hal_tim_ex.o(i.HAL_TIMEx_BreakCallback)
    HAL_TIMEx_CommutCallback                 0x0800332f   Thumb Code     2  stm32f1xx_hal_tim_ex.o(i.HAL_TIMEx_CommutCallback)
    HAL_TIMEx_MasterConfigSynchronization    0x08003331   Thumb Code   134  stm32f1xx_hal_tim_ex.o(i.HAL_TIMEx_MasterConfigSynchronization)
    HAL_TIM_Base_Init                        0x080033cd   Thumb Code   102  stm32f1xx_hal_tim.o(i.HAL_TIM_Base_Init)
    HAL_TIM_Base_MspInit                     0x08003435   Thumb Code    58  tim.o(i.HAL_TIM_Base_MspInit)
    HAL_TIM_Base_Start_IT                    0x08003479   Thumb Code   122  stm32f1xx_hal_tim.o(i.HAL_TIM_Base_Start_IT)
    HAL_TIM_ConfigClockSource                0x08003509   Thumb Code   268  stm32f1xx_hal_tim.o(i.HAL_TIM_ConfigClockSource)
    HAL_TIM_IC_CaptureCallback               0x08003615   Thumb Code     2  stm32f1xx_hal_tim.o(i.HAL_TIM_IC_CaptureCallback)
    HAL_TIM_IRQHandler                       0x08003617   Thumb Code   406  stm32f1xx_hal_tim.o(i.HAL_TIM_IRQHandler)
    HAL_TIM_OC_DelayElapsedCallback          0x080037ad   Thumb Code     2  stm32f1xx_hal_tim.o(i.HAL_TIM_OC_DelayElapsedCallback)
    HAL_TIM_PWM_PulseFinishedCallback        0x080037af   Thumb Code     2  stm32f1xx_hal_tim.o(i.HAL_TIM_PWM_PulseFinishedCallback)
    HAL_TIM_PeriodElapsedCallback            0x080037b1   Thumb Code    18  main.o(i.HAL_TIM_PeriodElapsedCallback)
    HAL_TIM_TriggerCallback                  0x080037c9   Thumb Code     2  stm32f1xx_hal_tim.o(i.HAL_TIM_TriggerCallback)
    HAL_UARTEx_RxEventCallback               0x080037cb   Thumb Code     2  stm32f1xx_hal_uart.o(i.HAL_UARTEx_RxEventCallback)
    HAL_UART_ErrorCallback                   0x080037cd   Thumb Code     2  stm32f1xx_hal_uart.o(i.HAL_UART_ErrorCallback)
    HAL_UART_IRQHandler                      0x080037d1   Thumb Code   736  stm32f1xx_hal_uart.o(i.HAL_UART_IRQHandler)
    HAL_UART_Init                            0x08003ab5   Thumb Code   118  stm32f1xx_hal_uart.o(i.HAL_UART_Init)
    HAL_UART_MspInit                         0x08003b2d   Thumb Code   668  usart.o(i.HAL_UART_MspInit)
    HAL_UART_Receive_DMA                     0x08003dfd   Thumb Code    44  stm32f1xx_hal_uart.o(i.HAL_UART_Receive_DMA)
    HAL_UART_RxCpltCallback                  0x08003e29   Thumb Code    36  drv_uart.o(i.HAL_UART_RxCpltCallback)
    HAL_UART_RxHalfCpltCallback              0x08003e5d   Thumb Code    36  drv_uart.o(i.HAL_UART_RxHalfCpltCallback)
    HAL_UART_Transmit_DMA                    0x08003e91   Thumb Code   128  stm32f1xx_hal_uart.o(i.HAL_UART_Transmit_DMA)
    HAL_UART_TxCpltCallback                  0x08003f1d   Thumb Code    32  drv_uart.o(i.HAL_UART_TxCpltCallback)
    HAL_UART_TxHalfCpltCallback              0x08003f4d   Thumb Code     2  stm32f1xx_hal_uart.o(i.HAL_UART_TxHalfCpltCallback)
    HardFault_Handler                        0x08003f4f   Thumb Code     4  stm32f1xx_it.o(i.HardFault_Handler)
    MX_CAN_Init                              0x08003f55   Thumb Code    62  can.o(i.MX_CAN_Init)
    MX_DMA_Init                              0x08003f9d   Thumb Code   112  dma.o(i.MX_DMA_Init)
    MX_FREERTOS_Init                         0x08004011   Thumb Code    38  freertos.o(i.MX_FREERTOS_Init)
    MX_GPIO_Init                             0x08004059   Thumb Code   268  gpio.o(i.MX_GPIO_Init)
    MX_SPI1_Init                             0x08004175   Thumb Code    60  spi.o(i.MX_SPI1_Init)
    MX_SPI2_Init                             0x080041b9   Thumb Code    58  spi.o(i.MX_SPI2_Init)
    MX_TIM4_Init                             0x080041fd   Thumb Code   102  tim.o(i.MX_TIM4_Init)
    MX_USART1_UART_Init                      0x0800426d   Thumb Code    46  usart.o(i.MX_USART1_UART_Init)
    MX_USART2_UART_Init                      0x080042a5   Thumb Code    50  usart.o(i.MX_USART2_UART_Init)
    MX_USART3_UART_Init                      0x080042e5   Thumb Code    46  usart.o(i.MX_USART3_UART_Init)
    MX_USB_PCD_Init                          0x0800431d   Thumb Code    38  usb.o(i.MX_USB_PCD_Init)
    MemManage_Handler                        0x0800434d   Thumb Code     4  stm32f1xx_it.o(i.MemManage_Handler)
    NMI_Handler                              0x08004351   Thumb Code     4  stm32f1xx_it.o(i.NMI_Handler)
    SysTick_Handler                          0x08004871   Thumb Code    46  port.o(i.SysTick_Handler)
    SystemClock_Config                       0x080048a5   Thumb Code   130  main.o(i.SystemClock_Config)
    SystemInit                               0x08004927   Thumb Code     2  system_stm32f1xx.o(i.SystemInit)
    SystemServiceTask                        0x08004929   Thumb Code    24  init.o(i.SystemServiceTask)
    TIM4_IRQHandler                          0x08004941   Thumb Code    44  stm32f1xx_it.o(i.TIM4_IRQHandler)
    TIM4_PeriodElapsedCallback               0x08004971   Thumb Code     2  stm32f1xx_it.o(i.TIM4_PeriodElapsedCallback)
    TIM6_IRQHandler                          0x08004975   Thumb Code    10  stm32f1xx_it.o(i.TIM6_IRQHandler)
    TIM_Base_SetConfig                       0x08004985   Thumb Code   134  stm32f1xx_hal_tim.o(i.TIM_Base_SetConfig)
    TIM_ETR_SetConfig                        0x08004a21   Thumb Code    22  stm32f1xx_hal_tim.o(i.TIM_ETR_SetConfig)
    TimerISR_Hook                            0x08004a99   Thumb Code    50  soft_timer.o(i.TimerISR_Hook)
    UART_Receive_DMA_No_IT                   0x08004d25   Thumb Code   102  drv_t12.o(i.UART_Receive_DMA_No_IT)
    UART_Start_Receive_DMA                   0x08004f85   Thumb Code   186  stm32f1xx_hal_uart.o(i.UART_Start_Receive_DMA)
    USART1_IRQHandler                        0x080050ad   Thumb Code    14  stm32f1xx_it.o(i.USART1_IRQHandler)
    USART2_IRQHandler                        0x080050c1   Thumb Code    16  stm32f1xx_it.o(i.USART2_IRQHandler)
    USART3_IRQHandler                        0x080050d5   Thumb Code    10  stm32f1xx_it.o(i.USART3_IRQHandler)
    USB_CoreInit                             0x080050e5   Thumb Code     8  stm32f1xx_ll_usb.o(i.USB_CoreInit)
    USB_DevDisconnect                        0x080050ed   Thumb Code     6  stm32f1xx_ll_usb.o(i.USB_DevDisconnect)
    USB_DevInit                              0x080050f3   Thumb Code    22  stm32f1xx_ll_usb.o(i.USB_DevInit)
    USB_DisableGlobalInt                     0x08005109   Thumb Code    20  stm32f1xx_ll_usb.o(i.USB_DisableGlobalInt)
    USB_EPStartXfer                          0x0800511d   Thumb Code  2640  stm32f1xx_ll_usb.o(i.USB_EPStartXfer)
    USB_HP_CAN1_TX_IRQHandler                0x08005b6d   Thumb Code    16  stm32f1xx_it.o(i.USB_HP_CAN1_TX_IRQHandler)
    USB_LP_CAN1_RX0_IRQHandler               0x08005b85   Thumb Code    16  stm32f1xx_it.o(i.USB_LP_CAN1_RX0_IRQHandler)
    USB_ReadInterrupts                       0x08005b9d   Thumb Code     8  stm32f1xx_ll_usb.o(i.USB_ReadInterrupts)
    USB_ReadPMA                              0x08005ba5   Thumb Code    74  stm32f1xx_ll_usb.o(i.USB_ReadPMA)
    USB_SetCurrentMode                       0x08005bef   Thumb Code     6  stm32f1xx_ll_usb.o(i.USB_SetCurrentMode)
    USB_SetDevAddress                        0x08005bf5   Thumb Code    14  stm32f1xx_ll_usb.o(i.USB_SetDevAddress)
    USB_WritePMA                             0x08005c03   Thumb Code    64  stm32f1xx_ll_usb.o(i.USB_WritePMA)
    UsageFault_Handler                       0x08005c43   Thumb Code     4  stm32f1xx_it.o(i.UsageFault_Handler)
    __0snprintf                              0x08005c49   Thumb Code    48  printfa.o(i.__0snprintf)
    __1snprintf                              0x08005c49   Thumb Code     0  printfa.o(i.__0snprintf)
    __2snprintf                              0x08005c49   Thumb Code     0  printfa.o(i.__0snprintf)
    __c89snprintf                            0x08005c49   Thumb Code     0  printfa.o(i.__0snprintf)
    snprintf                                 0x08005c49   Thumb Code     0  printfa.o(i.__0snprintf)
    __0vsnprintf                             0x08005c7d   Thumb Code    46  printfa.o(i.__0vsnprintf)
    __1vsnprintf                             0x08005c7d   Thumb Code     0  printfa.o(i.__0vsnprintf)
    __2vsnprintf                             0x08005c7d   Thumb Code     0  printfa.o(i.__0vsnprintf)
    __c89vsnprintf                           0x08005c7d   Thumb Code     0  printfa.o(i.__0vsnprintf)
    vsnprintf                                0x08005c7d   Thumb Code     0  printfa.o(i.__0vsnprintf)
    __scatterload_copy                       0x08005cfb   Thumb Code    14  handlers.o(i.__scatterload_copy)
    __scatterload_null                       0x08005d09   Thumb Code     2  handlers.o(i.__scatterload_null)
    __scatterload_zeroinit                   0x08005d0b   Thumb Code    14  handlers.o(i.__scatterload_zeroinit)
    board_config                             0x080065c1   Thumb Code    66  board.o(i.board_config)
    can_fifo0_rx_callback_register           0x080066c1   Thumb Code     8  drv_can.o(i.can_fifo0_rx_callback_register)
    can_manage_init                          0x080066c9   Thumb Code   146  drv_can.o(i.can_manage_init)
    can_msg_bytes_send                       0x08006769   Thumb Code   204  drv_can.o(i.can_msg_bytes_send)
    can_rx_callback                          0x0800683d   Thumb Code   314  board.o(i.can_rx_callback)
    can_std_transmit                         0x080069d5   Thumb Code    22  drv_can.o(i.can_std_transmit)
    chassisTask                              0x08006a6d   Thumb Code    58  chassis_task.o(i.chassisTask)
    chassis_init                             0x08006aad   Thumb Code   178  chassis_task.o(i.chassis_init)
    device_init                              0x08006ba5   Thumb Code   382  device.o(i.device_init)
    drv_io_init                              0x08006db9   Thumb Code   180  drv_io.o(i.drv_io_init)
    fifo_get                                 0x08006e79   Thumb Code    90  fifo.o(i.fifo_get)
    fifo_get_noprotect                       0x08006ed3   Thumb Code    62  fifo.o(i.fifo_get_noprotect)
    fifo_init                                0x08006f11   Thumb Code    34  fifo.o(i.fifo_init)
    fifo_is_empty                            0x08006f33   Thumb Code    14  fifo.o(i.fifo_is_empty)
    fifo_is_full                             0x08006f41   Thumb Code    14  fifo.o(i.fifo_is_full)
    fifo_put                                 0x08006f4f   Thumb Code    90  fifo.o(i.fifo_put)
    fifo_s_gets                              0x08006fa9   Thumb Code   160  fifo.o(i.fifo_s_gets)
    fifo_s_init                              0x08007049   Thumb Code    28  fifo.o(i.fifo_s_init)
    fifo_s_puts                              0x08007065   Thumb Code   166  fifo.o(i.fifo_s_puts)
    get_device_information                   0x0800710d   Thumb Code     4  device.o(i.get_device_information)
    get_global_log_level                     0x08007115   Thumb Code     6  log.o(i.get_global_log_level)
    get_time_ms                              0x080073c7   Thumb Code     8  sys.o(i.get_time_ms)
    hw_init                                  0x080073cf   Thumb Code     8  init.o(i.hw_init)
    io_device_register                       0x080073d9   Thumb Code   186  sw_ft.o(i.io_device_register)
    log_printf                               0x080074fd   Thumb Code    52  log.o(i.log_printf)
    log_printf_to_buffer                     0x08007531   Thumb Code    40  log.o(i.log_printf_to_buffer)
    main                                     0x08007559   Thumb Code    64  main.o(i.main)
    motor_can_send_register                  0x08007599   Thumb Code   162  motor.o(i.motor_can_send_register)
    motor_canstd_send                        0x080076a9   Thumb Code    22  motor.o(i.motor_canstd_send)
    motor_fill_data_output                   0x080076c1   Thumb Code   174  motor.o(i.motor_fill_data_output)
    motor_register                           0x08007779   Thumb Code   332  motor.o(i.motor_register)
    motor_set_can_send_flag                  0x08007945   Thumb Code   172  motor.o(i.motor_set_can_send_flag)
    motor_set_speed                          0x08007a61   Thumb Code   168  motor.o(i.motor_set_speed)
    osDelayUntil                             0x08007b79   Thumb Code    58  cmsis_os2.o(i.osDelayUntil)
    osKernelInitialize                       0x08007bb9   Thumb Code    58  cmsis_os2.o(i.osKernelInitialize)
    osKernelStart                            0x08007bf9   Thumb Code    64  cmsis_os2.o(i.osKernelStart)
    osThreadNew                              0x08007c3d   Thumb Code   216  cmsis_os2.o(i.osThreadNew)
    pvPortMalloc                             0x080086e5   Thumb Code   296  heap_4.o(i.pvPortMalloc)
    pxPortInitialiseStack                    0x08008821   Thumb Code    30  port.o(i.pxPortInitialiseStack)
    rc_device_date_update                    0x08008845   Thumb Code    34  sbus.o(i.rc_device_date_update)
    rc_device_register                       0x08008869   Thumb Code   190  sbus.o(i.rc_device_register)
    soft_timer_FreeRTOS_init                 0x0800899d   Thumb Code    18  os_timer.o(i.soft_timer_FreeRTOS_init)
    soft_timer_check                         0x080089bd   Thumb Code    66  soft_timer.o(i.soft_timer_check)
    soft_timer_init                          0x08008a05   Thumb Code    32  soft_timer.o(i.soft_timer_init)
    soft_timer_update                        0x08008a29   Thumb Code    74  soft_timer.o(i.soft_timer_update)
    sys_init                                 0x08008a79   Thumb Code     8  init.o(i.sys_init)
    systemLedTask                            0x08008a81   Thumb Code    22  freertos.o(i.systemLedTask)
    t12_rx_data_by_uart                      0x08008a9d   Thumb Code    18  board.o(i.t12_rx_data_by_uart)
    t12_uart_init                            0x08008ab5   Thumb Code    42  drv_t12.o(i.t12_uart_init)
    t12_uart_rx_data_handle                  0x08008af1   Thumb Code   128  drv_t12.o(i.t12_uart_rx_data_handle)
    task_init                                0x08008b7d   Thumb Code     8  init.o(i.task_init)
    timer_task                               0x08008b85   Thumb Code    98  os_timer.o(i.timer_task)
    usart1_idle_callback                     0x08008bed   Thumb Code    52  drv_uart.o(i.usart1_idle_callback)
    usart1_manage_init                       0x08008c29   Thumb Code    92  drv_uart.o(i.usart1_manage_init)
    usart1_transmit                          0x08008c9d   Thumb Code    18  drv_uart.o(i.usart1_transmit)
    usart3_manage_init                       0x08008cb5   Thumb Code    92  drv_uart.o(i.usart3_manage_init)
    usart_transmit                           0x08008d97   Thumb Code   148  drv_uart.o(i.usart_transmit)
    uxListRemove                             0x08008e6b   Thumb Code    40  list.o(i.uxListRemove)
    vApplicationGetIdleTaskMemory            0x08008e95   Thumb Code    14  cmsis_os2.o(i.vApplicationGetIdleTaskMemory)
    vApplicationGetTimerTaskMemory           0x08008ead   Thumb Code    16  cmsis_os2.o(i.vApplicationGetTimerTaskMemory)
    vListInitialise                          0x08008ec5   Thumb Code    26  list.o(i.vListInitialise)
    vListInitialiseItem                      0x08008edf   Thumb Code     6  list.o(i.vListInitialiseItem)
    vListInsert                              0x08008ee5   Thumb Code    52  list.o(i.vListInsert)
    vListInsertEnd                           0x08008f19   Thumb Code    24  list.o(i.vListInsertEnd)
    vPortEnterCritical                       0x08008f31   Thumb Code    76  port.o(i.vPortEnterCritical)
    vPortExitCritical                        0x08008f85   Thumb Code    56  port.o(i.vPortExitCritical)
    vPortFree                                0x08008fc1   Thumb Code   140  heap_4.o(i.vPortFree)
    vPortSetupTimerInterrupt                 0x08009055   Thumb Code    36  port.o(i.vPortSetupTimerInterrupt)
    vPortValidateInterruptPriority           0x0800907d   Thumb Code   106  port.o(i.vPortValidateInterruptPriority)
    vQueueAddToRegistry                      0x080090f5   Thumb Code    38  queue.o(i.vQueueAddToRegistry)
    vQueueWaitForMessageRestricted           0x08009121   Thumb Code    74  queue.o(i.vQueueWaitForMessageRestricted)
    vTaskDelay                               0x0800916d   Thumb Code    82  tasks.o(i.vTaskDelay)
    vTaskDelayUntil                          0x080091c9   Thumb Code   200  tasks.o(i.vTaskDelayUntil)
    vTaskInternalSetTimeOutState             0x0800929d   Thumb Code    14  tasks.o(i.vTaskInternalSetTimeOutState)
    vTaskMissedYield                         0x080092b5   Thumb Code     8  tasks.o(i.vTaskMissedYield)
    vTaskPlaceOnEventList                    0x080092c1   Thumb Code    52  tasks.o(i.vTaskPlaceOnEventList)
    vTaskPlaceOnEventListRestricted          0x080092f9   Thumb Code    60  tasks.o(i.vTaskPlaceOnEventListRestricted)
    vTaskStartScheduler                      0x08009339   Thumb Code   156  tasks.o(i.vTaskStartScheduler)
    vTaskSuspendAll                          0x080093f1   Thumb Code    12  tasks.o(i.vTaskSuspendAll)
    vTaskSwitchContext                       0x08009401   Thumb Code   122  tasks.o(i.vTaskSwitchContext)
    xPortStartScheduler                      0x08009491   Thumb Code   228  port.o(i.xPortStartScheduler)
    xQueueGenericCreateStatic                0x08009589   Thumb Code   222  queue.o(i.xQueueGenericCreateStatic)
    xQueueGenericReset                       0x08009669   Thumb Code   146  queue.o(i.xQueueGenericReset)
    xQueueGenericSend                        0x08009701   Thumb Code   420  queue.o(i.xQueueGenericSend)
    xQueueGenericSendFromISR                 0x080098a9   Thumb Code   248  queue.o(i.xQueueGenericSendFromISR)
    xQueueReceive                            0x080099a1   Thumb Code   356  queue.o(i.xQueueReceive)
    xTaskCheckForTimeOut                     0x08009b09   Thumb Code   132  tasks.o(i.xTaskCheckForTimeOut)
    xTaskCreate                              0x08009b95   Thumb Code   100  tasks.o(i.xTaskCreate)
    xTaskCreateStatic                        0x08009bf9   Thumb Code   184  tasks.o(i.xTaskCreateStatic)
    xTaskGetSchedulerState                   0x08009cb1   Thumb Code    24  tasks.o(i.xTaskGetSchedulerState)
    xTaskGetTickCount                        0x08009cd1   Thumb Code     6  tasks.o(i.xTaskGetTickCount)
    xTaskIncrementTick                       0x08009cdd   Thumb Code   280  tasks.o(i.xTaskIncrementTick)
    xTaskPriorityDisinherit                  0x08009e21   Thumb Code   152  tasks.o(i.xTaskPriorityDisinherit)
    xTaskRemoveFromEventList                 0x08009ec5   Thumb Code   126  tasks.o(i.xTaskRemoveFromEventList)
    xTaskResumeAll                           0x08009f5d   Thumb Code   222  tasks.o(i.xTaskResumeAll)
    xTimerCreateTimerTask                    0x0800a061   Thumb Code   100  timers.o(i.xTimerCreateTimerTask)
    xTimerGenericCommand                     0x0800a0d9   Thumb Code   128  timers.o(i.xTimerGenericCommand)
    systemService_attributes                 0x0800a15c   Data          36  freertos.o(.constdata)
    AHBPrescTable                            0x0800a192   Data          16  system_stm32f1xx.o(.constdata)
    APBPrescTable                            0x0800a1a2   Data           8  system_stm32f1xx.o(.constdata)
    timer_task_attr                          0x0800a1ac   Data          36  os_timer.o(.constdata)
    Region$$Table$$Base                      0x0800a23c   Number         0  anon$$obj.o(Region$$Table)
    Region$$Table$$Limit                     0x0800a25c   Number         0  anon$$obj.o(Region$$Table)
    systemServiceHandle                      0x20000000   Data           4  freertos.o(.data)
    systemledHandle                          0x20000004   Data           4  freertos.o(.data)
    uwTick                                   0x20000008   Data           4  stm32f1xx_hal.o(.data)
    uwTickPrio                               0x2000000c   Data           4  stm32f1xx_hal.o(.data)
    uwTickFreq                               0x20000010   Data           1  stm32f1xx_hal.o(.data)
    SystemCoreClock                          0x20000014   Data           4  system_stm32f1xx.o(.data)
    pxCurrentTCB                             0x20000018   Data           4  tasks.o(.data)
    chassisTaskHandle                        0x20000090   Data           4  chassis_task.o(.data)
    device_name                              0x20000094   Data          20  device.o(.data)
    t12_rx_callback                          0x200000b4   Data           4  drv_t12.o(.data)
    t12_forword_callback                     0x200000b8   Data           4  drv_t12.o(.data)
    LOG_LEVEL_TAGS                           0x200000bc   Data          24  log.o(.data)
    log_level                                0x200000d4   Data           1  log.o(.data)
    timer_task_t                             0x200000d8   Data           4  os_timer.o(.data)
    hcan                                     0x200000dc   Data          40  can.o(.bss)
    hspi1                                    0x20000104   Data          88  spi.o(.bss)
    hspi2                                    0x2000015c   Data          88  spi.o(.bss)
    htim4                                    0x200001b4   Data          72  tim.o(.bss)
    huart1                                   0x200001fc   Data          72  usart.o(.bss)
    huart2                                   0x20000244   Data          72  usart.o(.bss)
    huart3                                   0x2000028c   Data          72  usart.o(.bss)
    hdma_usart1_rx                           0x200002d4   Data          68  usart.o(.bss)
    hdma_usart1_tx                           0x20000318   Data          68  usart.o(.bss)
    hdma_usart2_rx                           0x2000035c   Data          68  usart.o(.bss)
    hdma_usart3_rx                           0x200003a0   Data          68  usart.o(.bss)
    hdma_usart3_tx                           0x200003e4   Data          68  usart.o(.bss)
    hpcd_USB_FS                              0x20000428   Data         752  usb.o(.bss)
    htim6                                    0x20000718   Data          72  stm32f1xx_hal_timebase_tim.o(.bss)
    xQueueRegistry                           0x20000760   Data          64  queue.o(.bss)
    chassis                                  0x20002834   Data         352  chassis_task.o(.bss)
    chassis_rc                               0x20002994   Data         132  chassis_task.o(.bss)
    chassis_kg                               0x20002a18   Data          96  chassis_task.o(.bss)
    motor_msg                                0x20002a78   Data          32  motor.o(.bss)
    usart1_manage_obj                        0x20003e98   Data          68  drv_uart.o(.bss)
    usart3_manage_obj                        0x20003edc   Data          68  drv_uart.o(.bss)
    can_manage                               0x20003f54   Data          48  drv_can.o(.bss)
    soft_timer                               0x20004f84   Data         336  os_timer.o(.bss)
    SoftTimer                                0x200050d4   Data         168  soft_timer.o(.bss)
    __initial_sp                             0x20005980   Data           0  startup_stm32f103xe.o(STACK)



==============================================================================

Memory Map of the image

  Image Entry point : 0x08000131

  Load Region LR_IROM1 (Base: 0x08000000, Size: 0x0000a338, Max: 0x00080000, ABSOLUTE)

    Execution Region ER_IROM1 (Exec base: 0x08000000, Load base: 0x08000000, Size: 0x0000a25c, Max: 0x00080000, ABSOLUTE)

    Exec Addr    Load Addr    Size         Type   Attr      Idx    E Section Name        Object

    0x08000000   0x08000000   0x00000130   Data   RO            3    RESET               startup_stm32f103xe.o
    0x08000130   0x08000130   0x00000000   Code   RO         7228  * .ARM.Collect$$$$00000000  mc_w.l(entry.o)
    0x08000130   0x08000130   0x00000004   Code   RO         7582    .ARM.Collect$$$$00000001  mc_w.l(entry2.o)
    0x08000134   0x08000134   0x00000004   Code   RO         7585    .ARM.Collect$$$$00000004  mc_w.l(entry5.o)
    0x08000138   0x08000138   0x00000000   Code   RO         7587    .ARM.Collect$$$$00000008  mc_w.l(entry7b.o)
    0x08000138   0x08000138   0x00000000   Code   RO         7589    .ARM.Collect$$$$0000000A  mc_w.l(entry8b.o)
    0x08000138   0x08000138   0x00000008   Code   RO         7590    .ARM.Collect$$$$0000000B  mc_w.l(entry9a.o)
    0x08000140   0x08000140   0x00000004   Code   RO         7597    .ARM.Collect$$$$0000000E  mc_w.l(entry12b.o)
    0x08000144   0x08000144   0x00000000   Code   RO         7592    .ARM.Collect$$$$0000000F  mc_w.l(entry10a.o)
    0x08000144   0x08000144   0x00000000   Code   RO         7594    .ARM.Collect$$$$00000011  mc_w.l(entry11a.o)
    0x08000144   0x08000144   0x00000004   Code   RO         7583    .ARM.Collect$$$$00002712  mc_w.l(entry2.o)
    0x08000148   0x08000148   0x00000096   Code   RO         5859    .emb_text           port.o
    0x080001de   0x080001de   0x00000002   PAD
    0x080001e0   0x080001e0   0x00000024   Code   RO            4    .text               startup_stm32f103xe.o
    0x08000204   0x08000204   0x00000020   Code   RO         7231    .text               mc_w.l(llushr.o)
    0x08000224   0x08000224   0x00000024   Code   RO         7233    .text               mc_w.l(memcpya.o)
    0x08000248   0x08000248   0x00000024   Code   RO         7237    .text               mc_w.l(memseta.o)
    0x0800026c   0x0800026c   0x0000000e   Code   RO         7239    .text               mc_w.l(strlen.o)
    0x0800027a   0x0800027a   0x00000012   Code   RO         7241    .text               mc_w.l(strcpy.o)
    0x0800028c   0x0800028c   0x0000014e   Code   RO         7540    .text               mf_w.l(dadd.o)
    0x080003da   0x080003da   0x000000e4   Code   RO         7542    .text               mf_w.l(dmul.o)
    0x080004be   0x080004be   0x000000de   Code   RO         7544    .text               mf_w.l(ddiv.o)
    0x0800059c   0x0800059c   0x0000002c   Code   RO         7598    .text               mc_w.l(uidiv.o)
    0x080005c8   0x080005c8   0x00000062   Code   RO         7600    .text               mc_w.l(uldiv.o)
    0x0800062a   0x0800062a   0x0000001e   Code   RO         7602    .text               mc_w.l(llshl.o)
    0x08000648   0x08000648   0x00000024   Code   RO         7604    .text               mc_w.l(llsshr.o)
    0x0800066c   0x0800066c   0x00000000   Code   RO         7615    .text               mc_w.l(iusefp.o)
    0x0800066c   0x0800066c   0x000000ba   Code   RO         7618    .text               mf_w.l(depilogue.o)
    0x08000726   0x08000726   0x00000030   Code   RO         7620    .text               mf_w.l(dfixul.o)
    0x08000756   0x08000756   0x00000002   PAD
    0x08000758   0x08000758   0x00000030   Code   RO         7622    .text               mf_w.l(cdrcmple.o)
    0x08000788   0x08000788   0x00000024   Code   RO         7628    .text               mc_w.l(init.o)
    0x080007ac   0x080007ac   0x00000004   Code   RO          569    i.BusFault_Handler  stm32f1xx_it.o
    0x080007b0   0x080007b0   0x00000010   Code   RO          570    i.CAN1_RX1_IRQHandler  stm32f1xx_it.o
    0x080007c0   0x080007c0   0x00000010   Code   RO          571    i.CAN1_SCE_IRQHandler  stm32f1xx_it.o
    0x080007d0   0x080007d0   0x00000010   Code   RO          572    i.DMA1_Channel2_IRQHandler  stm32f1xx_it.o
    0x080007e0   0x080007e0   0x00000010   Code   RO          573    i.DMA1_Channel3_IRQHandler  stm32f1xx_it.o
    0x080007f0   0x080007f0   0x00000010   Code   RO          574    i.DMA1_Channel4_IRQHandler  stm32f1xx_it.o
    0x08000800   0x08000800   0x00000010   Code   RO          575    i.DMA1_Channel5_IRQHandler  stm32f1xx_it.o
    0x08000810   0x08000810   0x00000010   Code   RO          576    i.DMA1_Channel6_IRQHandler  stm32f1xx_it.o
    0x08000820   0x08000820   0x0000002c   Code   RO         1470    i.DMA_SetConfig     stm32f1xx_hal_dma.o
    0x0800084c   0x0800084c   0x00000002   Code   RO          577    i.DebugMon_Handler  stm32f1xx_it.o
    0x0800084e   0x0800084e   0x00000006   Code   RO           13    i.Error_Handler     main.o
    0x08000854   0x08000854   0x0000002a   Code   RO          852    i.HAL_CAN_ActivateNotification  stm32f1xx_hal_can.o
    0x0800087e   0x0800087e   0x0000014a   Code   RO          853    i.HAL_CAN_AddTxMessage  stm32f1xx_hal_can.o
    0x080009c8   0x080009c8   0x0000010a   Code   RO          854    i.HAL_CAN_ConfigFilter  stm32f1xx_hal_can.o
    0x08000ad2   0x08000ad2   0x00000002   PAD
    0x08000ad4   0x08000ad4   0x0000001c   Code   RO         6565    i.HAL_CAN_ErrorCallback  drv_can.o
    0x08000af0   0x08000af0   0x00000194   Code   RO          860    i.HAL_CAN_GetRxMessage  stm32f1xx_hal_can.o
    0x08000c84   0x08000c84   0x00000036   Code   RO          862    i.HAL_CAN_GetTxMailboxesFreeLevel  stm32f1xx_hal_can.o
    0x08000cba   0x08000cba   0x0000024e   Code   RO          864    i.HAL_CAN_IRQHandler  stm32f1xx_hal_can.o
    0x08000f08   0x08000f08   0x00000174   Code   RO          865    i.HAL_CAN_Init      stm32f1xx_hal_can.o
    0x0800107c   0x0800107c   0x000000e0   Code   RO          295    i.HAL_CAN_MspInit   can.o
    0x0800115c   0x0800115c   0x00000002   Code   RO          872    i.HAL_CAN_RxFifo0FullCallback  stm32f1xx_hal_can.o
    0x0800115e   0x0800115e   0x00000002   PAD
    0x08001160   0x08001160   0x00000034   Code   RO         6566    i.HAL_CAN_RxFifo0MsgPendingCallback  drv_can.o
    0x08001194   0x08001194   0x00000002   Code   RO          874    i.HAL_CAN_RxFifo1FullCallback  stm32f1xx_hal_can.o
    0x08001196   0x08001196   0x00000002   Code   RO          875    i.HAL_CAN_RxFifo1MsgPendingCallback  stm32f1xx_hal_can.o
    0x08001198   0x08001198   0x00000002   Code   RO          876    i.HAL_CAN_SleepCallback  stm32f1xx_hal_can.o
    0x0800119a   0x0800119a   0x0000005e   Code   RO          877    i.HAL_CAN_Start     stm32f1xx_hal_can.o
    0x080011f8   0x080011f8   0x00000002   Code   RO          879    i.HAL_CAN_TxMailbox0AbortCallback  stm32f1xx_hal_can.o
    0x080011fa   0x080011fa   0x00000002   PAD
    0x080011fc   0x080011fc   0x0000001c   Code   RO         6567    i.HAL_CAN_TxMailbox0CompleteCallback  drv_can.o
    0x08001218   0x08001218   0x00000002   Code   RO          881    i.HAL_CAN_TxMailbox1AbortCallback  stm32f1xx_hal_can.o
    0x0800121a   0x0800121a   0x00000002   PAD
    0x0800121c   0x0800121c   0x0000001c   Code   RO         6568    i.HAL_CAN_TxMailbox1CompleteCallback  drv_can.o
    0x08001238   0x08001238   0x00000002   Code   RO          883    i.HAL_CAN_TxMailbox2AbortCallback  stm32f1xx_hal_can.o
    0x0800123a   0x0800123a   0x00000002   PAD
    0x0800123c   0x0800123c   0x0000001c   Code   RO         6569    i.HAL_CAN_TxMailbox2CompleteCallback  drv_can.o
    0x08001258   0x08001258   0x00000002   Code   RO          886    i.HAL_CAN_WakeUpFromRxMsgCallback  stm32f1xx_hal_can.o
    0x0800125a   0x0800125a   0x00000056   Code   RO         1471    i.HAL_DMA_Abort     stm32f1xx_hal_dma.o
    0x080012b0   0x080012b0   0x000001a8   Code   RO         1472    i.HAL_DMA_Abort_IT  stm32f1xx_hal_dma.o
    0x08001458   0x08001458   0x00000398   Code   RO         1476    i.HAL_DMA_IRQHandler  stm32f1xx_hal_dma.o
    0x080017f0   0x080017f0   0x0000008c   Code   RO         1477    i.HAL_DMA_Init      stm32f1xx_hal_dma.o
    0x0800187c   0x0800187c   0x00000072   Code   RO         1480    i.HAL_DMA_Start     stm32f1xx_hal_dma.o
    0x080018ee   0x080018ee   0x0000009c   Code   RO         1481    i.HAL_DMA_Start_IT  stm32f1xx_hal_dma.o
    0x0800198a   0x0800198a   0x00000002   PAD
    0x0800198c   0x0800198c   0x00000340   Code   RO         1407    i.HAL_GPIO_Init     stm32f1xx_hal_gpio.o
    0x08001ccc   0x08001ccc   0x00000014   Code   RO         1410    i.HAL_GPIO_TogglePin  stm32f1xx_hal_gpio.o
    0x08001ce0   0x08001ce0   0x0000000c   Code   RO         1411    i.HAL_GPIO_WritePin  stm32f1xx_hal_gpio.o
    0x08001cec   0x08001cec   0x0000000c   Code   RO         1096    i.HAL_GetTick       stm32f1xx_hal.o
    0x08001cf8   0x08001cf8   0x00000018   Code   RO         1102    i.HAL_IncTick       stm32f1xx_hal.o
    0x08001d10   0x08001d10   0x00000028   Code   RO         1103    i.HAL_Init          stm32f1xx_hal.o
    0x08001d38   0x08001d38   0x000000b4   Code   RO          776    i.HAL_InitTick      stm32f1xx_hal_timebase_tim.o
    0x08001dec   0x08001dec   0x00000060   Code   RO          752    i.HAL_MspInit       stm32f1xx_hal_msp.o
    0x08001e4c   0x08001e4c   0x00000020   Code   RO         1567    i.HAL_NVIC_EnableIRQ  stm32f1xx_hal_cortex.o
    0x08001e6c   0x08001e6c   0x0000007c   Code   RO         1573    i.HAL_NVIC_SetPriority  stm32f1xx_hal_cortex.o
    0x08001ee8   0x08001ee8   0x00000028   Code   RO         1574    i.HAL_NVIC_SetPriorityGrouping  stm32f1xx_hal_cortex.o
    0x08001f10   0x08001f10   0x00000002   Code   RO         3774    i.HAL_PCD_DataInStageCallback  stm32f1xx_hal_pcd.o
    0x08001f12   0x08001f12   0x00000002   Code   RO         3775    i.HAL_PCD_DataOutStageCallback  stm32f1xx_hal_pcd.o
    0x08001f14   0x08001f14   0x00000158   Code   RO         3784    i.HAL_PCD_EP_DB_Receive  stm32f1xx_hal_pcd.o
    0x0800206c   0x0800206c   0x0000053e   Code   RO         3785    i.HAL_PCD_EP_DB_Transmit  stm32f1xx_hal_pcd.o
    0x080025aa   0x080025aa   0x000001cc   Code   RO         3793    i.HAL_PCD_IRQHandler  stm32f1xx_hal_pcd.o
    0x08002776   0x08002776   0x0000014a   Code   RO         3796    i.HAL_PCD_Init      stm32f1xx_hal_pcd.o
    0x080028c0   0x080028c0   0x00000054   Code   RO          528    i.HAL_PCD_MspInit   usb.o
    0x08002914   0x08002914   0x00000002   Code   RO         3799    i.HAL_PCD_ResetCallback  stm32f1xx_hal_pcd.o
    0x08002916   0x08002916   0x00000002   Code   RO         3800    i.HAL_PCD_ResumeCallback  stm32f1xx_hal_pcd.o
    0x08002918   0x08002918   0x00000002   Code   RO         3801    i.HAL_PCD_SOFCallback  stm32f1xx_hal_pcd.o
    0x0800291a   0x0800291a   0x00000036   Code   RO         3802    i.HAL_PCD_SetAddress  stm32f1xx_hal_pcd.o
    0x08002950   0x08002950   0x00000002   Code   RO         3803    i.HAL_PCD_SetupStageCallback  stm32f1xx_hal_pcd.o
    0x08002952   0x08002952   0x00000002   Code   RO         3806    i.HAL_PCD_SuspendCallback  stm32f1xx_hal_pcd.o
    0x08002954   0x08002954   0x00000130   Code   RO         1369    i.HAL_RCCEx_PeriphCLKConfig  stm32f1xx_hal_rcc_ex.o
    0x08002a84   0x08002a84   0x0000018c   Code   RO         1260    i.HAL_RCC_ClockConfig  stm32f1xx_hal_rcc.o
    0x08002c10   0x08002c10   0x00000044   Code   RO         1264    i.HAL_RCC_GetClockConfig  stm32f1xx_hal_rcc.o
    0x08002c54   0x08002c54   0x0000000c   Code   RO         1265    i.HAL_RCC_GetHCLKFreq  stm32f1xx_hal_rcc.o
    0x08002c60   0x08002c60   0x00000020   Code   RO         1267    i.HAL_RCC_GetPCLK1Freq  stm32f1xx_hal_rcc.o
    0x08002c80   0x08002c80   0x00000020   Code   RO         1268    i.HAL_RCC_GetPCLK2Freq  stm32f1xx_hal_rcc.o
    0x08002ca0   0x08002ca0   0x00000070   Code   RO         1269    i.HAL_RCC_GetSysClockFreq  stm32f1xx_hal_rcc.o
    0x08002d10   0x08002d10   0x00000464   Code   RO         1272    i.HAL_RCC_OscConfig  stm32f1xx_hal_rcc.o
    0x08003174   0x08003174   0x000000be   Code   RO         2104    i.HAL_SPI_Init      stm32f1xx_hal_spi.o
    0x08003232   0x08003232   0x00000002   PAD
    0x08003234   0x08003234   0x000000f8   Code   RO          361    i.HAL_SPI_MspInit   spi.o
    0x0800332c   0x0800332c   0x00000002   Code   RO         3132    i.HAL_TIMEx_BreakCallback  stm32f1xx_hal_tim_ex.o
    0x0800332e   0x0800332e   0x00000002   Code   RO         3133    i.HAL_TIMEx_CommutCallback  stm32f1xx_hal_tim_ex.o
    0x08003330   0x08003330   0x0000009c   Code   RO         3151    i.HAL_TIMEx_MasterConfigSynchronization  stm32f1xx_hal_tim_ex.o
    0x080033cc   0x080033cc   0x00000066   Code   RO         2417    i.HAL_TIM_Base_Init  stm32f1xx_hal_tim.o
    0x08003432   0x08003432   0x00000002   PAD
    0x08003434   0x08003434   0x00000044   Code   RO          409    i.HAL_TIM_Base_MspInit  tim.o
    0x08003478   0x08003478   0x00000090   Code   RO         2422    i.HAL_TIM_Base_Start_IT  stm32f1xx_hal_tim.o
    0x08003508   0x08003508   0x0000010c   Code   RO         2426    i.HAL_TIM_ConfigClockSource  stm32f1xx_hal_tim.o
    0x08003614   0x08003614   0x00000002   Code   RO         2451    i.HAL_TIM_IC_CaptureCallback  stm32f1xx_hal_tim.o
    0x08003616   0x08003616   0x00000196   Code   RO         2465    i.HAL_TIM_IRQHandler  stm32f1xx_hal_tim.o
    0x080037ac   0x080037ac   0x00000002   Code   RO         2468    i.HAL_TIM_OC_DelayElapsedCallback  stm32f1xx_hal_tim.o
    0x080037ae   0x080037ae   0x00000002   Code   RO         2495    i.HAL_TIM_PWM_PulseFinishedCallback  stm32f1xx_hal_tim.o
    0x080037b0   0x080037b0   0x00000018   Code   RO           14    i.HAL_TIM_PeriodElapsedCallback  main.o
    0x080037c8   0x080037c8   0x00000002   Code   RO         2508    i.HAL_TIM_TriggerCallback  stm32f1xx_hal_tim.o
    0x080037ca   0x080037ca   0x00000002   Code   RO         3411    i.HAL_UARTEx_RxEventCallback  stm32f1xx_hal_uart.o
    0x080037cc   0x080037cc   0x00000002   Code   RO         3425    i.HAL_UART_ErrorCallback  stm32f1xx_hal_uart.o
    0x080037ce   0x080037ce   0x00000002   PAD
    0x080037d0   0x080037d0   0x000002e4   Code   RO         3428    i.HAL_UART_IRQHandler  stm32f1xx_hal_uart.o
    0x08003ab4   0x08003ab4   0x00000076   Code   RO         3429    i.HAL_UART_Init     stm32f1xx_hal_uart.o
    0x08003b2a   0x08003b2a   0x00000002   PAD
    0x08003b2c   0x08003b2c   0x000002d0   Code   RO          451    i.HAL_UART_MspInit  usart.o
    0x08003dfc   0x08003dfc   0x0000002c   Code   RO         3433    i.HAL_UART_Receive_DMA  stm32f1xx_hal_uart.o
    0x08003e28   0x08003e28   0x00000034   Code   RO         6372    i.HAL_UART_RxCpltCallback  drv_uart.o
    0x08003e5c   0x08003e5c   0x00000034   Code   RO         6373    i.HAL_UART_RxHalfCpltCallback  drv_uart.o
    0x08003e90   0x08003e90   0x0000008c   Code   RO         3438    i.HAL_UART_Transmit_DMA  stm32f1xx_hal_uart.o
    0x08003f1c   0x08003f1c   0x00000030   Code   RO         6374    i.HAL_UART_TxCpltCallback  drv_uart.o
    0x08003f4c   0x08003f4c   0x00000002   Code   RO         3441    i.HAL_UART_TxHalfCpltCallback  stm32f1xx_hal_uart.o
    0x08003f4e   0x08003f4e   0x00000004   Code   RO          578    i.HardFault_Handler  stm32f1xx_it.o
    0x08003f52   0x08003f52   0x00000002   PAD
    0x08003f54   0x08003f54   0x00000048   Code   RO          296    i.MX_CAN_Init       can.o
    0x08003f9c   0x08003f9c   0x00000074   Code   RO          336    i.MX_DMA_Init       dma.o
    0x08004010   0x08004010   0x00000048   Code   RO          239    i.MX_FREERTOS_Init  freertos.o
    0x08004058   0x08004058   0x0000011c   Code   RO          215    i.MX_GPIO_Init      gpio.o
    0x08004174   0x08004174   0x00000044   Code   RO          362    i.MX_SPI1_Init      spi.o
    0x080041b8   0x080041b8   0x00000044   Code   RO          363    i.MX_SPI2_Init      spi.o
    0x080041fc   0x080041fc   0x00000070   Code   RO          410    i.MX_TIM4_Init      tim.o
    0x0800426c   0x0800426c   0x00000038   Code   RO          452    i.MX_USART1_UART_Init  usart.o
    0x080042a4   0x080042a4   0x00000040   Code   RO          453    i.MX_USART2_UART_Init  usart.o
    0x080042e4   0x080042e4   0x00000038   Code   RO          454    i.MX_USART3_UART_Init  usart.o
    0x0800431c   0x0800431c   0x00000030   Code   RO          529    i.MX_USB_PCD_Init   usb.o
    0x0800434c   0x0800434c   0x00000004   Code   RO          579    i.MemManage_Handler  stm32f1xx_it.o
    0x08004350   0x08004350   0x00000004   Code   RO          580    i.NMI_Handler       stm32f1xx_it.o
    0x08004354   0x08004354   0x000004f2   Code   RO         3808    i.PCD_EP_ISR_Handler  stm32f1xx_hal_pcd.o
    0x08004846   0x08004846   0x00000002   PAD
    0x08004848   0x08004848   0x00000028   Code   RO         1273    i.RCC_Delay         stm32f1xx_hal_rcc.o
    0x08004870   0x08004870   0x00000034   Code   RO         5860    i.SysTick_Handler   port.o
    0x080048a4   0x080048a4   0x00000082   Code   RO           15    i.SystemClock_Config  main.o
    0x08004926   0x08004926   0x00000002   Code   RO         4238    i.SystemInit        system_stm32f1xx.o
    0x08004928   0x08004928   0x00000018   Code   RO         5939    i.SystemServiceTask  init.o
    0x08004940   0x08004940   0x00000030   Code   RO          581    i.TIM4_IRQHandler   stm32f1xx_it.o
    0x08004970   0x08004970   0x00000002   Code   RO          582    i.TIM4_PeriodElapsedCallback  stm32f1xx_it.o
    0x08004972   0x08004972   0x00000002   PAD
    0x08004974   0x08004974   0x00000010   Code   RO          583    i.TIM6_IRQHandler   stm32f1xx_it.o
    0x08004984   0x08004984   0x0000009c   Code   RO         2510    i.TIM_Base_SetConfig  stm32f1xx_hal_tim.o
    0x08004a20   0x08004a20   0x00000016   Code   RO         2521    i.TIM_ETR_SetConfig  stm32f1xx_hal_tim.o
    0x08004a36   0x08004a36   0x00000012   Code   RO         2522    i.TIM_ITRx_SetConfig  stm32f1xx_hal_tim.o
    0x08004a48   0x08004a48   0x00000026   Code   RO         2528    i.TIM_TI1_ConfigInputStage  stm32f1xx_hal_tim.o
    0x08004a6e   0x08004a6e   0x00000028   Code   RO         2530    i.TIM_TI2_ConfigInputStage  stm32f1xx_hal_tim.o
    0x08004a96   0x08004a96   0x00000002   PAD
    0x08004a98   0x08004a98   0x00000038   Code   RO         6790    i.TimerISR_Hook     soft_timer.o
    0x08004ad0   0x08004ad0   0x00000014   Code   RO         3442    i.UART_DMAAbortOnError  stm32f1xx_hal_uart.o
    0x08004ae4   0x08004ae4   0x00000050   Code   RO         3443    i.UART_DMAError     stm32f1xx_hal_uart.o
    0x08004b34   0x08004b34   0x000000b4   Code   RO         3444    i.UART_DMAReceiveCplt  stm32f1xx_hal_uart.o
    0x08004be8   0x08004be8   0x00000024   Code   RO         3446    i.UART_DMARxHalfCplt  stm32f1xx_hal_uart.o
    0x08004c0c   0x08004c0c   0x00000058   Code   RO         3448    i.UART_DMATransmitCplt  stm32f1xx_hal_uart.o
    0x08004c64   0x08004c64   0x0000000e   Code   RO         3450    i.UART_DMATxHalfCplt  stm32f1xx_hal_uart.o
    0x08004c72   0x08004c72   0x0000006c   Code   RO         3452    i.UART_EndRxTransfer  stm32f1xx_hal_uart.o
    0x08004cde   0x08004cde   0x00000020   Code   RO         3453    i.UART_EndTransmit_IT  stm32f1xx_hal_uart.o
    0x08004cfe   0x08004cfe   0x00000026   Code   RO         3454    i.UART_EndTxTransfer  stm32f1xx_hal_uart.o
    0x08004d24   0x08004d24   0x00000066   Code   RO         6501    i.UART_Receive_DMA_No_IT  drv_t12.o
    0x08004d8a   0x08004d8a   0x000000fc   Code   RO         3455    i.UART_Receive_IT   stm32f1xx_hal_uart.o
    0x08004e86   0x08004e86   0x00000002   PAD
    0x08004e88   0x08004e88   0x000000fc   Code   RO         3456    i.UART_SetConfig    stm32f1xx_hal_uart.o
    0x08004f84   0x08004f84   0x000000c8   Code   RO         3457    i.UART_Start_Receive_DMA  stm32f1xx_hal_uart.o
    0x0800504c   0x0800504c   0x00000060   Code   RO         3459    i.UART_Transmit_IT  stm32f1xx_hal_uart.o
    0x080050ac   0x080050ac   0x00000014   Code   RO          584    i.USART1_IRQHandler  stm32f1xx_it.o
    0x080050c0   0x080050c0   0x00000014   Code   RO          585    i.USART2_IRQHandler  stm32f1xx_it.o
    0x080050d4   0x080050d4   0x00000010   Code   RO          586    i.USART3_IRQHandler  stm32f1xx_it.o
    0x080050e4   0x080050e4   0x00000008   Code   RO         4054    i.USB_CoreInit      stm32f1xx_ll_usb.o
    0x080050ec   0x080050ec   0x00000006   Code   RO         4058    i.USB_DevDisconnect  stm32f1xx_ll_usb.o
    0x080050f2   0x080050f2   0x00000016   Code   RO         4059    i.USB_DevInit       stm32f1xx_ll_usb.o
    0x08005108   0x08005108   0x00000014   Code   RO         4060    i.USB_DisableGlobalInt  stm32f1xx_ll_usb.o
    0x0800511c   0x0800511c   0x00000a50   Code   RO         4064    i.USB_EPStartXfer   stm32f1xx_ll_usb.o
    0x08005b6c   0x08005b6c   0x00000018   Code   RO          587    i.USB_HP_CAN1_TX_IRQHandler  stm32f1xx_it.o
    0x08005b84   0x08005b84   0x00000018   Code   RO          588    i.USB_LP_CAN1_RX0_IRQHandler  stm32f1xx_it.o
    0x08005b9c   0x08005b9c   0x00000008   Code   RO         4073    i.USB_ReadInterrupts  stm32f1xx_ll_usb.o
    0x08005ba4   0x08005ba4   0x0000004a   Code   RO         4074    i.USB_ReadPMA       stm32f1xx_ll_usb.o
    0x08005bee   0x08005bee   0x00000006   Code   RO         4075    i.USB_SetCurrentMode  stm32f1xx_ll_usb.o
    0x08005bf4   0x08005bf4   0x0000000e   Code   RO         4076    i.USB_SetDevAddress  stm32f1xx_ll_usb.o
    0x08005c02   0x08005c02   0x00000040   Code   RO         4078    i.USB_WritePMA      stm32f1xx_ll_usb.o
    0x08005c42   0x08005c42   0x00000004   Code   RO          589    i.UsageFault_Handler  stm32f1xx_it.o
    0x08005c46   0x08005c46   0x00000002   PAD
    0x08005c48   0x08005c48   0x00000034   Code   RO         7481    i.__0snprintf       mc_w.l(printfa.o)
    0x08005c7c   0x08005c7c   0x00000034   Code   RO         7485    i.__0vsnprintf      mc_w.l(printfa.o)
    0x08005cb0   0x08005cb0   0x00000010   Code   RO         1580    i.__NVIC_GetPriorityGrouping  stm32f1xx_hal_cortex.o
    0x08005cc0   0x08005cc0   0x00000028   Code   RO         1581    i.__NVIC_SetPriority  stm32f1xx_hal_cortex.o
    0x08005ce8   0x08005ce8   0x00000006   Code   RO         5374    i.__get_BASEPRI     cmsis_os2.o
    0x08005cee   0x08005cee   0x00000006   Code   RO         5375    i.__get_IPSR        cmsis_os2.o
    0x08005cf4   0x08005cf4   0x00000006   Code   RO         5376    i.__get_PRIMASK     cmsis_os2.o
    0x08005cfa   0x08005cfa   0x0000000e   Code   RO         7638    i.__scatterload_copy  mc_w.l(handlers.o)
    0x08005d08   0x08005d08   0x00000002   Code   RO         7639    i.__scatterload_null  mc_w.l(handlers.o)
    0x08005d0a   0x08005d0a   0x0000000e   Code   RO         7640    i.__scatterload_zeroinit  mc_w.l(handlers.o)
    0x08005d18   0x08005d18   0x00000006   Code   RO         6081    i.__set_PRIMASK     device.o
    0x08005d1e   0x08005d1e   0x00000002   PAD
    0x08005d20   0x08005d20   0x00000184   Code   RO         7487    i._fp_digits        mc_w.l(printfa.o)
    0x08005ea4   0x08005ea4   0x000006b4   Code   RO         7488    i._printf_core      mc_w.l(printfa.o)
    0x08006558   0x08006558   0x00000024   Code   RO         7489    i._printf_post_padding  mc_w.l(printfa.o)
    0x0800657c   0x0800657c   0x0000002e   Code   RO         7490    i._printf_pre_padding  mc_w.l(printfa.o)
    0x080065aa   0x080065aa   0x00000016   Code   RO         7491    i._snputc           mc_w.l(printfa.o)
    0x080065c0   0x080065c0   0x00000100   Code   RO         6318    i.board_config      board.o
    0x080066c0   0x080066c0   0x00000008   Code   RO         6570    i.can_fifo0_rx_callback_register  drv_can.o
    0x080066c8   0x080066c8   0x000000a0   Code   RO         6571    i.can_manage_init   drv_can.o
    0x08006768   0x08006768   0x000000d4   Code   RO         6572    i.can_msg_bytes_send  drv_can.o
    0x0800683c   0x0800683c   0x00000198   Code   RO         6319    i.can_rx_callback   board.o
    0x080069d4   0x080069d4   0x0000001c   Code   RO         6573    i.can_std_transmit  drv_can.o
    0x080069f0   0x080069f0   0x0000007a   Code   RO         6574    i.can_tx_mailbox_complete_handle  drv_can.o
    0x08006a6a   0x08006a6a   0x00000002   PAD
    0x08006a6c   0x08006a6c   0x00000040   Code   RO         6025    i.chassisTask       chassis_task.o
    0x08006aac   0x08006aac   0x000000f8   Code   RO         6026    i.chassis_init      chassis_task.o
    0x08006ba4   0x08006ba4   0x00000214   Code   RO         6084    i.device_init       device.o
    0x08006db8   0x08006db8   0x000000c0   Code   RO         6541    i.drv_io_init       drv_io.o
    0x08006e78   0x08006e78   0x0000005a   Code   RO         6851    i.fifo_get          fifo.o
    0x08006ed2   0x08006ed2   0x0000003e   Code   RO         6852    i.fifo_get_noprotect  fifo.o
    0x08006f10   0x08006f10   0x00000022   Code   RO         6853    i.fifo_init         fifo.o
    0x08006f32   0x08006f32   0x0000000e   Code   RO         6854    i.fifo_is_empty     fifo.o
    0x08006f40   0x08006f40   0x0000000e   Code   RO         6855    i.fifo_is_full      fifo.o
    0x08006f4e   0x08006f4e   0x0000005a   Code   RO         6857    i.fifo_put          fifo.o
    0x08006fa8   0x08006fa8   0x000000a0   Code   RO         6865    i.fifo_s_gets       fifo.o
    0x08007048   0x08007048   0x0000001c   Code   RO         6867    i.fifo_s_init       fifo.o
    0x08007064   0x08007064   0x000000a6   Code   RO         6873    i.fifo_s_puts       fifo.o
    0x0800710a   0x0800710a   0x00000002   PAD
    0x0800710c   0x0800710c   0x00000008   Code   RO         6085    i.get_device_information  device.o
    0x08007114   0x08007114   0x0000000c   Code   RO         6648    i.get_global_log_level  log.o
    0x08007120   0x08007120   0x000000ee   Code   RO         6142    i.get_t12_data      sbus.o
    0x0800720e   0x0800720e   0x000001b8   Code   RO         6143    i.get_t12_state     sbus.o
    0x080073c6   0x080073c6   0x00000008   Code   RO         7187    i.get_time_ms       sys.o
    0x080073ce   0x080073ce   0x00000008   Code   RO         5940    i.hw_init           init.o
    0x080073d6   0x080073d6   0x00000002   PAD
    0x080073d8   0x080073d8   0x00000124   Code   RO         6271    i.io_device_register  sw_ft.o
    0x080074fc   0x080074fc   0x00000034   Code   RO         6649    i.log_printf        log.o
    0x08007530   0x08007530   0x00000028   Code   RO         6650    i.log_printf_to_buffer  log.o
    0x08007558   0x08007558   0x00000040   Code   RO           16    i.main              main.o
    0x08007598   0x08007598   0x00000110   Code   RO         6201    i.motor_can_send_register  motor.o
    0x080076a8   0x080076a8   0x00000016   Code   RO         6202    i.motor_canstd_send  motor.o
    0x080076be   0x080076be   0x00000002   PAD
    0x080076c0   0x080076c0   0x000000b8   Code   RO         6203    i.motor_fill_data_output  motor.o
    0x08007778   0x08007778   0x000001cc   Code   RO         6205    i.motor_register    motor.o
    0x08007944   0x08007944   0x0000011c   Code   RO         6206    i.motor_set_can_send_flag  motor.o
    0x08007a60   0x08007a60   0x00000118   Code   RO         6207    i.motor_set_speed   motor.o
    0x08007b78   0x08007b78   0x00000040   Code   RO         5378    i.osDelayUntil      cmsis_os2.o
    0x08007bb8   0x08007bb8   0x00000040   Code   RO         5391    i.osKernelInitialize  cmsis_os2.o
    0x08007bf8   0x08007bf8   0x00000044   Code   RO         5394    i.osKernelStart     cmsis_os2.o
    0x08007c3c   0x08007c3c   0x000000dc   Code   RO         5428    i.osThreadNew       cmsis_os2.o
    0x08007d18   0x08007d18   0x0000007c   Code   RO         4849    i.prvAddCurrentTaskToDelayedList  tasks.o
    0x08007d94   0x08007d94   0x000000b8   Code   RO         4850    i.prvAddNewTaskToReadyList  tasks.o
    0x08007e4c   0x08007e4c   0x00000074   Code   RO         5210    i.prvCheckForValidListAndQueue  timers.o
    0x08007ec0   0x08007ec0   0x00000048   Code   RO         4851    i.prvCheckTasksWaitingTermination  tasks.o
    0x08007f08   0x08007f08   0x0000002a   Code   RO         4442    i.prvCopyDataFromQueue  queue.o
    0x08007f32   0x08007f32   0x0000007c   Code   RO         4443    i.prvCopyDataToQueue  queue.o
    0x08007fae   0x08007fae   0x00000050   Code   RO         4852    i.prvDeleteTCB      tasks.o
    0x08007ffe   0x08007ffe   0x00000002   PAD
    0x08008000   0x08008000   0x00000028   Code   RO         5211    i.prvGetNextExpireTime  timers.o
    0x08008028   0x08008028   0x0000007c   Code   RO         5810    i.prvHeapInit       heap_4.o
    0x080080a4   0x080080a4   0x00000028   Code   RO         4853    i.prvIdleTask       tasks.o
    0x080080cc   0x080080cc   0x0000002a   Code   RO         4446    i.prvInitialiseNewQueue  queue.o
    0x080080f6   0x080080f6   0x000000b4   Code   RO         4854    i.prvInitialiseNewTask  tasks.o
    0x080081aa   0x080081aa   0x00000002   PAD
    0x080081ac   0x080081ac   0x00000068   Code   RO         4855    i.prvInitialiseTaskLists  tasks.o
    0x08008214   0x08008214   0x00000068   Code   RO         5811    i.prvInsertBlockIntoFreeList  heap_4.o
    0x0800827c   0x0800827c   0x00000058   Code   RO         5213    i.prvInsertTimerInActiveList  timers.o
    0x080082d4   0x080082d4   0x0000001a   Code   RO         4447    i.prvIsQueueEmpty   queue.o
    0x080082ee   0x080082ee   0x0000001e   Code   RO         4448    i.prvIsQueueFull    queue.o
    0x0800830c   0x0800830c   0x00000064   Code   RO         5214    i.prvProcessExpiredTimer  timers.o
    0x08008370   0x08008370   0x00000128   Code   RO         5215    i.prvProcessReceivedCommands  timers.o
    0x08008498   0x08008498   0x00000074   Code   RO         5216    i.prvProcessTimerOrBlockTask  timers.o
    0x0800850c   0x0800850c   0x00000034   Code   RO         4857    i.prvResetNextTaskUnblockTime  tasks.o
    0x08008540   0x08008540   0x0000002c   Code   RO         5217    i.prvSampleTimeNow  timers.o
    0x0800856c   0x0800856c   0x000000a0   Code   RO         5218    i.prvSwitchTimerLists  timers.o
    0x0800860c   0x0800860c   0x00000040   Code   RO         5861    i.prvTaskExitError  port.o
    0x0800864c   0x0800864c   0x0000001a   Code   RO         5219    i.prvTimerTask      timers.o
    0x08008666   0x08008666   0x0000007e   Code   RO         4449    i.prvUnlockQueue    queue.o
    0x080086e4   0x080086e4   0x0000013c   Code   RO         5812    i.pvPortMalloc      heap_4.o
    0x08008820   0x08008820   0x00000024   Code   RO         5862    i.pxPortInitialiseStack  port.o
    0x08008844   0x08008844   0x00000022   Code   RO         6144    i.rc_device_date_update  sbus.o
    0x08008866   0x08008866   0x00000002   PAD
    0x08008868   0x08008868   0x00000134   Code   RO         6147    i.rc_device_register  sbus.o
    0x0800899c   0x0800899c   0x00000020   Code   RO         6710    i.soft_timer_FreeRTOS_init  os_timer.o
    0x080089bc   0x080089bc   0x00000048   Code   RO         6791    i.soft_timer_check  soft_timer.o
    0x08008a04   0x08008a04   0x00000024   Code   RO         6793    i.soft_timer_init   soft_timer.o
    0x08008a28   0x08008a28   0x00000050   Code   RO         6795    i.soft_timer_update  soft_timer.o
    0x08008a78   0x08008a78   0x00000008   Code   RO         5941    i.sys_init          init.o
    0x08008a80   0x08008a80   0x0000001c   Code   RO          241    i.systemLedTask     freertos.o
    0x08008a9c   0x08008a9c   0x00000018   Code   RO         6320    i.t12_rx_data_by_uart  board.o
    0x08008ab4   0x08008ab4   0x0000003c   Code   RO         6502    i.t12_uart_init     drv_t12.o
    0x08008af0   0x08008af0   0x0000008c   Code   RO         6503    i.t12_uart_rx_data_handle  drv_t12.o
    0x08008b7c   0x08008b7c   0x00000008   Code   RO         5942    i.task_init         init.o
    0x08008b84   0x08008b84   0x00000068   Code   RO         6712    i.timer_task        os_timer.o
    0x08008bec   0x08008bec   0x0000003c   Code   RO         6376    i.usart1_idle_callback  drv_uart.o
    0x08008c28   0x08008c28   0x00000074   Code   RO         6377    i.usart1_manage_init  drv_uart.o
    0x08008c9c   0x08008c9c   0x00000018   Code   RO         6380    i.usart1_transmit   drv_uart.o
    0x08008cb4   0x08008cb4   0x00000074   Code   RO         6382    i.usart3_manage_init  drv_uart.o
    0x08008d28   0x08008d28   0x0000006e   Code   RO         6385    i.usart_rec_to_buff  drv_uart.o
    0x08008d96   0x08008d96   0x00000094   Code   RO         6387    i.usart_transmit    drv_uart.o
    0x08008e2a   0x08008e2a   0x00000040   Code   RO         6388    i.usart_transmit_hook  drv_uart.o
    0x08008e6a   0x08008e6a   0x00000028   Code   RO         4402    i.uxListRemove      list.o
    0x08008e92   0x08008e92   0x00000002   PAD
    0x08008e94   0x08008e94   0x00000018   Code   RO         5440    i.vApplicationGetIdleTaskMemory  cmsis_os2.o
    0x08008eac   0x08008eac   0x00000018   Code   RO         5441    i.vApplicationGetTimerTaskMemory  cmsis_os2.o
    0x08008ec4   0x08008ec4   0x0000001a   Code   RO         4403    i.vListInitialise   list.o
    0x08008ede   0x08008ede   0x00000006   Code   RO         4404    i.vListInitialiseItem  list.o
    0x08008ee4   0x08008ee4   0x00000034   Code   RO         4405    i.vListInsert       list.o
    0x08008f18   0x08008f18   0x00000018   Code   RO         4406    i.vListInsertEnd    list.o
    0x08008f30   0x08008f30   0x00000054   Code   RO         5864    i.vPortEnterCritical  port.o
    0x08008f84   0x08008f84   0x0000003c   Code   RO         5865    i.vPortExitCritical  port.o
    0x08008fc0   0x08008fc0   0x00000094   Code   RO         5813    i.vPortFree         heap_4.o
    0x08009054   0x08009054   0x00000028   Code   RO         5866    i.vPortSetupTimerInterrupt  port.o
    0x0800907c   0x0800907c   0x00000078   Code   RO         5867    i.vPortValidateInterruptPriority  port.o
    0x080090f4   0x080090f4   0x0000002c   Code   RO         4455    i.vQueueAddToRegistry  queue.o
    0x08009120   0x08009120   0x0000004a   Code   RO         4459    i.vQueueWaitForMessageRestricted  queue.o
    0x0800916a   0x0800916a   0x00000002   PAD
    0x0800916c   0x0800916c   0x0000005c   Code   RO         4869    i.vTaskDelay        tasks.o
    0x080091c8   0x080091c8   0x000000d4   Code   RO         4870    i.vTaskDelayUntil   tasks.o
    0x0800929c   0x0800929c   0x00000018   Code   RO         4874    i.vTaskInternalSetTimeOutState  tasks.o
    0x080092b4   0x080092b4   0x0000000c   Code   RO         4875    i.vTaskMissedYield  tasks.o
    0x080092c0   0x080092c0   0x00000038   Code   RO         4877    i.vTaskPlaceOnEventList  tasks.o
    0x080092f8   0x080092f8   0x00000040   Code   RO         4878    i.vTaskPlaceOnEventListRestricted  tasks.o
    0x08009338   0x08009338   0x000000b8   Code   RO         4886    i.vTaskStartScheduler  tasks.o
    0x080093f0   0x080093f0   0x00000010   Code   RO         4888    i.vTaskSuspendAll   tasks.o
    0x08009400   0x08009400   0x00000090   Code   RO         4889    i.vTaskSwitchContext  tasks.o
    0x08009490   0x08009490   0x000000f8   Code   RO         5868    i.xPortStartScheduler  port.o
    0x08009588   0x08009588   0x000000de   Code   RO         4465    i.xQueueGenericCreateStatic  queue.o
    0x08009666   0x08009666   0x00000002   PAD
    0x08009668   0x08009668   0x00000098   Code   RO         4466    i.xQueueGenericReset  queue.o
    0x08009700   0x08009700   0x000001a8   Code   RO         4467    i.xQueueGenericSend  queue.o
    0x080098a8   0x080098a8   0x000000f8   Code   RO         4468    i.xQueueGenericSendFromISR  queue.o
    0x080099a0   0x080099a0   0x00000168   Code   RO         4477    i.xQueueReceive     queue.o
    0x08009b08   0x08009b08   0x0000008c   Code   RO         4890    i.xTaskCheckForTimeOut  tasks.o
    0x08009b94   0x08009b94   0x00000064   Code   RO         4891    i.xTaskCreate       tasks.o
    0x08009bf8   0x08009bf8   0x000000b8   Code   RO         4892    i.xTaskCreateStatic  tasks.o
    0x08009cb0   0x08009cb0   0x00000020   Code   RO         4896    i.xTaskGetSchedulerState  tasks.o
    0x08009cd0   0x08009cd0   0x0000000c   Code   RO         4897    i.xTaskGetTickCount  tasks.o
    0x08009cdc   0x08009cdc   0x00000144   Code   RO         4899    i.xTaskIncrementTick  tasks.o
    0x08009e20   0x08009e20   0x000000a4   Code   RO         4902    i.xTaskPriorityDisinherit  tasks.o
    0x08009ec4   0x08009ec4   0x00000098   Code   RO         4904    i.xTaskRemoveFromEventList  tasks.o
    0x08009f5c   0x08009f5c   0x00000104   Code   RO         4905    i.xTaskResumeAll    tasks.o
    0x0800a060   0x0800a060   0x00000078   Code   RO         5226    i.xTimerCreateTimerTask  timers.o
    0x0800a0d8   0x0800a0d8   0x00000084   Code   RO         5227    i.xTimerGenericCommand  timers.o
    0x0800a15c   0x0800a15c   0x00000024   Data   RO          242    .constdata          freertos.o
    0x0800a180   0x0800a180   0x00000012   Data   RO         1274    .constdata          stm32f1xx_hal_rcc.o
    0x0800a192   0x0800a192   0x00000018   Data   RO         4239    .constdata          system_stm32f1xx.o
    0x0800a1aa   0x0800a1aa   0x00000002   PAD
    0x0800a1ac   0x0800a1ac   0x00000024   Data   RO         6714    .constdata          os_timer.o
    0x0800a1d0   0x0800a1d0   0x0000000e   Data   RO          243    .conststring        freertos.o
    0x0800a1de   0x0800a1de   0x00000002   PAD
    0x0800a1e0   0x0800a1e0   0x00000025   Data   RO         6087    .conststring        device.o
    0x0800a205   0x0800a205   0x00000003   PAD
    0x0800a208   0x0800a208   0x00000027   Data   RO         6652    .conststring        log.o
    0x0800a22f   0x0800a22f   0x00000001   PAD
    0x0800a230   0x0800a230   0x0000000a   Data   RO         6715    .conststring        os_timer.o
    0x0800a23a   0x0800a23a   0x00000002   PAD
    0x0800a23c   0x0800a23c   0x00000020   Data   RO         7636    Region$$Table       anon$$obj.o


    Execution Region RW_IRAM1 (Exec base: 0x20000000, Load base: 0x0800a25c, Size: 0x00005980, Max: 0x00010000, ABSOLUTE)

    Exec Addr    Load Addr    Size         Type   Attr      Idx    E Section Name        Object

    0x20000000   0x0800a25c   0x00000008   Data   RW          244    .data               freertos.o
    0x20000008   0x0800a264   0x00000009   Data   RW         1110    .data               stm32f1xx_hal.o
    0x20000011   0x0800a26d   0x00000003   PAD
    0x20000014   0x0800a270   0x00000004   Data   RW         4240    .data               system_stm32f1xx.o
    0x20000018   0x0800a274   0x0000003c   Data   RW         4908    .data               tasks.o
    0x20000054   0x0800a2b0   0x00000014   Data   RW         5235    .data               timers.o
    0x20000068   0x0800a2c4   0x00000004   Data   RW         5443    .data               cmsis_os2.o
    0x2000006c   0x0800a2c8   0x00000018   Data   RW         5818    .data               heap_4.o
    0x20000084   0x0800a2e0   0x0000000c   Data   RW         5869    .data               port.o
    0x20000090   0x0800a2ec   0x00000004   Data   RW         6028    .data               chassis_task.o
    0x20000094   0x0800a2f0   0x0000001c   Data   RW         6088    .data               device.o
    0x200000b0   0x0800a30c   0x00000004   Data   RW         6210    .data               motor.o
    0x200000b4   0x0800a310   0x00000008   Data   RW         6505    .data               drv_t12.o
    0x200000bc   0x0800a318   0x00000019   Data   RW         6653    .data               log.o
    0x200000d5   0x0800a331   0x00000003   PAD
    0x200000d8   0x0800a334   0x00000004   Data   RW         6716    .data               os_timer.o
    0x200000dc        -       0x00000028   Zero   RW          297    .bss                can.o
    0x20000104        -       0x000000b0   Zero   RW          364    .bss                spi.o
    0x200001b4        -       0x00000048   Zero   RW          411    .bss                tim.o
    0x200001fc        -       0x0000022c   Zero   RW          458    .bss                usart.o
    0x20000428        -       0x000002f0   Zero   RW          530    .bss                usb.o
    0x20000718        -       0x00000048   Zero   RW          779    .bss                stm32f1xx_hal_timebase_tim.o
    0x20000760        -       0x00000040   Zero   RW         4481    .bss                queue.o
    0x200007a0        -       0x000004c4   Zero   RW         4907    .bss                tasks.o
    0x20000c64        -       0x00000118   Zero   RW         5234    .bss                timers.o
    0x20000d7c        -       0x000006b8   Zero   RW         5442    .bss                cmsis_os2.o
    0x20001434        -       0x00001400   Zero   RW         5817    .bss                heap_4.o
    0x20002834        -       0x00000244   Zero   RW         6027    .bss                chassis_task.o
    0x20002a78        -       0x00000020   Zero   RW         6208    .bss                motor.o
    0x20002a98        -       0x00001488   Zero   RW         6389    .bss                drv_uart.o
    0x20003f20        -       0x00000032   Zero   RW         6504    .bss                drv_t12.o
    0x20003f52   0x0800a338   0x00000002   PAD
    0x20003f54        -       0x00001030   Zero   RW         6575    .bss                drv_can.o
    0x20004f84        -       0x00000150   Zero   RW         6713    .bss                os_timer.o
    0x200050d4        -       0x000000a8   Zero   RW         6796    .bss                soft_timer.o
    0x2000517c   0x0800a338   0x00000004   PAD
    0x20005180        -       0x00000800   Zero   RW            1    STACK               startup_stm32f103xe.o


==============================================================================

Image component sizes


      Code (inc. data)   RO Data    RW Data    ZI Data      Debug   Object Name

       688        290          0          0          0       3668   board.o
       296         26          0          0         40       1603   can.o
       312         76          0          4        580       2047   chassis_task.o
       482         38          0          4       1720      14599   cmsis_os2.o
       546        154         37         28          0       9237   device.o
       116          4          0          0          0        710   dma.o
       694         76          0          0       4144       7535   drv_can.o
       192         12          0          0          0        898   drv_io.o
       302         30          0          8         50       2534   drv_t12.o
       790        110          0          0       5256       7418   drv_uart.o
         0          0          0          0          0      20004   event_groups.o
       658          0          0          0          0       6944   fifo.o
       100         40         50          8          0       7058   freertos.o
       284         16          0          0          0        943   gpio.o
       692         62          0         24       5120       4471   heap_4.o
        48          0          0          0          0       6201   init.o
       148          0          0          0          0       3222   list.o
       104          6         39         25          0       2170   log.o
       224          6          0          0          0     526592   main.o
      1502        472          0          4         32       6124   motor.o
       136         20         46          4        336       1650   os_timer.o
       854         78          0         12          0      10509   port.o
      1914         20          0          0         64      16224   queue.o
      1020        118          0          0          0       4637   sbus.o
       244         22          0          0        168       3177   soft_timer.o
       384         40          0          0        176       2094   spi.o
        36          8        304          0       2048        772   startup_stm32f103xe.o
        76         20          0          9          0       5050   stm32f1xx_hal.o
      2168          0          0          0          0      11622   stm32f1xx_hal_can.o
       252         22          0          0          0      28474   stm32f1xx_hal_cortex.o
      1884         28          0          0          0       5894   stm32f1xx_hal_dma.o
       864         40          0          0          0       3173   stm32f1xx_hal_gpio.o
        96         10          0          0          0        830   stm32f1xx_hal_msp.o
      3810          0          0          0          0      12436   stm32f1xx_hal_pcd.o
      1816        108         18          0          0       6293   stm32f1xx_hal_rcc.o
       304         14          0          0          0       1332   stm32f1xx_hal_rcc_ex.o
       190          0          0          0          0       1063   stm32f1xx_hal_spi.o
      1202         44          0          0          0       8823   stm32f1xx_hal_tim.o
       160         22          0          0          0       2301   stm32f1xx_hal_tim_ex.o
       180         22          0          0         72       1367   stm32f1xx_hal_timebase_tim.o
      2444         34          0          0          0      14326   stm32f1xx_hal_uart.o
       304         84          0          0          0      12689   stm32f1xx_it.o
      2862          0          0          0          0      10645   stm32f1xx_ll_usb.o
         0          0          0          0          0       8860   stream_buffer.o
       292        106          0          0          0       1425   sw_ft.o
         8          0          0          0          0        442   sys.o
         2          0         24          4          0       1023   system_stm32f1xx.o
      3008        358          0         60       1220      23956   tasks.o
       180         20          0          0         72       1514   tim.o
      1238        124          0         20        280      26055   timers.o
       896         86          0          0        556       4543   usart.o
       132         20          0          0        752       1402   usb.o

    ----------------------------------------------------------------------
     37190       2886        560        220      22692     868579   Object Totals
         0          0         32          0          0          0   (incl. Generated)
        56          0         10          6          6          0   (incl. Padding)

    ----------------------------------------------------------------------

      Code (inc. data)   RO Data    RW Data    ZI Data      Debug   Library Member Name

         0          0          0          0          0          0   entry.o
         0          0          0          0          0          0   entry10a.o
         0          0          0          0          0          0   entry11a.o
         4          0          0          0          0          0   entry12b.o
         8          4          0          0          0          0   entry2.o
         4          0          0          0          0          0   entry5.o
         0          0          0          0          0          0   entry7b.o
         0          0          0          0          0          0   entry8b.o
         8          4          0          0          0          0   entry9a.o
        30          0          0          0          0          0   handlers.o
        36          8          0          0          0         68   init.o
         0          0          0          0          0          0   iusefp.o
        30          0          0          0          0         68   llshl.o
        36          0          0          0          0         68   llsshr.o
        32          0          0          0          0         68   llushr.o
        36          0          0          0          0         68   memcpya.o
        36          0          0          0          0        108   memseta.o
      2312         90          0          0          0        616   printfa.o
        18          0          0          0          0         68   strcpy.o
        14          0          0          0          0         68   strlen.o
        44          0          0          0          0         80   uidiv.o
        98          0          0          0          0         92   uldiv.o
        48          0          0          0          0         68   cdrcmple.o
       334          0          0          0          0        148   dadd.o
       222          0          0          0          0        100   ddiv.o
       186          0          0          0          0        176   depilogue.o
        48          0          0          0          0         68   dfixul.o
       228          0          0          0          0         96   dmul.o

    ----------------------------------------------------------------------
      3814        106          0          0          0       2028   Library Totals
         2          0          0          0          0          0   (incl. Padding)

    ----------------------------------------------------------------------

      Code (inc. data)   RO Data    RW Data    ZI Data      Debug   Library Name

      2746        106          0          0          0       1372   mc_w.l
      1066          0          0          0          0        656   mf_w.l

    ----------------------------------------------------------------------
      3814        106          0          0          0       2028   Library Totals

    ----------------------------------------------------------------------

==============================================================================


      Code (inc. data)   RO Data    RW Data    ZI Data      Debug   

     41004       2992        560        220      22692     854795   Grand Totals
     41004       2992        560        220      22692     854795   ELF Image Totals
     41004       2992        560        220          0          0   ROM Totals

==============================================================================

    Total RO  Size (Code + RO Data)                41564 (  40.59kB)
    Total RW  Size (RW Data + ZI Data)             22912 (  22.38kB)
    Total ROM Size (Code + RO Data + RW Data)      41784 (  40.80kB)

==============================================================================

