Component: ARM Compiler 5.06 update 7 (build 960) Tool: armlink [4d3601]

==============================================================================

Section Cross References

    startup_stm32f103xe.o(RESET) refers to startup_stm32f103xe.o(STACK) for __initial_sp
    startup_stm32f103xe.o(RESET) refers to startup_stm32f103xe.o(.text) for Reset_Handler
    startup_stm32f103xe.o(RESET) refers to stm32f1xx_it.o(i.NMI_Handler) for NMI_Handler
    startup_stm32f103xe.o(RESET) refers to stm32f1xx_it.o(i.HardFault_Handler) for HardFault_Handler
    startup_stm32f103xe.o(RESET) refers to stm32f1xx_it.o(i.MemManage_Handler) for MemManage_Handler
    startup_stm32f103xe.o(RESET) refers to stm32f1xx_it.o(i.BusFault_Handler) for BusFault_Handler
    startup_stm32f103xe.o(RESET) refers to stm32f1xx_it.o(i.UsageFault_Handler) for UsageFault_Handler
    startup_stm32f103xe.o(RESET) refers to port.o(.emb_text) for SVC_Handler
    startup_stm32f103xe.o(RESET) refers to stm32f1xx_it.o(i.DebugMon_Handler) for DebugMon_Handler
    startup_stm32f103xe.o(RESET) refers to port.o(i.SysTick_Handler) for SysTick_Handler
    startup_stm32f103xe.o(RESET) refers to stm32f1xx_it.o(i.DMA1_Channel2_IRQHandler) for DMA1_Channel2_IRQHandler
    startup_stm32f103xe.o(RESET) refers to stm32f1xx_it.o(i.DMA1_Channel3_IRQHandler) for DMA1_Channel3_IRQHandler
    startup_stm32f103xe.o(RESET) refers to stm32f1xx_it.o(i.DMA1_Channel4_IRQHandler) for DMA1_Channel4_IRQHandler
    startup_stm32f103xe.o(RESET) refers to stm32f1xx_it.o(i.DMA1_Channel5_IRQHandler) for DMA1_Channel5_IRQHandler
    startup_stm32f103xe.o(RESET) refers to stm32f1xx_it.o(i.DMA1_Channel6_IRQHandler) for DMA1_Channel6_IRQHandler
    startup_stm32f103xe.o(RESET) refers to stm32f1xx_it.o(i.USB_HP_CAN1_TX_IRQHandler) for USB_HP_CAN1_TX_IRQHandler
    startup_stm32f103xe.o(RESET) refers to stm32f1xx_it.o(i.USB_LP_CAN1_RX0_IRQHandler) for USB_LP_CAN1_RX0_IRQHandler
    startup_stm32f103xe.o(RESET) refers to stm32f1xx_it.o(i.CAN1_RX1_IRQHandler) for CAN1_RX1_IRQHandler
    startup_stm32f103xe.o(RESET) refers to stm32f1xx_it.o(i.CAN1_SCE_IRQHandler) for CAN1_SCE_IRQHandler
    startup_stm32f103xe.o(RESET) refers to stm32f1xx_it.o(i.TIM4_IRQHandler) for TIM4_IRQHandler
    startup_stm32f103xe.o(RESET) refers to stm32f1xx_it.o(i.USART1_IRQHandler) for USART1_IRQHandler
    startup_stm32f103xe.o(RESET) refers to stm32f1xx_it.o(i.USART2_IRQHandler) for USART2_IRQHandler
    startup_stm32f103xe.o(RESET) refers to stm32f1xx_it.o(i.USART3_IRQHandler) for USART3_IRQHandler
    startup_stm32f103xe.o(RESET) refers to stm32f1xx_it.o(i.TIM6_IRQHandler) for TIM6_IRQHandler
    startup_stm32f103xe.o(.text) refers to system_stm32f1xx.o(i.SystemInit) for SystemInit
    startup_stm32f103xe.o(.text) refers to entry.o(.ARM.Collect$$$$00000000) for __main
    main.o(i.HAL_TIM_PeriodElapsedCallback) refers to stm32f1xx_hal.o(i.HAL_IncTick) for HAL_IncTick
    main.o(i.SystemClock_Config) refers to memseta.o(.text) for __aeabi_memclr4
    main.o(i.SystemClock_Config) refers to stm32f1xx_hal_rcc.o(i.HAL_RCC_OscConfig) for HAL_RCC_OscConfig
    main.o(i.SystemClock_Config) refers to main.o(i.Error_Handler) for Error_Handler
    main.o(i.SystemClock_Config) refers to stm32f1xx_hal_rcc.o(i.HAL_RCC_ClockConfig) for HAL_RCC_ClockConfig
    main.o(i.SystemClock_Config) refers to stm32f1xx_hal_rcc_ex.o(i.HAL_RCCEx_PeriphCLKConfig) for HAL_RCCEx_PeriphCLKConfig
    main.o(i.main) refers to stm32f1xx_hal.o(i.HAL_Init) for HAL_Init
    main.o(i.main) refers to main.o(i.SystemClock_Config) for SystemClock_Config
    main.o(i.main) refers to gpio.o(i.MX_GPIO_Init) for MX_GPIO_Init
    main.o(i.main) refers to dma.o(i.MX_DMA_Init) for MX_DMA_Init
    main.o(i.main) refers to can.o(i.MX_CAN_Init) for MX_CAN_Init
    main.o(i.main) refers to spi.o(i.MX_SPI1_Init) for MX_SPI1_Init
    main.o(i.main) refers to spi.o(i.MX_SPI2_Init) for MX_SPI2_Init
    main.o(i.main) refers to usart.o(i.MX_USART1_UART_Init) for MX_USART1_UART_Init
    main.o(i.main) refers to usart.o(i.MX_USART2_UART_Init) for MX_USART2_UART_Init
    main.o(i.main) refers to usb.o(i.MX_USB_PCD_Init) for MX_USB_PCD_Init
    main.o(i.main) refers to usart.o(i.MX_USART3_UART_Init) for MX_USART3_UART_Init
    main.o(i.main) refers to tim.o(i.MX_TIM4_Init) for MX_TIM4_Init
    main.o(i.main) refers to cmsis_os2.o(i.osKernelInitialize) for osKernelInitialize
    main.o(i.main) refers to freertos.o(i.MX_FREERTOS_Init) for MX_FREERTOS_Init
    main.o(i.main) refers to cmsis_os2.o(i.osKernelStart) for osKernelStart
    gpio.o(i.MX_GPIO_Init) refers to stm32f1xx_hal_gpio.o(i.HAL_GPIO_WritePin) for HAL_GPIO_WritePin
    gpio.o(i.MX_GPIO_Init) refers to stm32f1xx_hal_gpio.o(i.HAL_GPIO_Init) for HAL_GPIO_Init
    freertos.o(i.MX_FREERTOS_Init) refers to cmsis_os2.o(i.osThreadNew) for osThreadNew
    freertos.o(i.MX_FREERTOS_Init) refers to tasks.o(i.xTaskCreate) for xTaskCreate
[...]
    DMA2_Channel3_IRQHandler                 0x080001fb   Thumb Code     0  startup_stm32f103xe.o(.text)
    DMA2_Channel4_5_IRQHandler               0x080001fb   Thumb Code     0  startup_stm32f103xe.o(.text)
    EXTI0_IRQHandler                         0x080001fb   Thumb Code     0  startup_stm32f103xe.o(.text)
    EXTI15_10_IRQHandler                     0x080001fb   Thumb Code     0  startup_stm32f103xe.o(.text)
    EXTI1_IRQHandler                         0x080001fb   Thumb Code     0  startup_stm32f103xe.o(.text)
    EXTI2_IRQHandler                         0x080001fb   Thumb Code     0  startup_stm32f103xe.o(.text)
    EXTI3_IRQHandler                         0x080001fb   Thumb Code     0  startup_stm32f103xe.o(.text)
    EXTI4_IRQHandler                         0x080001fb   Thumb Code     0  startup_stm32f103xe.o(.text)
    EXTI9_5_IRQHandler                       0x080001fb   Thumb Code     0  startup_stm32f103xe.o(.text)
    FLASH_IRQHandler                         0x080001fb   Thumb Code     0  startup_stm32f103xe.o(.text)
    FSMC_IRQHandler                          0x080001fb   Thumb Code     0  startup_stm32f103xe.o(.text)
    I2C1_ER_IRQHandler                       0x080001fb   Thumb Code     0  startup_stm32f103xe.o(.text)
    I2C1_EV_IRQHandler                       0x080001fb   Thumb Code     0  startup_stm32f103xe.o(.text)
    I2C2_ER_IRQHandler                       0x080001fb   Thumb Code     0  startup_stm32f103xe.o(.text)
    I2C2_EV_IRQHandler                       0x080001fb   Thumb Code     0  startup_stm32f103xe.o(.text)
    PVD_IRQHandler                           0x080001fb   Thumb Code     0  startup_stm32f103xe.o(.text)
    RCC_IRQHandler                           0x080001fb   Thumb Code     0  startup_stm32f103xe.o(.text)
    RTC_Alarm_IRQHandler                     0x080001fb   Thumb Code     0  startup_stm32f103xe.o(.text)
    RTC_IRQHandler                           0x080001fb   Thumb Code     0  startup_stm32f103xe.o(.text)
    SDIO_IRQHandler                          0x080001fb   Thumb Code     0  startup_stm32f103xe.o(.text)
    SPI1_IRQHandler                          0x080001fb   Thumb Code     0  startup_stm32f103xe.o(.text)
    SPI2_IRQHandler                          0x080001fb   Thumb Code     0  startup_stm32f103xe.o(.text)
    SPI3_IRQHandler                          0x080001fb   Thumb Code     0  startup_stm32f103xe.o(.text)
    TAMPER_IRQHandler                        0x080001fb   Thumb Code     0  startup_stm32f103xe.o(.text)
    TIM1_BRK_IRQHandler                      0x080001fb   Thumb Code     0  startup_stm32f103xe.o(.text)
    TIM1_CC_IRQHandler                       0x080001fb   Thumb Code     0  startup_stm32f103xe.o(.text)
    TIM1_TRG_COM_IRQHandler                  0x080001fb   Thumb Code     0  startup_stm32f103xe.o(.text)
    TIM1_UP_IRQHandler                       0x080001fb   Thumb Code     0  startup_stm32f103xe.o(.text)
    TIM2_IRQHandler                          0x080001fb   Thumb Code     0  startup_stm32f103xe.o(.text)
    TIM3_IRQHandler                          0x080001fb   Thumb Code     0  startup_stm32f103xe.o(.text)
    TIM5_IRQHandler                          0x080001fb   Thumb Code     0  startup_stm32f103xe.o(.text)
    TIM7_IRQHandler                          0x080001fb   Thumb Code     0  startup_stm32f103xe.o(.text)
    TIM8_BRK_IRQHandler                      0x080001fb   Thumb Code     0  startup_stm32f103xe.o(.text)
    TIM8_CC_IRQHandler                       0x080001fb   Thumb Code     0  startup_stm32f103xe.o(.text)
    TIM8_TRG_COM_IRQHandler                  0x080001fb   Thumb Code     0  startup_stm32f103xe.o(.text)
    TIM8_UP_IRQHandler                       0x080001fb   Thumb Code     0  startup_stm32f103xe.o(.text)
    UART4_IRQHandler                         0x080001fb   Thumb Code     0  startup_stm32f103xe.o(.text)
    UART5_IRQHandler                         0x080001fb   Thumb Code     0  startup_stm32f103xe.o(.text)
    USBWakeUp_IRQHandler                     0x080001fb   Thumb Code     0  startup_stm32f103xe.o(.text)
    WWDG_IRQHandler                          0x080001fb   Thumb Code     0  startup_stm32f103xe.o(.text)
    __aeabi_llsr                             0x08000205   Thumb Code    32  llushr.o(.text)
    _ll_ushift_r                             0x08000205   Thumb Code     0  llushr.o(.text)
    __aeabi_memcpy                           0x08000225   Thumb Code    36  memcpya.o(.text)
    __aeabi_memcpy4                          0x08000225   Thumb Code     0  memcpya.o(.text)
    __aeabi_memcpy8                          0x08000225   Thumb Code     0  memcpya.o(.text)
    __aeabi_memset                           0x08000249   Thumb Code    14  memseta.o(.text)
    __aeabi_memset4                          0x08000249   Thumb Code     0  memseta.o(.text)
    __aeabi_memset8                          0x08000249   Thumb Code     0  memseta.o(.text)
    __aeabi_memclr                           0x08000257   Thumb Code     4  memseta.o(.text)
    __aeabi_memclr4                          0x08000257   Thumb Code     0  memseta.o(.text)
    __aeabi_memclr8                          0x08000257   Thumb Code     0  memseta.o(.text)
    memset                                   0x0800025b   Thumb Code    18  memseta.o(.text)
    strlen                                   0x0800026d   Thumb Code    14  strlen.o(.text)
    strcpy                                   0x0800027b   Thumb Code    18  strcpy.o(.text)
    __aeabi_fadd                             0x0800028d   Thumb Code   164  fadd.o(.text)
    __aeabi_fsub                             0x08000331   Thumb Code     6  fadd.o(.text)
    __aeabi_frsub                            0x08000337   Thumb Code     6  fadd.o(.text)
    __aeabi_fmul                             0x0800033d   Thumb Code   100  fmul.o(.text)
    __aeabi_fdiv                             0x080003a1   Thumb Code   124  fdiv.o(.text)
    __aeabi_dadd                             0x0800041d   Thumb Code   322  dadd.o(.text)
    __aeabi_dsub                             0x0800055f   Thumb Code     6  dadd.o(.text)
    __aeabi_drsub                            0x08000565   Thumb Code     6  dadd.o(.text)
    __aeabi_dmul                             0x0800056b   Thumb Code   228  dmul.o(.text)
    __aeabi_ddiv                             0x0800064f   Thumb Code   222  ddiv.o(.text)
    __aeabi_i2f                              0x0800072d   Thumb Code    18  fflti.o(.text)
    __aeabi_f2iz                             0x0800073f   Thumb Code    50  ffixi.o(.text)
    __aeabi_f2d                              0x08000771   Thumb Code    38  f2d.o(.text)
    __aeabi_d2f                              0x08000797   Thumb Code    56  d2f.o(.text)
    __aeabi_cfcmpeq                          0x080007d1   Thumb Code     0  cfcmple.o(.text)
    __aeabi_cfcmple                          0x080007d1   Thumb Code    20  cfcmple.o(.text)
    __aeabi_cfrcmple                         0x080007e5   Thumb Code    20  cfrcmple.o(.text)
    __aeabi_uidiv                            0x080007f9   Thumb Code     0  uidiv.o(.text)
    __aeabi_uidivmod                         0x080007f9   Thumb Code    44  uidiv.o(.text)
    __aeabi_uldivmod                         0x08000825   Thumb Code    98  uldiv.o(.text)
    __aeabi_llsl                             0x08000887   Thumb Code    30  llshl.o(.text)
    _ll_shift_l                              0x08000887   Thumb Code     0  llshl.o(.text)
    __aeabi_lasr                             0x080008a5   Thumb Code    36  llsshr.o(.text)
    _ll_sshift_r                             0x080008a5   Thumb Code     0  llsshr.o(.text)
    __I$use$fp                               0x080008c9   Thumb Code     0  iusefp.o(.text)
    _float_round                             0x080008c9   Thumb Code    18  fepilogue.o(.text)
    _float_epilogue                          0x080008db   Thumb Code    92  fepilogue.o(.text)
    _double_round                            0x08000937   Thumb Code    30  depilogue.o(.text)
    _double_epilogue                         0x08000955   Thumb Code   156  depilogue.o(.text)
    __aeabi_d2ulz                            0x080009f1   Thumb Code    48  dfixul.o(.text)
    __aeabi_cdrcmple                         0x08000a21   Thumb Code    48  cdrcmple.o(.text)
    __scatterload                            0x08000a51   Thumb Code    28  init.o(.text)
    __scatterload_rt2                        0x08000a51   Thumb Code     0  init.o(.text)
    BusFault_Handler                         0x08000a75   Thumb Code     4  stm32f1xx_it.o(i.BusFault_Handler)
    CAN1_RX1_IRQHandler                      0x08000a79   Thumb Code    10  stm32f1xx_it.o(i.CAN1_RX1_IRQHandler)
    CAN1_SCE_IRQHandler                      0x08000a89   Thumb Code    10  stm32f1xx_it.o(i.CAN1_SCE_IRQHandler)
    DMA1_Channel2_IRQHandler                 0x08000a99   Thumb Code    10  stm32f1xx_it.o(i.DMA1_Channel2_IRQHandler)
    DMA1_Channel3_IRQHandler                 0x08000aa9   Thumb Code    10  stm32f1xx_it.o(i.DMA1_Channel3_IRQHandler)
    DMA1_Channel4_IRQHandler                 0x08000ab9   Thumb Code    10  stm32f1xx_it.o(i.DMA1_Channel4_IRQHandler)
    DMA1_Channel5_IRQHandler                 0x08000ac9   Thumb Code    10  stm32f1xx_it.o(i.DMA1_Channel5_IRQHandler)
    DMA1_Channel6_IRQHandler                 0x08000ad9   Thumb Code    10  stm32f1xx_it.o(i.DMA1_Channel6_IRQHandler)
    DebugMon_Handler                         0x08000b15   Thumb Code     2  stm32f1xx_it.o(i.DebugMon_Handler)
    Error_Handler                            0x08000b17   Thumb Code     6  main.o(i.Error_Handler)
    HAL_CAN_ActivateNotification             0x08000b1d   Thumb Code    42  stm32f1xx_hal_can.o(i.HAL_CAN_ActivateNotification)
    HAL_CAN_AddTxMessage                     0x08000b47   Thumb Code   330  stm32f1xx_hal_can.o(i.HAL_CAN_AddTxMessage)
    HAL_CAN_ConfigFilter                     0x08000c91   Thumb Code   266  stm32f1xx_hal_can.o(i.HAL_CAN_ConfigFilter)
    HAL_CAN_ErrorCallback                    0x08000d9d   Thumb Code    18  drv_can.o(i.HAL_CAN_ErrorCallback)
    HAL_CAN_GetRxMessage                     0x08000db9   Thumb Code   404  stm32f1xx_hal_can.o(i.HAL_CAN_GetRxMessage)
    HAL_CAN_GetTxMailboxesFreeLevel          0x08000f4d   Thumb Code    54  stm32f1xx_hal_can.o(i.HAL_CAN_GetTxMailboxesFreeLevel)
    HAL_CAN_IRQHandler                       0x08000f83   Thumb Code   590  stm32f1xx_hal_can.o(i.HAL_CAN_IRQHandler)
    HAL_CAN_Init                             0x080011d1   Thumb Code   372  stm32f1xx_hal_can.o(i.HAL_CAN_Init)
    HAL_CAN_MspInit                          0x08001345   Thumb Code   208  can.o(i.HAL_CAN_MspInit)
    HAL_CAN_RxFifo0FullCallback              0x08001425   Thumb Code     2  stm32f1xx_hal_can.o(i.HAL_CAN_RxFifo0FullCallback)
    HAL_CAN_RxFifo0MsgPendingCallback        0x08001429   Thumb Code    44  drv_can.o(i.HAL_CAN_RxFifo0MsgPendingCallback)
    HAL_CAN_RxFifo1FullCallback              0x0800145d   Thumb Code     2  stm32f1xx_hal_can.o(i.HAL_CAN_RxFifo1FullCallback)
    HAL_CAN_RxFifo1MsgPendingCallback        0x0800145f   Thumb Code     2  stm32f1xx_hal_can.o(i.HAL_CAN_RxFifo1MsgPendingCallback)
    HAL_CAN_SleepCallback                    0x08001461   Thumb Code     2  stm32f1xx_hal_can.o(i.HAL_CAN_SleepCallback)
    HAL_CAN_Start                            0x08001463   Thumb Code    94  stm32f1xx_hal_can.o(i.HAL_CAN_Start)
    HAL_CAN_TxMailbox0AbortCallback          0x080014c1   Thumb Code     2  stm32f1xx_hal_can.o(i.HAL_CAN_TxMailbox0AbortCallback)
    HAL_CAN_TxMailbox0CompleteCallback       0x080014c5   Thumb Code    18  drv_can.o(i.HAL_CAN_TxMailbox0CompleteCallback)
    HAL_CAN_TxMailbox1AbortCallback          0x080014e1   Thumb Code     2  stm32f1xx_hal_can.o(i.HAL_CAN_TxMailbox1AbortCallback)
    HAL_CAN_TxMailbox1CompleteCallback       0x080014e5   Thumb Code    18  drv_can.o(i.HAL_CAN_TxMailbox1CompleteCallback)
    HAL_CAN_TxMailbox2AbortCallback          0x08001501   Thumb Code     2  stm32f1xx_hal_can.o(i.HAL_CAN_TxMailbox2AbortCallback)
    HAL_CAN_TxMailbox2CompleteCallback       0x08001505   Thumb Code    18  drv_can.o(i.HAL_CAN_TxMailbox2CompleteCallback)
    HAL_CAN_WakeUpFromRxMsgCallback          0x08001521   Thumb Code     2  stm32f1xx_hal_can.o(i.HAL_CAN_WakeUpFromRxMsgCallback)
    HAL_DMA_Abort                            0x08001523   Thumb Code    86  stm32f1xx_hal_dma.o(i.HAL_DMA_Abort)
    HAL_DMA_Abort_IT                         0x08001579   Thumb Code   414  stm32f1xx_hal_dma.o(i.HAL_DMA_Abort_IT)
    HAL_DMA_IRQHandler                       0x08001721   Thumb Code   910  stm32f1xx_hal_dma.o(i.HAL_DMA_IRQHandler)
    HAL_DMA_Init                             0x08001ab9   Thumb Code   132  stm32f1xx_hal_dma.o(i.HAL_DMA_Init)
    HAL_DMA_Start                            0x08001b45   Thumb Code   114  stm32f1xx_hal_dma.o(i.HAL_DMA_Start)
    HAL_DMA_Start_IT                         0x08001bb7   Thumb Code   156  stm32f1xx_hal_dma.o(i.HAL_DMA_Start_IT)
    HAL_GPIO_Init                            0x08001c55   Thumb Code   792  stm32f1xx_hal_gpio.o(i.HAL_GPIO_Init)
    HAL_GPIO_ReadPin                         0x08001f95   Thumb Code    16  stm32f1xx_hal_gpio.o(i.HAL_GPIO_ReadPin)
    HAL_GPIO_TogglePin                       0x08001fa5   Thumb Code    20  stm32f1xx_hal_gpio.o(i.HAL_GPIO_TogglePin)
    HAL_GPIO_WritePin                        0x08001fb9   Thumb Code    12  stm32f1xx_hal_gpio.o(i.HAL_GPIO_WritePin)
    HAL_GetTick                              0x08001fc5   Thumb Code     6  stm32f1xx_hal.o(i.HAL_GetTick)
    HAL_IncTick                              0x08001fd1   Thumb Code    16  stm32f1xx_hal.o(i.HAL_IncTick)
    HAL_Init                                 0x08001fe9   Thumb Code    34  stm32f1xx_hal.o(i.HAL_Init)
    HAL_InitTick                             0x08002011   Thumb Code   158  stm32f1xx_hal_timebase_tim.o(i.HAL_InitTick)
    HAL_MspInit                              0x080020c5   Thumb Code    86  stm32f1xx_hal_msp.o(i.HAL_MspInit)
    HAL_NVIC_EnableIRQ                       0x08002125   Thumb Code    32  stm32f1xx_hal_cortex.o(i.HAL_NVIC_EnableIRQ)
    HAL_NVIC_SetPriority                     0x08002145   Thumb Code   124  stm32f1xx_hal_cortex.o(i.HAL_NVIC_SetPriority)
    HAL_NVIC_SetPriorityGrouping             0x080021c1   Thumb Code    32  stm32f1xx_hal_cortex.o(i.HAL_NVIC_SetPriorityGrouping)
    HAL_PCD_DataInStageCallback              0x080021e9   Thumb Code     2  stm32f1xx_hal_pcd.o(i.HAL_PCD_DataInStageCallback)
    HAL_PCD_DataOutStageCallback             0x080021eb   Thumb Code     2  stm32f1xx_hal_pcd.o(i.HAL_PCD_DataOutStageCallback)
    HAL_PCD_IRQHandler                       0x08002883   Thumb Code   460  stm32f1xx_hal_pcd.o(i.HAL_PCD_IRQHandler)
    HAL_PCD_Init                             0x08002a4f   Thumb Code   330  stm32f1xx_hal_pcd.o(i.HAL_PCD_Init)
    HAL_PCD_MspInit                          0x08002b99   Thumb Code    74  usb.o(i.HAL_PCD_MspInit)
    HAL_PCD_ResetCallback                    0x08002bed   Thumb Code     2  stm32f1xx_hal_pcd.o(i.HAL_PCD_ResetCallback)
    HAL_PCD_ResumeCallback                   0x08002bef   Thumb Code     2  stm32f1xx_hal_pcd.o(i.HAL_PCD_ResumeCallback)
    HAL_PCD_SOFCallback                      0x08002bf1   Thumb Code     2  stm32f1xx_hal_pcd.o(i.HAL_PCD_SOFCallback)
    HAL_PCD_SetAddress                       0x08002bf3   Thumb Code    54  stm32f1xx_hal_pcd.o(i.HAL_PCD_SetAddress)
    HAL_PCD_SetupStageCallback               0x08002c29   Thumb Code     2  stm32f1xx_hal_pcd.o(i.HAL_PCD_SetupStageCallback)
    HAL_PCD_SuspendCallback                  0x08002c2b   Thumb Code     2  stm32f1xx_hal_pcd.o(i.HAL_PCD_SuspendCallback)
    HAL_RCCEx_PeriphCLKConfig                0x08002c2d   Thumb Code   290  stm32f1xx_hal_rcc_ex.o(i.HAL_RCCEx_PeriphCLKConfig)
    HAL_RCC_ClockConfig                      0x08002d5d   Thumb Code   376  stm32f1xx_hal_rcc.o(i.HAL_RCC_ClockConfig)
    HAL_RCC_GetClockConfig                   0x08002ee9   Thumb Code    58  stm32f1xx_hal_rcc.o(i.HAL_RCC_GetClockConfig)
    HAL_RCC_GetHCLKFreq                      0x08002f2d   Thumb Code     6  stm32f1xx_hal_rcc.o(i.HAL_RCC_GetHCLKFreq)
    HAL_RCC_GetPCLK1Freq                     0x08002f39   Thumb Code    22  stm32f1xx_hal_rcc.o(i.HAL_RCC_GetPCLK1Freq)
    HAL_RCC_GetPCLK2Freq                     0x08002f59   Thumb Code    22  stm32f1xx_hal_rcc.o(i.HAL_RCC_GetPCLK2Freq)
    HAL_RCC_GetSysClockFreq                  0x08002f79   Thumb Code    92  stm32f1xx_hal_rcc.o(i.HAL_RCC_GetSysClockFreq)
    HAL_RCC_OscConfig                        0x08002fe9   Thumb Code  1114  stm32f1xx_hal_rcc.o(i.HAL_RCC_OscConfig)
    HAL_SPI_Init                             0x0800344d   Thumb Code   190  stm32f1xx_hal_spi.o(i.HAL_SPI_Init)
    HAL_SPI_MspInit                          0x0800350d   Thumb Code   226  spi.o(i.HAL_SPI_MspInit)
    HAL_TIMEx_BreakCallback                  0x08003605   Thumb Code     2  stm32f1xx_hal_tim_ex.o(i.HAL_TIMEx_BreakCallback)
    HAL_TIMEx_CommutCallback                 0x08003607   Thumb Code     2  stm32f1xx_hal_tim_ex.o(i.HAL_TIMEx_CommutCallback)
    HAL_TIMEx_MasterConfigSynchronization    0x08003609   Thumb Code   134  stm32f1xx_hal_tim_ex.o(i.HAL_TIMEx_MasterConfigSynchronization)
    HAL_TIM_Base_Init                        0x080036a5   Thumb Code   102  stm32f1xx_hal_tim.o(i.HAL_TIM_Base_Init)
    HAL_TIM_Base_MspInit                     0x0800370d   Thumb Code    58  tim.o(i.HAL_TIM_Base_MspInit)
    HAL_TIM_Base_Start_IT                    0x08003751   Thumb Code   122  stm32f1xx_hal_tim.o(i.HAL_TIM_Base_Start_IT)
    HAL_TIM_ConfigClockSource                0x080037e1   Thumb Code   268  stm32f1xx_hal_tim.o(i.HAL_TIM_ConfigClockSource)
    HAL_TIM_IC_CaptureCallback               0x080038ed   Thumb Code     2  stm32f1xx_hal_tim.o(i.HAL_TIM_IC_CaptureCallback)
    HAL_TIM_IRQHandler                       0x080038ef   Thumb Code   406  stm32f1xx_hal_tim.o(i.HAL_TIM_IRQHandler)
    HAL_TIM_OC_DelayElapsedCallback          0x08003a85   Thumb Code     2  stm32f1xx_hal_tim.o(i.HAL_TIM_OC_DelayElapsedCallback)
    HAL_TIM_PWM_PulseFinishedCallback        0x08003a87   Thumb Code     2  stm32f1xx_hal_tim.o(i.HAL_TIM_PWM_PulseFinishedCallback)
    HAL_TIM_PeriodElapsedCallback            0x08003a89   Thumb Code    18  main.o(i.HAL_TIM_PeriodElapsedCallback)
    HAL_TIM_TriggerCallback                  0x08003aa1   Thumb Code     2  stm32f1xx_hal_tim.o(i.HAL_TIM_TriggerCallback)
    HAL_UARTEx_RxEventCallback               0x08003aa3   Thumb Code     2  stm32f1xx_hal_uart.o(i.HAL_UARTEx_RxEventCallback)
    HAL_UART_ErrorCallback                   0x08003aa5   Thumb Code     2  stm32f1xx_hal_uart.o(i.HAL_UART_ErrorCallback)
    HAL_UART_IRQHandler                      0x08003aa9   Thumb Code   736  stm32f1xx_hal_uart.o(i.HAL_UART_IRQHandler)
    HAL_UART_Init                            0x08003d8d   Thumb Code   118  stm32f1xx_hal_uart.o(i.HAL_UART_Init)
    HAL_UART_MspInit                         0x08003e05   Thumb Code   668  usart.o(i.HAL_UART_MspInit)
    HAL_UART_Receive_DMA                     0x080040d5   Thumb Code    44  stm32f1xx_hal_uart.o(i.HAL_UART_Receive_DMA)
    HAL_UART_RxCpltCallback                  0x08004101   Thumb Code    36  drv_uart.o(i.HAL_UART_RxCpltCallback)
    HAL_UART_RxHalfCpltCallback              0x08004135   Thumb Code    36  drv_uart.o(i.HAL_UART_RxHalfCpltCallback)
    HAL_UART_Transmit_DMA                    0x08004169   Thumb Code   128  stm32f1xx_hal_uart.o(i.HAL_UART_Transmit_DMA)
    HAL_UART_TxCpltCallback                  0x080041f5   Thumb Code    32  drv_uart.o(i.HAL_UART_TxCpltCallback)
    HAL_UART_TxHalfCpltCallback              0x08004225   Thumb Code     2  stm32f1xx_hal_uart.o(i.HAL_UART_TxHalfCpltCallback)
    HardFault_Handler                        0x08004227   Thumb Code     4  stm32f1xx_it.o(i.HardFault_Handler)
    MX_CAN_Init                              0x0800422d   Thumb Code    62  can.o(i.MX_CAN_Init)
    MX_DMA_Init                              0x08004275   Thumb Code   112  dma.o(i.MX_DMA_Init)
    MX_FREERTOS_Init                         0x080042e9   Thumb Code    38  freertos.o(i.MX_FREERTOS_Init)
    MX_GPIO_Init                             0x08004331   Thumb Code   272  gpio.o(i.MX_GPIO_Init)
    MX_SPI1_Init                             0x08004451   Thumb Code    60  spi.o(i.MX_SPI1_Init)
    MX_SPI2_Init                             0x08004495   Thumb Code    58  spi.o(i.MX_SPI2_Init)
    MX_TIM4_Init                             0x080044d9   Thumb Code   102  tim.o(i.MX_TIM4_Init)
    MX_USART1_UART_Init                      0x08004549   Thumb Code    46  usart.o(i.MX_USART1_UART_Init)
    MX_USART2_UART_Init                      0x08004581   Thumb Code    50  usart.o(i.MX_USART2_UART_Init)
    MX_USART3_UART_Init                      0x080045c1   Thumb Code    46  usart.o(i.MX_USART3_UART_Init)
    MX_USB_PCD_Init                          0x080045f9   Thumb Code    38  usb.o(i.MX_USB_PCD_Init)
    MemManage_Handler                        0x08004629   Thumb Code     4  stm32f1xx_it.o(i.MemManage_Handler)
    NMI_Handler                              0x0800462d   Thumb Code     4  stm32f1xx_it.o(i.NMI_Handler)
    SysTick_Handler                          0x08004b4d   Thumb Code    46  port.o(i.SysTick_Handler)
    SystemClock_Config                       0x08004b81   Thumb Code   130  main.o(i.SystemClock_Config)
    SystemInit                               0x08004c03   Thumb Code     2  system_stm32f1xx.o(i.SystemInit)
    SystemServiceTask                        0x08004c05   Thumb Code    24  init.o(i.SystemServiceTask)
    TIM4_IRQHandler                          0x08004c1d   Thumb Code    44  stm32f1xx_it.o(i.TIM4_IRQHandler)
    TIM4_PeriodElapsedCallback               0x08004c4d   Thumb Code     2  stm32f1xx_it.o(i.TIM4_PeriodElapsedCallback)
    TIM6_IRQHandler                          0x08004c51   Thumb Code    10  stm32f1xx_it.o(i.TIM6_IRQHandler)
    TIM_Base_SetConfig                       0x08004c61   Thumb Code   134  stm32f1xx_hal_tim.o(i.TIM_Base_SetConfig)
    TIM_ETR_SetConfig                        0x08004cfd   Thumb Code    22  stm32f1xx_hal_tim.o(i.TIM_ETR_SetConfig)
    TimerISR_Hook                            0x08004d75   Thumb Code    50  soft_timer.o(i.TimerISR_Hook)
    UART_Receive_DMA_No_IT                   0x08005001   Thumb Code   102  drv_t12.o(i.UART_Receive_DMA_No_IT)
    UART_Start_Receive_DMA                   0x08005261   Thumb Code   186  stm32f1xx_hal_uart.o(i.UART_Start_Receive_DMA)
    USART1_IRQHandler                        0x08005389   Thumb Code    14  stm32f1xx_it.o(i.USART1_IRQHandler)
    USART2_IRQHandler                        0x0800539d   Thumb Code    16  stm32f1xx_it.o(i.USART2_IRQHandler)
    USART3_IRQHandler                        0x080053b1   Thumb Code    10  stm32f1xx_it.o(i.USART3_IRQHandler)
    USB_CoreInit                             0x080053c1   Thumb Code     8  stm32f1xx_ll_usb.o(i.USB_CoreInit)
    USB_DevDisconnect                        0x080053c9   Thumb Code     6  stm32f1xx_ll_usb.o(i.USB_DevDisconnect)
    USB_DevInit                              0x080053cf   Thumb Code    22  stm32f1xx_ll_usb.o(i.USB_DevInit)
    USB_DisableGlobalInt                     0x080053e5   Thumb Code    20  stm32f1xx_ll_usb.o(i.USB_DisableGlobalInt)
    USB_EPStartXfer                          0x080053f9   Thumb Code  2640  stm32f1xx_ll_usb.o(i.USB_EPStartXfer)
    USB_HP_CAN1_TX_IRQHandler                0x08005e49   Thumb Code    16  stm32f1xx_it.o(i.USB_HP_CAN1_TX_IRQHandler)
    USB_LP_CAN1_RX0_IRQHandler               0x08005e61   Thumb Code    16  stm32f1xx_it.o(i.USB_LP_CAN1_RX0_IRQHandler)
    USB_ReadInterrupts                       0x08005e79   Thumb Code     8  stm32f1xx_ll_usb.o(i.USB_ReadInterrupts)
    USB_ReadPMA                              0x08005e81   Thumb Code    74  stm32f1xx_ll_usb.o(i.USB_ReadPMA)
    USB_SetCurrentMode                       0x08005ecb   Thumb Code     6  stm32f1xx_ll_usb.o(i.USB_SetCurrentMode)
    USB_SetDevAddress                        0x08005ed1   Thumb Code    14  stm32f1xx_ll_usb.o(i.USB_SetDevAddress)
    USB_WritePMA                             0x08005edf   Thumb Code    64  stm32f1xx_ll_usb.o(i.USB_WritePMA)
    UsageFault_Handler                       0x08005f1f   Thumb Code     4  stm32f1xx_it.o(i.UsageFault_Handler)
    __0snprintf                              0x08005f25   Thumb Code    48  printfa.o(i.__0snprintf)
    __1snprintf                              0x08005f25   Thumb Code     0  printfa.o(i.__0snprintf)
    __2snprintf                              0x08005f25   Thumb Code     0  printfa.o(i.__0snprintf)
    __c89snprintf                            0x08005f25   Thumb Code     0  printfa.o(i.__0snprintf)
    snprintf                                 0x08005f25   Thumb Code     0  printfa.o(i.__0snprintf)
    __0vsnprintf                             0x08005f59   Thumb Code    46  printfa.o(i.__0vsnprintf)
    __1vsnprintf                             0x08005f59   Thumb Code     0  printfa.o(i.__0vsnprintf)
    __2vsnprintf                             0x08005f59   Thumb Code     0  printfa.o(i.__0vsnprintf)
    __c89vsnprintf                           0x08005f59   Thumb Code     0  printfa.o(i.__0vsnprintf)
    vsnprintf                                0x08005f59   Thumb Code     0  printfa.o(i.__0vsnprintf)
    __scatterload_copy                       0x08005fd7   Thumb Code    14  handlers.o(i.__scatterload_copy)
    __scatterload_null                       0x08005fe5   Thumb Code     2  handlers.o(i.__scatterload_null)
    __scatterload_zeroinit                   0x08005fe7   Thumb Code    14  handlers.o(i.__scatterload_zeroinit)
    board_config                             0x0800689d   Thumb Code    74  board.o(i.board_config)
    can_fifo0_rx_callback_register           0x080069a9   Thumb Code     8  drv_can.o(i.can_fifo0_rx_callback_register)
    can_manage_init                          0x080069b1   Thumb Code   146  drv_can.o(i.can_manage_init)
    can_msg_bytes_send                       0x08006a51   Thumb Code   204  drv_can.o(i.can_msg_bytes_send)
    can_rx_callback                          0x08006b25   Thumb Code   314  board.o(i.can_rx_callback)
    can_std_transmit                         0x08006cbd   Thumb Code    22  drv_can.o(i.can_std_transmit)
    caterpillar_calculate                    0x08006d55   Thumb Code   280  caterpillar.o(i.caterpillar_calculate)
    caterpillar_set_speed                    0x08006e85   Thumb Code    10  caterpillar.o(i.caterpillar_set_speed)
    chassisTask                              0x08006e91   Thumb Code   816  chassis_task.o(i.chassisTask)
    chassis_init                             0x08007229   Thumb Code   188  chassis_task.o(i.chassis_init)
    device_init                              0x08007329   Thumb Code   382  device.o(i.device_init)
    drv_io_init                              0x0800753d   Thumb Code   128  drv_io.o(i.drv_io_init)
    fifo_get                                 0x080075c5   Thumb Code    90  fifo.o(i.fifo_get)
    fifo_get_noprotect                       0x0800761f   Thumb Code    62  fifo.o(i.fifo_get_noprotect)
    fifo_init                                0x0800765d   Thumb Code    34  fifo.o(i.fifo_init)
    fifo_is_empty                            0x0800767f   Thumb Code    14  fifo.o(i.fifo_is_empty)
    fifo_is_full                             0x0800768d   Thumb Code    14  fifo.o(i.fifo_is_full)
    fifo_put                                 0x0800769b   Thumb Code    90  fifo.o(i.fifo_put)
    fifo_s_gets                              0x080076f5   Thumb Code   160  fifo.o(i.fifo_s_gets)
    fifo_s_init                              0x08007795   Thumb Code    28  fifo.o(i.fifo_s_init)
    fifo_s_puts                              0x080077b1   Thumb Code   166  fifo.o(i.fifo_s_puts)
    get_device_information                   0x08007859   Thumb Code     4  device.o(i.get_device_information)
    get_global_log_level                     0x08007861   Thumb Code     6  log.o(i.get_global_log_level)
    get_time_ms                              0x08007b3b   Thumb Code     8  sys.o(i.get_time_ms)
    hw_init                                  0x08007b43   Thumb Code     8  init.o(i.hw_init)
    io_device_get_state                      0x08007b4d   Thumb Code   406  sw_ft.o(i.io_device_get_state)
    io_device_register                       0x08007cf1   Thumb Code   206  sw_ft.o(i.io_device_register)
    log_printf                               0x08007e29   Thumb Code    52  log.o(i.log_printf)
    log_printf_to_buffer                     0x08007e5d   Thumb Code    40  log.o(i.log_printf_to_buffer)
    main                                     0x08007e85   Thumb Code    64  main.o(i.main)
    motor_can_send_register                  0x08007ec5   Thumb Code   162  motor.o(i.motor_can_send_register)
    motor_canstd_send                        0x08007fd5   Thumb Code    22  motor.o(i.motor_canstd_send)
    motor_fill_data_output                   0x08007fed   Thumb Code   144  motor.o(i.motor_fill_data_output)
    motor_register                           0x08008085   Thumb Code   332  motor.o(i.motor_register)
    motor_set_speed                          0x08008251   Thumb Code   168  motor.o(i.motor_set_speed)
    osDelay                                  0x08008369   Thumb Code    50  cmsis_os2.o(i.osDelay)
    osKernelInitialize                       0x080083a1   Thumb Code    58  cmsis_os2.o(i.osKernelInitialize)
    osKernelStart                            0x080083e1   Thumb Code    64  cmsis_os2.o(i.osKernelStart)
    osThreadNew                              0x08008425   Thumb Code   216  cmsis_os2.o(i.osThreadNew)
    pvPortMalloc                             0x08008ecd   Thumb Code   296  heap_4.o(i.pvPortMalloc)
    pxPortInitialiseStack                    0x08009009   Thumb Code    30  port.o(i.pxPortInitialiseStack)
    rc_device_date_update                    0x0800902d   Thumb Code    34  sbus.o(i.rc_device_date_update)
    rc_device_get_info                       0x08009051   Thumb Code   162  sbus.o(i.rc_device_get_info)
    rc_device_get_state                      0x08009161   Thumb Code    82  sbus.o(i.rc_device_get_state)
    rc_device_register                       0x080091b5   Thumb Code   190  sbus.o(i.rc_device_register)
    soft_timer_FreeRTOS_init                 0x080092e9   Thumb Code    18  os_timer.o(i.soft_timer_FreeRTOS_init)
    soft_timer_check                         0x08009309   Thumb Code    66  soft_timer.o(i.soft_timer_check)
    soft_timer_init                          0x08009351   Thumb Code    32  soft_timer.o(i.soft_timer_init)
    soft_timer_update                        0x08009375   Thumb Code    74  soft_timer.o(i.soft_timer_update)
    sys_init                                 0x080093c5   Thumb Code     8  init.o(i.sys_init)
    systemLedTask                            0x080093cd   Thumb Code    22  freertos.o(i.systemLedTask)
    t12_rx_data_by_uart                      0x080093e9   Thumb Code    18  board.o(i.t12_rx_data_by_uart)
    t12_uart_init                            0x08009401   Thumb Code    42  drv_t12.o(i.t12_uart_init)
    t12_uart_rx_data_handle                  0x0800943d   Thumb Code   128  drv_t12.o(i.t12_uart_rx_data_handle)
    task_init                                0x080094c9   Thumb Code     8  init.o(i.task_init)
    timer_task                               0x080094d1   Thumb Code   108  os_timer.o(i.timer_task)
    usart1_idle_callback                     0x08009541   Thumb Code    52  drv_uart.o(i.usart1_idle_callback)
    usart1_manage_init                       0x0800957d   Thumb Code    92  drv_uart.o(i.usart1_manage_init)
    usart1_transmit                          0x080095f1   Thumb Code    18  drv_uart.o(i.usart1_transmit)
    usart3_manage_init                       0x08009609   Thumb Code    92  drv_uart.o(i.usart3_manage_init)
    usart_transmit                           0x080096eb   Thumb Code   148  drv_uart.o(i.usart_transmit)
    uxListRemove                             0x080097bf   Thumb Code    40  list.o(i.uxListRemove)
    vApplicationGetIdleTaskMemory            0x080097e9   Thumb Code    14  cmsis_os2.o(i.vApplicationGetIdleTaskMemory)
    vApplicationGetTimerTaskMemory           0x08009801   Thumb Code    16  cmsis_os2.o(i.vApplicationGetTimerTaskMemory)
    vListInitialise                          0x08009819   Thumb Code    26  list.o(i.vListInitialise)
    vListInitialiseItem                      0x08009833   Thumb Code     6  list.o(i.vListInitialiseItem)
    vListInsert                              0x08009839   Thumb Code    52  list.o(i.vListInsert)
    vListInsertEnd                           0x0800986d   Thumb Code    24  list.o(i.vListInsertEnd)
    vPortEnterCritical                       0x08009885   Thumb Code    76  port.o(i.vPortEnterCritical)
    vPortExitCritical                        0x080098d9   Thumb Code    56  port.o(i.vPortExitCritical)
    vPortFree                                0x08009915   Thumb Code   140  heap_4.o(i.vPortFree)
    vPortSetupTimerInterrupt                 0x080099a9   Thumb Code    36  port.o(i.vPortSetupTimerInterrupt)
    vPortValidateInterruptPriority           0x080099d1   Thumb Code   106  port.o(i.vPortValidateInterruptPriority)
    vQueueAddToRegistry                      0x08009a49   Thumb Code    38  queue.o(i.vQueueAddToRegistry)
    vQueueWaitForMessageRestricted           0x08009a75   Thumb Code    74  queue.o(i.vQueueWaitForMessageRestricted)
    vTaskDelay                               0x08009ac1   Thumb Code    82  tasks.o(i.vTaskDelay)
    vTaskDelayUntil                          0x08009b1d   Thumb Code   200  tasks.o(i.vTaskDelayUntil)
    vTaskInternalSetTimeOutState             0x08009bf1   Thumb Code    14  tasks.o(i.vTaskInternalSetTimeOutState)
    vTaskMissedYield                         0x08009c09   Thumb Code     8  tasks.o(i.vTaskMissedYield)
    vTaskPlaceOnEventList                    0x08009c15   Thumb Code    52  tasks.o(i.vTaskPlaceOnEventList)
    vTaskPlaceOnEventListRestricted          0x08009c4d   Thumb Code    60  tasks.o(i.vTaskPlaceOnEventListRestricted)
    vTaskStartScheduler                      0x08009c8d   Thumb Code   156  tasks.o(i.vTaskStartScheduler)
    vTaskSuspendAll                          0x08009d45   Thumb Code    12  tasks.o(i.vTaskSuspendAll)
    vTaskSwitchContext                       0x08009d55   Thumb Code   122  tasks.o(i.vTaskSwitchContext)
    xPortStartScheduler                      0x08009de5   Thumb Code   228  port.o(i.xPortStartScheduler)
    xQueueGenericCreateStatic                0x08009edd   Thumb Code   222  queue.o(i.xQueueGenericCreateStatic)
    xQueueGenericReset                       0x08009fbd   Thumb Code   146  queue.o(i.xQueueGenericReset)
    xQueueGenericSend                        0x0800a055   Thumb Code   420  queue.o(i.xQueueGenericSend)
    xQueueGenericSendFromISR                 0x0800a1fd   Thumb Code   248  queue.o(i.xQueueGenericSendFromISR)
    xQueueReceive                            0x0800a2f5   Thumb Code   356  queue.o(i.xQueueReceive)
    xTaskCheckForTimeOut                     0x0800a45d   Thumb Code   132  tasks.o(i.xTaskCheckForTimeOut)
    xTaskCreate                              0x0800a4e9   Thumb Code   100  tasks.o(i.xTaskCreate)
    xTaskCreateStatic                        0x0800a54d   Thumb Code   184  tasks.o(i.xTaskCreateStatic)
    xTaskGetSchedulerState                   0x0800a605   Thumb Code    24  tasks.o(i.xTaskGetSchedulerState)
    xTaskGetTickCount                        0x0800a625   Thumb Code     6  tasks.o(i.xTaskGetTickCount)
    xTaskIncrementTick                       0x0800a631   Thumb Code   280  tasks.o(i.xTaskIncrementTick)
    xTaskPriorityDisinherit                  0x0800a775   Thumb Code   152  tasks.o(i.xTaskPriorityDisinherit)
    xTaskRemoveFromEventList                 0x0800a819   Thumb Code   126  tasks.o(i.xTaskRemoveFromEventList)
    xTaskResumeAll                           0x0800a8b1   Thumb Code   222  tasks.o(i.xTaskResumeAll)
    xTimerCreateTimerTask                    0x0800a9b5   Thumb Code   100  timers.o(i.xTimerCreateTimerTask)
    xTimerGenericCommand                     0x0800aa2d   Thumb Code   128  timers.o(i.xTimerGenericCommand)
    systemService_attributes                 0x0800aab0   Data          36  freertos.o(.constdata)
    AHBPrescTable                            0x0800aae6   Data          16  system_stm32f1xx.o(.constdata)
    APBPrescTable                            0x0800aaf6   Data           8  system_stm32f1xx.o(.constdata)
    chassTask_attr                           0x0800ab00   Data          36  chassis_task.o(.constdata)
    timer_task_attr                          0x0800ab44   Data          36  os_timer.o(.constdata)
    Region$$Table$$Base                      0x0800abe0   Number         0  anon$$obj.o(Region$$Table)
    Region$$Table$$Limit                     0x0800ac00   Number         0  anon$$obj.o(Region$$Table)
    systemServiceHandle                      0x20000000   Data           4  freertos.o(.data)
    systemledHandle                          0x20000004   Data           4  freertos.o(.data)
    uwTick                                   0x20000008   Data           4  stm32f1xx_hal.o(.data)
    uwTickPrio                               0x2000000c   Data           4  stm32f1xx_hal.o(.data)
    uwTickFreq                               0x20000010   Data           1  stm32f1xx_hal.o(.data)
    SystemCoreClock                          0x20000014   Data           4  system_stm32f1xx.o(.data)
    pxCurrentTCB                             0x20000018   Data           4  tasks.o(.data)
    chassisTaskHandle                        0x20000090   Data           4  chassis_task.o(.data)
    p_rc_info                                0x20000094   Data           4  chassis_task.o(.data)
    vx                                       0x20000098   Data           4  chassis_task.o(.data)
    vy                                       0x2000009c   Data           4  chassis_task.o(.data)
    vw                                       0x200000a0   Data           4  chassis_task.o(.data)
    device_name                              0x200000a4   Data          20  device.o(.data)
    ft1_count                                0x200000c4   Data           1  sw_ft.o(.data)
    ft2_count                                0x200000c5   Data           1  sw_ft.o(.data)
    ft3_count                                0x200000c6   Data           1  sw_ft.o(.data)
    ft4_count                                0x200000c7   Data           1  sw_ft.o(.data)
    t12_rx_callback                          0x200000cc   Data           4  drv_t12.o(.data)
    t12_forword_callback                     0x200000d0   Data           4  drv_t12.o(.data)
    LOG_LEVEL_TAGS                           0x200000d4   Data          24  log.o(.data)
    log_level                                0x200000ec   Data           1  log.o(.data)
    timer_task_t                             0x200000f0   Data           4  os_timer.o(.data)
    hcan                                     0x200000f4   Data          40  can.o(.bss)
    hspi1                                    0x2000011c   Data          88  spi.o(.bss)
    hspi2                                    0x20000174   Data          88  spi.o(.bss)
    htim4                                    0x200001cc   Data          72  tim.o(.bss)
    huart1                                   0x20000214   Data          72  usart.o(.bss)
    huart2                                   0x2000025c   Data          72  usart.o(.bss)
    huart3                                   0x200002a4   Data          72  usart.o(.bss)
    hdma_usart1_rx                           0x200002ec   Data          68  usart.o(.bss)
    hdma_usart1_tx                           0x20000330   Data          68  usart.o(.bss)
    hdma_usart2_rx                           0x20000374   Data          68  usart.o(.bss)
    hdma_usart3_rx                           0x200003b8   Data          68  usart.o(.bss)
    hdma_usart3_tx                           0x200003fc   Data          68  usart.o(.bss)
    hpcd_USB_FS                              0x20000440   Data         752  usb.o(.bss)
    htim6                                    0x20000730   Data          72  stm32f1xx_hal_timebase_tim.o(.bss)
    xQueueRegistry                           0x20000778   Data          64  queue.o(.bss)
    chassis                                  0x2000284c   Data         360  chassis_task.o(.bss)
    chassis_rc                               0x200029b4   Data         132  chassis_task.o(.bss)
    chassis_io                               0x20002a38   Data         104  chassis_task.o(.bss)
    catp                                     0x20002aa0   Data          20  chassis_task.o(.bss)
    motor_msg                                0x20002ab4   Data          32  motor.o(.bss)
    usart1_manage_obj                        0x20003ed4   Data          68  drv_uart.o(.bss)
    usart3_manage_obj                        0x20003f18   Data          68  drv_uart.o(.bss)
    can_manage                               0x20003f90   Data          48  drv_can.o(.bss)
    soft_timer                               0x20004fc0   Data         336  os_timer.o(.bss)
    SoftTimer                                0x20005110   Data         168  soft_timer.o(.bss)
    __initial_sp                             0x200059b8   Data           0  startup_stm32f103xe.o(STACK)



==============================================================================

Memory Map of the image

  Image Entry point : 0x08000131

  Load Region LR_IROM1 (Base: 0x08000000, Size: 0x0000acf4, Max: 0x00080000, ABSOLUTE)

    Execution Region ER_IROM1 (Exec base: 0x08000000, Load base: 0x08000000, Size: 0x0000ac00, Max: 0x00080000, ABSOLUTE)

    Exec Addr    Load Addr    Size         Type   Attr      Idx    E Section Name        Object

    0x08000000   0x08000000   0x00000130   Data   RO            3    RESET               startup_stm32f103xe.o
    0x08000130   0x08000130   0x00000000   Code   RO         7270  * .ARM.Collect$$$$00000000  mc_w.l(entry.o)
    0x08000130   0x08000130   0x00000004   Code   RO         7634    .ARM.Collect$$$$00000001  mc_w.l(entry2.o)
    0x08000134   0x08000134   0x00000004   Code   RO         7637    .ARM.Collect$$$$00000004  mc_w.l(entry5.o)
    0x08000138   0x08000138   0x00000000   Code   RO         7639    .ARM.Collect$$$$00000008  mc_w.l(entry7b.o)
    0x08000138   0x08000138   0x00000000   Code   RO         7641    .ARM.Collect$$$$0000000A  mc_w.l(entry8b.o)
    0x08000138   0x08000138   0x00000008   Code   RO         7642    .ARM.Collect$$$$0000000B  mc_w.l(entry9a.o)
    0x08000140   0x08000140   0x00000004   Code   RO         7649    .ARM.Collect$$$$0000000E  mc_w.l(entry12b.o)
    0x08000144   0x08000144   0x00000000   Code   RO         7644    .ARM.Collect$$$$0000000F  mc_w.l(entry10a.o)
    0x08000144   0x08000144   0x00000000   Code   RO         7646    .ARM.Collect$$$$00000011  mc_w.l(entry11a.o)
    0x08000144   0x08000144   0x00000004   Code   RO         7635    .ARM.Collect$$$$00002712  mc_w.l(entry2.o)
    0x08000148   0x08000148   0x00000096   Code   RO         5842    .emb_text           port.o
    0x080001de   0x080001de   0x00000002   PAD
    0x080001e0   0x080001e0   0x00000024   Code   RO            4    .text               startup_stm32f103xe.o
    0x08000204   0x08000204   0x00000020   Code   RO         7273    .text               mc_w.l(llushr.o)
    0x08000224   0x08000224   0x00000024   Code   RO         7275    .text               mc_w.l(memcpya.o)
    0x08000248   0x08000248   0x00000024   Code   RO         7279    .text               mc_w.l(memseta.o)
    0x0800026c   0x0800026c   0x0000000e   Code   RO         7281    .text               mc_w.l(strlen.o)
    0x0800027a   0x0800027a   0x00000012   Code   RO         7283    .text               mc_w.l(strcpy.o)
    0x0800028c   0x0800028c   0x000000b0   Code   RO         7578    .text               mf_w.l(fadd.o)
    0x0800033c   0x0800033c   0x00000064   Code   RO         7580    .text               mf_w.l(fmul.o)
    0x080003a0   0x080003a0   0x0000007c   Code   RO         7582    .text               mf_w.l(fdiv.o)
    0x0800041c   0x0800041c   0x0000014e   Code   RO         7584    .text               mf_w.l(dadd.o)
    0x0800056a   0x0800056a   0x000000e4   Code   RO         7586    .text               mf_w.l(dmul.o)
    0x0800064e   0x0800064e   0x000000de   Code   RO         7588    .text               mf_w.l(ddiv.o)
    0x0800072c   0x0800072c   0x00000012   Code   RO         7590    .text               mf_w.l(fflti.o)
    0x0800073e   0x0800073e   0x00000032   Code   RO         7596    .text               mf_w.l(ffixi.o)
    0x08000770   0x08000770   0x00000026   Code   RO         7598    .text               mf_w.l(f2d.o)
    0x08000796   0x08000796   0x00000038   Code   RO         7600    .text               mf_w.l(d2f.o)
    0x080007ce   0x080007ce   0x00000002   PAD
    0x080007d0   0x080007d0   0x00000014   Code   RO         7602    .text               mf_w.l(cfcmple.o)
    0x080007e4   0x080007e4   0x00000014   Code   RO         7604    .text               mf_w.l(cfrcmple.o)
    0x080007f8   0x080007f8   0x0000002c   Code   RO         7651    .text               mc_w.l(uidiv.o)
    0x08000824   0x08000824   0x00000062   Code   RO         7653    .text               mc_w.l(uldiv.o)
    0x08000886   0x08000886   0x0000001e   Code   RO         7655    .text               mc_w.l(llshl.o)
    0x080008a4   0x080008a4   0x00000024   Code   RO         7657    .text               mc_w.l(llsshr.o)
    0x080008c8   0x080008c8   0x00000000   Code   RO         7668    .text               mc_w.l(iusefp.o)
    0x080008c8   0x080008c8   0x0000006e   Code   RO         7669    .text               mf_w.l(fepilogue.o)
    0x08000936   0x08000936   0x000000ba   Code   RO         7671    .text               mf_w.l(depilogue.o)
    0x080009f0   0x080009f0   0x00000030   Code   RO         7673    .text               mf_w.l(dfixul.o)
    0x08000a20   0x08000a20   0x00000030   Code   RO         7675    .text               mf_w.l(cdrcmple.o)
    0x08000a50   0x08000a50   0x00000024   Code   RO         7681    .text               mc_w.l(init.o)
    0x08000a74   0x08000a74   0x00000004   Code   RO          552    i.BusFault_Handler  stm32f1xx_it.o
    0x08000a78   0x08000a78   0x00000010   Code   RO          553    i.CAN1_RX1_IRQHandler  stm32f1xx_it.o
    0x08000a88   0x08000a88   0x00000010   Code   RO          554    i.CAN1_SCE_IRQHandler  stm32f1xx_it.o
    0x08000a98   0x08000a98   0x00000010   Code   RO          555    i.DMA1_Channel2_IRQHandler  stm32f1xx_it.o
    0x08000aa8   0x08000aa8   0x00000010   Code   RO          556    i.DMA1_Channel3_IRQHandler  stm32f1xx_it.o
    0x08000ab8   0x08000ab8   0x00000010   Code   RO          557    i.DMA1_Channel4_IRQHandler  stm32f1xx_it.o
    0x08000ac8   0x08000ac8   0x00000010   Code   RO          558    i.DMA1_Channel5_IRQHandler  stm32f1xx_it.o
    0x08000ad8   0x08000ad8   0x00000010   Code   RO          559    i.DMA1_Channel6_IRQHandler  stm32f1xx_it.o
    0x08000ae8   0x08000ae8   0x0000002c   Code   RO         1453    i.DMA_SetConfig     stm32f1xx_hal_dma.o
    0x08000b14   0x08000b14   0x00000002   Code   RO          560    i.DebugMon_Handler  stm32f1xx_it.o
    0x08000b16   0x08000b16   0x00000006   Code   RO           13    i.Error_Handler     main.o
    0x08000b1c   0x08000b1c   0x0000002a   Code   RO          835    i.HAL_CAN_ActivateNotification  stm32f1xx_hal_can.o
    0x08000b46   0x08000b46   0x0000014a   Code   RO          836    i.HAL_CAN_AddTxMessage  stm32f1xx_hal_can.o
    0x08000c90   0x08000c90   0x0000010a   Code   RO          837    i.HAL_CAN_ConfigFilter  stm32f1xx_hal_can.o
    0x08000d9a   0x08000d9a   0x00000002   PAD
    0x08000d9c   0x08000d9c   0x0000001c   Code   RO         6598    i.HAL_CAN_ErrorCallback  drv_can.o
    0x08000db8   0x08000db8   0x00000194   Code   RO          843    i.HAL_CAN_GetRxMessage  stm32f1xx_hal_can.o
    0x08000f4c   0x08000f4c   0x00000036   Code   RO          845    i.HAL_CAN_GetTxMailboxesFreeLevel  stm32f1xx_hal_can.o
    0x08000f82   0x08000f82   0x0000024e   Code   RO          847    i.HAL_CAN_IRQHandler  stm32f1xx_hal_can.o
    0x080011d0   0x080011d0   0x00000174   Code   RO          848    i.HAL_CAN_Init      stm32f1xx_hal_can.o
    0x08001344   0x08001344   0x000000e0   Code   RO          295    i.HAL_CAN_MspInit   can.o
    0x08001424   0x08001424   0x00000002   Code   RO          855    i.HAL_CAN_RxFifo0FullCallback  stm32f1xx_hal_can.o
    0x08001426   0x08001426   0x00000002   PAD
    0x08001428   0x08001428   0x00000034   Code   RO         6599    i.HAL_CAN_RxFifo0MsgPendingCallback  drv_can.o
    0x0800145c   0x0800145c   0x00000002   Code   RO          857    i.HAL_CAN_RxFifo1FullCallback  stm32f1xx_hal_can.o
    0x0800145e   0x0800145e   0x00000002   Code   RO          858    i.HAL_CAN_RxFifo1MsgPendingCallback  stm32f1xx_hal_can.o
    0x08001460   0x08001460   0x00000002   Code   RO          859    i.HAL_CAN_SleepCallback  stm32f1xx_hal_can.o
    0x08001462   0x08001462   0x0000005e   Code   RO          860    i.HAL_CAN_Start     stm32f1xx_hal_can.o
    0x080014c0   0x080014c0   0x00000002   Code   RO          862    i.HAL_CAN_TxMailbox0AbortCallback  stm32f1xx_hal_can.o
    0x080014c2   0x080014c2   0x00000002   PAD
    0x080014c4   0x080014c4   0x0000001c   Code   RO         6600    i.HAL_CAN_TxMailbox0CompleteCallback  drv_can.o
    0x080014e0   0x080014e0   0x00000002   Code   RO          864    i.HAL_CAN_TxMailbox1AbortCallback  stm32f1xx_hal_can.o
    0x080014e2   0x080014e2   0x00000002   PAD
    0x080014e4   0x080014e4   0x0000001c   Code   RO         6601    i.HAL_CAN_TxMailbox1CompleteCallback  drv_can.o
    0x08001500   0x08001500   0x00000002   Code   RO          866    i.HAL_CAN_TxMailbox2AbortCallback  stm32f1xx_hal_can.o
    0x08001502   0x08001502   0x00000002   PAD
    0x08001504   0x08001504   0x0000001c   Code   RO         6602    i.HAL_CAN_TxMailbox2CompleteCallback  drv_can.o
    0x08001520   0x08001520   0x00000002   Code   RO          869    i.HAL_CAN_WakeUpFromRxMsgCallback  stm32f1xx_hal_can.o
    0x08001522   0x08001522   0x00000056   Code   RO         1454    i.HAL_DMA_Abort     stm32f1xx_hal_dma.o
    0x08001578   0x08001578   0x000001a8   Code   RO         1455    i.HAL_DMA_Abort_IT  stm32f1xx_hal_dma.o
    0x08001720   0x08001720   0x00000398   Code   RO         1459    i.HAL_DMA_IRQHandler  stm32f1xx_hal_dma.o
    0x08001ab8   0x08001ab8   0x0000008c   Code   RO         1460    i.HAL_DMA_Init      stm32f1xx_hal_dma.o
    0x08001b44   0x08001b44   0x00000072   Code   RO         1463    i.HAL_DMA_Start     stm32f1xx_hal_dma.o
    0x08001bb6   0x08001bb6   0x0000009c   Code   RO         1464    i.HAL_DMA_Start_IT  stm32f1xx_hal_dma.o
    0x08001c52   0x08001c52   0x00000002   PAD
    0x08001c54   0x08001c54   0x00000340   Code   RO         1390    i.HAL_GPIO_Init     stm32f1xx_hal_gpio.o
    0x08001f94   0x08001f94   0x00000010   Code   RO         1392    i.HAL_GPIO_ReadPin  stm32f1xx_hal_gpio.o
    0x08001fa4   0x08001fa4   0x00000014   Code   RO         1393    i.HAL_GPIO_TogglePin  stm32f1xx_hal_gpio.o
    0x08001fb8   0x08001fb8   0x0000000c   Code   RO         1394    i.HAL_GPIO_WritePin  stm32f1xx_hal_gpio.o
    0x08001fc4   0x08001fc4   0x0000000c   Code   RO         1079    i.HAL_GetTick       stm32f1xx_hal.o
    0x08001fd0   0x08001fd0   0x00000018   Code   RO         1085    i.HAL_IncTick       stm32f1xx_hal.o
    0x08001fe8   0x08001fe8   0x00000028   Code   RO         1086    i.HAL_Init          stm32f1xx_hal.o
    0x08002010   0x08002010   0x000000b4   Code   RO          759    i.HAL_InitTick      stm32f1xx_hal_timebase_tim.o
    0x080020c4   0x080020c4   0x00000060   Code   RO          735    i.HAL_MspInit       stm32f1xx_hal_msp.o
    0x08002124   0x08002124   0x00000020   Code   RO         1550    i.HAL_NVIC_EnableIRQ  stm32f1xx_hal_cortex.o
    0x08002144   0x08002144   0x0000007c   Code   RO         1556    i.HAL_NVIC_SetPriority  stm32f1xx_hal_cortex.o
    0x080021c0   0x080021c0   0x00000028   Code   RO         1557    i.HAL_NVIC_SetPriorityGrouping  stm32f1xx_hal_cortex.o
    0x080021e8   0x080021e8   0x00000002   Code   RO         3757    i.HAL_PCD_DataInStageCallback  stm32f1xx_hal_pcd.o
    0x080021ea   0x080021ea   0x00000002   Code   RO         3758    i.HAL_PCD_DataOutStageCallback  stm32f1xx_hal_pcd.o
    0x080021ec   0x080021ec   0x00000158   Code   RO         3767    i.HAL_PCD_EP_DB_Receive  stm32f1xx_hal_pcd.o
    0x08002344   0x08002344   0x0000053e   Code   RO         3768    i.HAL_PCD_EP_DB_Transmit  stm32f1xx_hal_pcd.o
    0x08002882   0x08002882   0x000001cc   Code   RO         3776    i.HAL_PCD_IRQHandler  stm32f1xx_hal_pcd.o
    0x08002a4e   0x08002a4e   0x0000014a   Code   RO         3779    i.HAL_PCD_Init      stm32f1xx_hal_pcd.o
    0x08002b98   0x08002b98   0x00000054   Code   RO          511    i.HAL_PCD_MspInit   usb.o
    0x08002bec   0x08002bec   0x00000002   Code   RO         3782    i.HAL_PCD_ResetCallback  stm32f1xx_hal_pcd.o
    0x08002bee   0x08002bee   0x00000002   Code   RO         3783    i.HAL_PCD_ResumeCallback  stm32f1xx_hal_pcd.o
    0x08002bf0   0x08002bf0   0x00000002   Code   RO         3784    i.HAL_PCD_SOFCallback  stm32f1xx_hal_pcd.o
    0x08002bf2   0x08002bf2   0x00000036   Code   RO         3785    i.HAL_PCD_SetAddress  stm32f1xx_hal_pcd.o
    0x08002c28   0x08002c28   0x00000002   Code   RO         3786    i.HAL_PCD_SetupStageCallback  stm32f1xx_hal_pcd.o
    0x08002c2a   0x08002c2a   0x00000002   Code   RO         3789    i.HAL_PCD_SuspendCallback  stm32f1xx_hal_pcd.o
    0x08002c2c   0x08002c2c   0x00000130   Code   RO         1352    i.HAL_RCCEx_PeriphCLKConfig  stm32f1xx_hal_rcc_ex.o
    0x08002d5c   0x08002d5c   0x0000018c   Code   RO         1243    i.HAL_RCC_ClockConfig  stm32f1xx_hal_rcc.o
    0x08002ee8   0x08002ee8   0x00000044   Code   RO         1247    i.HAL_RCC_GetClockConfig  stm32f1xx_hal_rcc.o
    0x08002f2c   0x08002f2c   0x0000000c   Code   RO         1248    i.HAL_RCC_GetHCLKFreq  stm32f1xx_hal_rcc.o
    0x08002f38   0x08002f38   0x00000020   Code   RO         1250    i.HAL_RCC_GetPCLK1Freq  stm32f1xx_hal_rcc.o
    0x08002f58   0x08002f58   0x00000020   Code   RO         1251    i.HAL_RCC_GetPCLK2Freq  stm32f1xx_hal_rcc.o
    0x08002f78   0x08002f78   0x00000070   Code   RO         1252    i.HAL_RCC_GetSysClockFreq  stm32f1xx_hal_rcc.o
    0x08002fe8   0x08002fe8   0x00000464   Code   RO         1255    i.HAL_RCC_OscConfig  stm32f1xx_hal_rcc.o
    0x0800344c   0x0800344c   0x000000be   Code   RO         2087    i.HAL_SPI_Init      stm32f1xx_hal_spi.o
    0x0800350a   0x0800350a   0x00000002   PAD
    0x0800350c   0x0800350c   0x000000f8   Code   RO          361    i.HAL_SPI_MspInit   spi.o
    0x08003604   0x08003604   0x00000002   Code   RO         3115    i.HAL_TIMEx_BreakCallback  stm32f1xx_hal_tim_ex.o
    0x08003606   0x08003606   0x00000002   Code   RO         3116    i.HAL_TIMEx_CommutCallback  stm32f1xx_hal_tim_ex.o
    0x08003608   0x08003608   0x0000009c   Code   RO         3134    i.HAL_TIMEx_MasterConfigSynchronization  stm32f1xx_hal_tim_ex.o
    0x080036a4   0x080036a4   0x00000066   Code   RO         2400    i.HAL_TIM_Base_Init  stm32f1xx_hal_tim.o
    0x0800370a   0x0800370a   0x00000002   PAD
    0x0800370c   0x0800370c   0x00000044   Code   RO          409    i.HAL_TIM_Base_MspInit  tim.o
    0x08003750   0x08003750   0x00000090   Code   RO         2405    i.HAL_TIM_Base_Start_IT  stm32f1xx_hal_tim.o
    0x080037e0   0x080037e0   0x0000010c   Code   RO         2409    i.HAL_TIM_ConfigClockSource  stm32f1xx_hal_tim.o
    0x080038ec   0x080038ec   0x00000002   Code   RO         2434    i.HAL_TIM_IC_CaptureCallback  stm32f1xx_hal_tim.o
    0x080038ee   0x080038ee   0x00000196   Code   RO         2448    i.HAL_TIM_IRQHandler  stm32f1xx_hal_tim.o
    0x08003a84   0x08003a84   0x00000002   Code   RO         2451    i.HAL_TIM_OC_DelayElapsedCallback  stm32f1xx_hal_tim.o
    0x08003a86   0x08003a86   0x00000002   Code   RO         2478    i.HAL_TIM_PWM_PulseFinishedCallback  stm32f1xx_hal_tim.o
    0x08003a88   0x08003a88   0x00000018   Code   RO           14    i.HAL_TIM_PeriodElapsedCallback  main.o
    0x08003aa0   0x08003aa0   0x00000002   Code   RO         2491    i.HAL_TIM_TriggerCallback  stm32f1xx_hal_tim.o
    0x08003aa2   0x08003aa2   0x00000002   Code   RO         3394    i.HAL_UARTEx_RxEventCallback  stm32f1xx_hal_uart.o
    0x08003aa4   0x08003aa4   0x00000002   Code   RO         3408    i.HAL_UART_ErrorCallback  stm32f1xx_hal_uart.o
    0x08003aa6   0x08003aa6   0x00000002   PAD
    0x08003aa8   0x08003aa8   0x000002e4   Code   RO         3411    i.HAL_UART_IRQHandler  stm32f1xx_hal_uart.o
    0x08003d8c   0x08003d8c   0x00000076   Code   RO         3412    i.HAL_UART_Init     stm32f1xx_hal_uart.o
    0x08003e02   0x08003e02   0x00000002   PAD
    0x08003e04   0x08003e04   0x000002d0   Code   RO          451    i.HAL_UART_MspInit  usart.o
    0x080040d4   0x080040d4   0x0000002c   Code   RO         3416    i.HAL_UART_Receive_DMA  stm32f1xx_hal_uart.o
    0x08004100   0x08004100   0x00000034   Code   RO         6405    i.HAL_UART_RxCpltCallback  drv_uart.o
    0x08004134   0x08004134   0x00000034   Code   RO         6406    i.HAL_UART_RxHalfCpltCallback  drv_uart.o
    0x08004168   0x08004168   0x0000008c   Code   RO         3421    i.HAL_UART_Transmit_DMA  stm32f1xx_hal_uart.o
    0x080041f4   0x080041f4   0x00000030   Code   RO         6407    i.HAL_UART_TxCpltCallback  drv_uart.o
    0x08004224   0x08004224   0x00000002   Code   RO         3424    i.HAL_UART_TxHalfCpltCallback  stm32f1xx_hal_uart.o
    0x08004226   0x08004226   0x00000004   Code   RO          561    i.HardFault_Handler  stm32f1xx_it.o
    0x0800422a   0x0800422a   0x00000002   PAD
    0x0800422c   0x0800422c   0x00000048   Code   RO          296    i.MX_CAN_Init       can.o
    0x08004274   0x08004274   0x00000074   Code   RO          336    i.MX_DMA_Init       dma.o
    0x080042e8   0x080042e8   0x00000048   Code   RO          239    i.MX_FREERTOS_Init  freertos.o
    0x08004330   0x08004330   0x00000120   Code   RO          215    i.MX_GPIO_Init      gpio.o
    0x08004450   0x08004450   0x00000044   Code   RO          362    i.MX_SPI1_Init      spi.o
    0x08004494   0x08004494   0x00000044   Code   RO          363    i.MX_SPI2_Init      spi.o
    0x080044d8   0x080044d8   0x00000070   Code   RO          410    i.MX_TIM4_Init      tim.o
    0x08004548   0x08004548   0x00000038   Code   RO          452    i.MX_USART1_UART_Init  usart.o
    0x08004580   0x08004580   0x00000040   Code   RO          453    i.MX_USART2_UART_Init  usart.o
    0x080045c0   0x080045c0   0x00000038   Code   RO          454    i.MX_USART3_UART_Init  usart.o
    0x080045f8   0x080045f8   0x00000030   Code   RO          512    i.MX_USB_PCD_Init   usb.o
    0x08004628   0x08004628   0x00000004   Code   RO          562    i.MemManage_Handler  stm32f1xx_it.o
    0x0800462c   0x0800462c   0x00000004   Code   RO          563    i.NMI_Handler       stm32f1xx_it.o
    0x08004630   0x08004630   0x000004f2   Code   RO         3791    i.PCD_EP_ISR_Handler  stm32f1xx_hal_pcd.o
    0x08004b22   0x08004b22   0x00000002   PAD
    0x08004b24   0x08004b24   0x00000028   Code   RO         1256    i.RCC_Delay         stm32f1xx_hal_rcc.o
    0x08004b4c   0x08004b4c   0x00000034   Code   RO         5843    i.SysTick_Handler   port.o
    0x08004b80   0x08004b80   0x00000082   Code   RO           15    i.SystemClock_Config  main.o
    0x08004c02   0x08004c02   0x00000002   Code   RO         4221    i.SystemInit        system_stm32f1xx.o
    0x08004c04   0x08004c04   0x00000018   Code   RO         5922    i.SystemServiceTask  init.o
    0x08004c1c   0x08004c1c   0x00000030   Code   RO          564    i.TIM4_IRQHandler   stm32f1xx_it.o
    0x08004c4c   0x08004c4c   0x00000002   Code   RO          565    i.TIM4_PeriodElapsedCallback  stm32f1xx_it.o
    0x08004c4e   0x08004c4e   0x00000002   PAD
    0x08004c50   0x08004c50   0x00000010   Code   RO          566    i.TIM6_IRQHandler   stm32f1xx_it.o
    0x08004c60   0x08004c60   0x0000009c   Code   RO         2493    i.TIM_Base_SetConfig  stm32f1xx_hal_tim.o
    0x08004cfc   0x08004cfc   0x00000016   Code   RO         2504    i.TIM_ETR_SetConfig  stm32f1xx_hal_tim.o
    0x08004d12   0x08004d12   0x00000012   Code   RO         2505    i.TIM_ITRx_SetConfig  stm32f1xx_hal_tim.o
    0x08004d24   0x08004d24   0x00000026   Code   RO         2511    i.TIM_TI1_ConfigInputStage  stm32f1xx_hal_tim.o
    0x08004d4a   0x08004d4a   0x00000028   Code   RO         2513    i.TIM_TI2_ConfigInputStage  stm32f1xx_hal_tim.o
    0x08004d72   0x08004d72   0x00000002   PAD
    0x08004d74   0x08004d74   0x00000038   Code   RO         6832    i.TimerISR_Hook     soft_timer.o
    0x08004dac   0x08004dac   0x00000014   Code   RO         3425    i.UART_DMAAbortOnError  stm32f1xx_hal_uart.o
    0x08004dc0   0x08004dc0   0x00000050   Code   RO         3426    i.UART_DMAError     stm32f1xx_hal_uart.o
    0x08004e10   0x08004e10   0x000000b4   Code   RO         3427    i.UART_DMAReceiveCplt  stm32f1xx_hal_uart.o
    0x08004ec4   0x08004ec4   0x00000024   Code   RO         3429    i.UART_DMARxHalfCplt  stm32f1xx_hal_uart.o
    0x08004ee8   0x08004ee8   0x00000058   Code   RO         3431    i.UART_DMATransmitCplt  stm32f1xx_hal_uart.o
    0x08004f40   0x08004f40   0x0000000e   Code   RO         3433    i.UART_DMATxHalfCplt  stm32f1xx_hal_uart.o
    0x08004f4e   0x08004f4e   0x0000006c   Code   RO         3435    i.UART_EndRxTransfer  stm32f1xx_hal_uart.o
    0x08004fba   0x08004fba   0x00000020   Code   RO         3436    i.UART_EndTransmit_IT  stm32f1xx_hal_uart.o
    0x08004fda   0x08004fda   0x00000026   Code   RO         3437    i.UART_EndTxTransfer  stm32f1xx_hal_uart.o
    0x08005000   0x08005000   0x00000066   Code   RO         6534    i.UART_Receive_DMA_No_IT  drv_t12.o
    0x08005066   0x08005066   0x000000fc   Code   RO         3438    i.UART_Receive_IT   stm32f1xx_hal_uart.o
    0x08005162   0x08005162   0x00000002   PAD
    0x08005164   0x08005164   0x000000fc   Code   RO         3439    i.UART_SetConfig    stm32f1xx_hal_uart.o
    0x08005260   0x08005260   0x000000c8   Code   RO         3440    i.UART_Start_Receive_DMA  stm32f1xx_hal_uart.o
    0x08005328   0x08005328   0x00000060   Code   RO         3442    i.UART_Transmit_IT  stm32f1xx_hal_uart.o
    0x08005388   0x08005388   0x00000014   Code   RO          567    i.USART1_IRQHandler  stm32f1xx_it.o
    0x0800539c   0x0800539c   0x00000014   Code   RO          568    i.USART2_IRQHandler  stm32f1xx_it.o
    0x080053b0   0x080053b0   0x00000010   Code   RO          569    i.USART3_IRQHandler  stm32f1xx_it.o
    0x080053c0   0x080053c0   0x00000008   Code   RO         4037    i.USB_CoreInit      stm32f1xx_ll_usb.o
    0x080053c8   0x080053c8   0x00000006   Code   RO         4041    i.USB_DevDisconnect  stm32f1xx_ll_usb.o
    0x080053ce   0x080053ce   0x00000016   Code   RO         4042    i.USB_DevInit       stm32f1xx_ll_usb.o
    0x080053e4   0x080053e4   0x00000014   Code   RO         4043    i.USB_DisableGlobalInt  stm32f1xx_ll_usb.o
    0x080053f8   0x080053f8   0x00000a50   Code   RO         4047    i.USB_EPStartXfer   stm32f1xx_ll_usb.o
    0x08005e48   0x08005e48   0x00000018   Code   RO          570    i.USB_HP_CAN1_TX_IRQHandler  stm32f1xx_it.o
    0x08005e60   0x08005e60   0x00000018   Code   RO          571    i.USB_LP_CAN1_RX0_IRQHandler  stm32f1xx_it.o
    0x08005e78   0x08005e78   0x00000008   Code   RO         4056    i.USB_ReadInterrupts  stm32f1xx_ll_usb.o
    0x08005e80   0x08005e80   0x0000004a   Code   RO         4057    i.USB_ReadPMA       stm32f1xx_ll_usb.o
    0x08005eca   0x08005eca   0x00000006   Code   RO         4058    i.USB_SetCurrentMode  stm32f1xx_ll_usb.o
    0x08005ed0   0x08005ed0   0x0000000e   Code   RO         4059    i.USB_SetDevAddress  stm32f1xx_ll_usb.o
    0x08005ede   0x08005ede   0x00000040   Code   RO         4061    i.USB_WritePMA      stm32f1xx_ll_usb.o
    0x08005f1e   0x08005f1e   0x00000004   Code   RO          572    i.UsageFault_Handler  stm32f1xx_it.o
    0x08005f22   0x08005f22   0x00000002   PAD
    0x08005f24   0x08005f24   0x00000034   Code   RO         7523    i.__0snprintf       mc_w.l(printfa.o)
    0x08005f58   0x08005f58   0x00000034   Code   RO         7527    i.__0vsnprintf      mc_w.l(printfa.o)
    0x08005f8c   0x08005f8c   0x00000010   Code   RO         1563    i.__NVIC_GetPriorityGrouping  stm32f1xx_hal_cortex.o
    0x08005f9c   0x08005f9c   0x00000028   Code   RO         1564    i.__NVIC_SetPriority  stm32f1xx_hal_cortex.o
    0x08005fc4   0x08005fc4   0x00000006   Code   RO         5357    i.__get_BASEPRI     cmsis_os2.o
    0x08005fca   0x08005fca   0x00000006   Code   RO         5358    i.__get_IPSR        cmsis_os2.o
    0x08005fd0   0x08005fd0   0x00000006   Code   RO         5359    i.__get_PRIMASK     cmsis_os2.o
    0x08005fd6   0x08005fd6   0x0000000e   Code   RO         7691    i.__scatterload_copy  mc_w.l(handlers.o)
    0x08005fe4   0x08005fe4   0x00000002   Code   RO         7692    i.__scatterload_null  mc_w.l(handlers.o)
    0x08005fe6   0x08005fe6   0x0000000e   Code   RO         7693    i.__scatterload_zeroinit  mc_w.l(handlers.o)
    0x08005ff4   0x08005ff4   0x00000006   Code   RO         6075    i.__set_PRIMASK     device.o
    0x08005ffa   0x08005ffa   0x00000002   PAD
    0x08005ffc   0x08005ffc   0x00000184   Code   RO         7529    i._fp_digits        mc_w.l(printfa.o)
    0x08006180   0x08006180   0x000006b4   Code   RO         7530    i._printf_core      mc_w.l(printfa.o)
    0x08006834   0x08006834   0x00000024   Code   RO         7531    i._printf_post_padding  mc_w.l(printfa.o)
    0x08006858   0x08006858   0x0000002e   Code   RO         7532    i._printf_pre_padding  mc_w.l(printfa.o)
    0x08006886   0x08006886   0x00000016   Code   RO         7533    i._snputc           mc_w.l(printfa.o)
    0x0800689c   0x0800689c   0x0000010c   Code   RO         6351    i.board_config      board.o
    0x080069a8   0x080069a8   0x00000008   Code   RO         6603    i.can_fifo0_rx_callback_register  drv_can.o
    0x080069b0   0x080069b0   0x000000a0   Code   RO         6604    i.can_manage_init   drv_can.o
    0x08006a50   0x08006a50   0x000000d4   Code   RO         6605    i.can_msg_bytes_send  drv_can.o
    0x08006b24   0x08006b24   0x00000198   Code   RO         6352    i.can_rx_callback   board.o
    0x08006cbc   0x08006cbc   0x0000001c   Code   RO         6606    i.can_std_transmit  drv_can.o
    0x08006cd8   0x08006cd8   0x0000007a   Code   RO         6607    i.can_tx_mailbox_complete_handle  drv_can.o
    0x08006d52   0x08006d52   0x00000002   PAD
    0x08006d54   0x08006d54   0x00000130   Code   RO         6318    i.caterpillar_calculate  caterpillar.o
    0x08006e84   0x08006e84   0x0000000a   Code   RO         6319    i.caterpillar_set_speed  caterpillar.o
    0x08006e8e   0x08006e8e   0x00000002   PAD
    0x08006e90   0x08006e90   0x00000398   Code   RO         6011    i.chassisTask       chassis_task.o
    0x08007228   0x08007228   0x00000100   Code   RO         6012    i.chassis_init      chassis_task.o
    0x08007328   0x08007328   0x00000214   Code   RO         6078    i.device_init       device.o
    0x0800753c   0x0800753c   0x00000088   Code   RO         6574    i.drv_io_init       drv_io.o
    0x080075c4   0x080075c4   0x0000005a   Code   RO         6893    i.fifo_get          fifo.o
    0x0800761e   0x0800761e   0x0000003e   Code   RO         6894    i.fifo_get_noprotect  fifo.o
    0x0800765c   0x0800765c   0x00000022   Code   RO         6895    i.fifo_init         fifo.o
    0x0800767e   0x0800767e   0x0000000e   Code   RO         6896    i.fifo_is_empty     fifo.o
    0x0800768c   0x0800768c   0x0000000e   Code   RO         6897    i.fifo_is_full      fifo.o
    0x0800769a   0x0800769a   0x0000005a   Code   RO         6899    i.fifo_put          fifo.o
    0x080076f4   0x080076f4   0x000000a0   Code   RO         6907    i.fifo_s_gets       fifo.o
    0x08007794   0x08007794   0x0000001c   Code   RO         6909    i.fifo_s_init       fifo.o
    0x080077b0   0x080077b0   0x000000a6   Code   RO         6915    i.fifo_s_puts       fifo.o
    0x08007856   0x08007856   0x00000002   PAD
    0x08007858   0x08007858   0x00000008   Code   RO         6079    i.get_device_information  device.o
    0x08007860   0x08007860   0x0000000c   Code   RO         6681    i.get_global_log_level  log.o
    0x0800786c   0x0800786c   0x00000116   Code   RO         6136    i.get_t12_data      sbus.o
    0x08007982   0x08007982   0x000001b8   Code   RO         6137    i.get_t12_state     sbus.o
    0x08007b3a   0x08007b3a   0x00000008   Code   RO         7229    i.get_time_ms       sys.o
    0x08007b42   0x08007b42   0x00000008   Code   RO         5923    i.hw_init           init.o
    0x08007b4a   0x08007b4a   0x00000002   PAD
    0x08007b4c   0x08007b4c   0x000001a4   Code   RO         6270    i.io_device_get_state  sw_ft.o
    0x08007cf0   0x08007cf0   0x00000138   Code   RO         6271    i.io_device_register  sw_ft.o
    0x08007e28   0x08007e28   0x00000034   Code   RO         6682    i.log_printf        log.o
    0x08007e5c   0x08007e5c   0x00000028   Code   RO         6683    i.log_printf_to_buffer  log.o
    0x08007e84   0x08007e84   0x00000040   Code   RO           16    i.main              main.o
    0x08007ec4   0x08007ec4   0x00000110   Code   RO         6195    i.motor_can_send_register  motor.o
    0x08007fd4   0x08007fd4   0x00000016   Code   RO         6196    i.motor_canstd_send  motor.o
    0x08007fea   0x08007fea   0x00000002   PAD
    0x08007fec   0x08007fec   0x00000098   Code   RO         6197    i.motor_fill_data_output  motor.o
    0x08008084   0x08008084   0x000001cc   Code   RO         6199    i.motor_register    motor.o
    0x08008250   0x08008250   0x00000118   Code   RO         6202    i.motor_set_speed   motor.o
    0x08008368   0x08008368   0x00000038   Code   RO         5360    i.osDelay           cmsis_os2.o
    0x080083a0   0x080083a0   0x00000040   Code   RO         5374    i.osKernelInitialize  cmsis_os2.o
    0x080083e0   0x080083e0   0x00000044   Code   RO         5377    i.osKernelStart     cmsis_os2.o
    0x08008424   0x08008424   0x000000dc   Code   RO         5411    i.osThreadNew       cmsis_os2.o
    0x08008500   0x08008500   0x0000007c   Code   RO         4832    i.prvAddCurrentTaskToDelayedList  tasks.o
    0x0800857c   0x0800857c   0x000000b8   Code   RO         4833    i.prvAddNewTaskToReadyList  tasks.o
    0x08008634   0x08008634   0x00000074   Code   RO         5193    i.prvCheckForValidListAndQueue  timers.o
    0x080086a8   0x080086a8   0x00000048   Code   RO         4834    i.prvCheckTasksWaitingTermination  tasks.o
    0x080086f0   0x080086f0   0x0000002a   Code   RO         4425    i.prvCopyDataFromQueue  queue.o
    0x0800871a   0x0800871a   0x0000007c   Code   RO         4426    i.prvCopyDataToQueue  queue.o
    0x08008796   0x08008796   0x00000050   Code   RO         4835    i.prvDeleteTCB      tasks.o
    0x080087e6   0x080087e6   0x00000002   PAD
    0x080087e8   0x080087e8   0x00000028   Code   RO         5194    i.prvGetNextExpireTime  timers.o
    0x08008810   0x08008810   0x0000007c   Code   RO         5793    i.prvHeapInit       heap_4.o
    0x0800888c   0x0800888c   0x00000028   Code   RO         4836    i.prvIdleTask       tasks.o
    0x080088b4   0x080088b4   0x0000002a   Code   RO         4429    i.prvInitialiseNewQueue  queue.o
    0x080088de   0x080088de   0x000000b4   Code   RO         4837    i.prvInitialiseNewTask  tasks.o
    0x08008992   0x08008992   0x00000002   PAD
    0x08008994   0x08008994   0x00000068   Code   RO         4838    i.prvInitialiseTaskLists  tasks.o
    0x080089fc   0x080089fc   0x00000068   Code   RO         5794    i.prvInsertBlockIntoFreeList  heap_4.o
    0x08008a64   0x08008a64   0x00000058   Code   RO         5196    i.prvInsertTimerInActiveList  timers.o
    0x08008abc   0x08008abc   0x0000001a   Code   RO         4430    i.prvIsQueueEmpty   queue.o
    0x08008ad6   0x08008ad6   0x0000001e   Code   RO         4431    i.prvIsQueueFull    queue.o
    0x08008af4   0x08008af4   0x00000064   Code   RO         5197    i.prvProcessExpiredTimer  timers.o
    0x08008b58   0x08008b58   0x00000128   Code   RO         5198    i.prvProcessReceivedCommands  timers.o
    0x08008c80   0x08008c80   0x00000074   Code   RO         5199    i.prvProcessTimerOrBlockTask  timers.o
    0x08008cf4   0x08008cf4   0x00000034   Code   RO         4840    i.prvResetNextTaskUnblockTime  tasks.o
    0x08008d28   0x08008d28   0x0000002c   Code   RO         5200    i.prvSampleTimeNow  timers.o
    0x08008d54   0x08008d54   0x000000a0   Code   RO         5201    i.prvSwitchTimerLists  timers.o
    0x08008df4   0x08008df4   0x00000040   Code   RO         5844    i.prvTaskExitError  port.o
    0x08008e34   0x08008e34   0x0000001a   Code   RO         5202    i.prvTimerTask      timers.o
    0x08008e4e   0x08008e4e   0x0000007e   Code   RO         4432    i.prvUnlockQueue    queue.o
    0x08008ecc   0x08008ecc   0x0000013c   Code   RO         5795    i.pvPortMalloc      heap_4.o
    0x08009008   0x08009008   0x00000024   Code   RO         5845    i.pxPortInitialiseStack  port.o
    0x0800902c   0x0800902c   0x00000022   Code   RO         6138    i.rc_device_date_update  sbus.o
    0x0800904e   0x0800904e   0x00000002   PAD
    0x08009050   0x08009050   0x00000110   Code   RO         6139    i.rc_device_get_info  sbus.o
    0x08009160   0x08009160   0x00000052   Code   RO         6140    i.rc_device_get_state  sbus.o
    0x080091b2   0x080091b2   0x00000002   PAD
    0x080091b4   0x080091b4   0x00000134   Code   RO         6141    i.rc_device_register  sbus.o
    0x080092e8   0x080092e8   0x00000020   Code   RO         6743    i.soft_timer_FreeRTOS_init  os_timer.o
    0x08009308   0x08009308   0x00000048   Code   RO         6833    i.soft_timer_check  soft_timer.o
    0x08009350   0x08009350   0x00000024   Code   RO         6835    i.soft_timer_init   soft_timer.o
    0x08009374   0x08009374   0x00000050   Code   RO         6837    i.soft_timer_update  soft_timer.o
    0x080093c4   0x080093c4   0x00000008   Code   RO         5924    i.sys_init          init.o
    0x080093cc   0x080093cc   0x0000001c   Code   RO          241    i.systemLedTask     freertos.o
    0x080093e8   0x080093e8   0x00000018   Code   RO         6353    i.t12_rx_data_by_uart  board.o
    0x08009400   0x08009400   0x0000003c   Code   RO         6535    i.t12_uart_init     drv_t12.o
    0x0800943c   0x0800943c   0x0000008c   Code   RO         6536    i.t12_uart_rx_data_handle  drv_t12.o
    0x080094c8   0x080094c8   0x00000008   Code   RO         5925    i.task_init         init.o
    0x080094d0   0x080094d0   0x00000070   Code   RO         6745    i.timer_task        os_timer.o
    0x08009540   0x08009540   0x0000003c   Code   RO         6409    i.usart1_idle_callback  drv_uart.o
    0x0800957c   0x0800957c   0x00000074   Code   RO         6410    i.usart1_manage_init  drv_uart.o
    0x080095f0   0x080095f0   0x00000018   Code   RO         6413    i.usart1_transmit   drv_uart.o
    0x08009608   0x08009608   0x00000074   Code   RO         6415    i.usart3_manage_init  drv_uart.o
    0x0800967c   0x0800967c   0x0000006e   Code   RO         6418    i.usart_rec_to_buff  drv_uart.o
    0x080096ea   0x080096ea   0x00000094   Code   RO         6420    i.usart_transmit    drv_uart.o
    0x0800977e   0x0800977e   0x00000040   Code   RO         6421    i.usart_transmit_hook  drv_uart.o
    0x080097be   0x080097be   0x00000028   Code   RO         4385    i.uxListRemove      list.o
    0x080097e6   0x080097e6   0x00000002   PAD
    0x080097e8   0x080097e8   0x00000018   Code   RO         5423    i.vApplicationGetIdleTaskMemory  cmsis_os2.o
    0x08009800   0x08009800   0x00000018   Code   RO         5424    i.vApplicationGetTimerTaskMemory  cmsis_os2.o
    0x08009818   0x08009818   0x0000001a   Code   RO         4386    i.vListInitialise   list.o
    0x08009832   0x08009832   0x00000006   Code   RO         4387    i.vListInitialiseItem  list.o
    0x08009838   0x08009838   0x00000034   Code   RO         4388    i.vListInsert       list.o
    0x0800986c   0x0800986c   0x00000018   Code   RO         4389    i.vListInsertEnd    list.o
    0x08009884   0x08009884   0x00000054   Code   RO         5847    i.vPortEnterCritical  port.o
    0x080098d8   0x080098d8   0x0000003c   Code   RO         5848    i.vPortExitCritical  port.o
    0x08009914   0x08009914   0x00000094   Code   RO         5796    i.vPortFree         heap_4.o
    0x080099a8   0x080099a8   0x00000028   Code   RO         5849    i.vPortSetupTimerInterrupt  port.o
    0x080099d0   0x080099d0   0x00000078   Code   RO         5850    i.vPortValidateInterruptPriority  port.o
    0x08009a48   0x08009a48   0x0000002c   Code   RO         4438    i.vQueueAddToRegistry  queue.o
    0x08009a74   0x08009a74   0x0000004a   Code   RO         4442    i.vQueueWaitForMessageRestricted  queue.o
    0x08009abe   0x08009abe   0x00000002   PAD
    0x08009ac0   0x08009ac0   0x0000005c   Code   RO         4852    i.vTaskDelay        tasks.o
    0x08009b1c   0x08009b1c   0x000000d4   Code   RO         4853    i.vTaskDelayUntil   tasks.o
    0x08009bf0   0x08009bf0   0x00000018   Code   RO         4857    i.vTaskInternalSetTimeOutState  tasks.o
    0x08009c08   0x08009c08   0x0000000c   Code   RO         4858    i.vTaskMissedYield  tasks.o
    0x08009c14   0x08009c14   0x00000038   Code   RO         4860    i.vTaskPlaceOnEventList  tasks.o
    0x08009c4c   0x08009c4c   0x00000040   Code   RO         4861    i.vTaskPlaceOnEventListRestricted  tasks.o
    0x08009c8c   0x08009c8c   0x000000b8   Code   RO         4869    i.vTaskStartScheduler  tasks.o
    0x08009d44   0x08009d44   0x00000010   Code   RO         4871    i.vTaskSuspendAll   tasks.o
    0x08009d54   0x08009d54   0x00000090   Code   RO         4872    i.vTaskSwitchContext  tasks.o
    0x08009de4   0x08009de4   0x000000f8   Code   RO         5851    i.xPortStartScheduler  port.o
    0x08009edc   0x08009edc   0x000000de   Code   RO         4448    i.xQueueGenericCreateStatic  queue.o
    0x08009fba   0x08009fba   0x00000002   PAD
    0x08009fbc   0x08009fbc   0x00000098   Code   RO         4449    i.xQueueGenericReset  queue.o
    0x0800a054   0x0800a054   0x000001a8   Code   RO         4450    i.xQueueGenericSend  queue.o
    0x0800a1fc   0x0800a1fc   0x000000f8   Code   RO         4451    i.xQueueGenericSendFromISR  queue.o
    0x0800a2f4   0x0800a2f4   0x00000168   Code   RO         4460    i.xQueueReceive     queue.o
    0x0800a45c   0x0800a45c   0x0000008c   Code   RO         4873    i.xTaskCheckForTimeOut  tasks.o
    0x0800a4e8   0x0800a4e8   0x00000064   Code   RO         4874    i.xTaskCreate       tasks.o
    0x0800a54c   0x0800a54c   0x000000b8   Code   RO         4875    i.xTaskCreateStatic  tasks.o
    0x0800a604   0x0800a604   0x00000020   Code   RO         4879    i.xTaskGetSchedulerState  tasks.o
    0x0800a624   0x0800a624   0x0000000c   Code   RO         4880    i.xTaskGetTickCount  tasks.o
    0x0800a630   0x0800a630   0x00000144   Code   RO         4882    i.xTaskIncrementTick  tasks.o
    0x0800a774   0x0800a774   0x000000a4   Code   RO         4885    i.xTaskPriorityDisinherit  tasks.o
    0x0800a818   0x0800a818   0x00000098   Code   RO         4887    i.xTaskRemoveFromEventList  tasks.o
    0x0800a8b0   0x0800a8b0   0x00000104   Code   RO         4888    i.xTaskResumeAll    tasks.o
    0x0800a9b4   0x0800a9b4   0x00000078   Code   RO         5209    i.xTimerCreateTimerTask  timers.o
    0x0800aa2c   0x0800aa2c   0x00000084   Code   RO         5210    i.xTimerGenericCommand  timers.o
    0x0800aab0   0x0800aab0   0x00000024   Data   RO          242    .constdata          freertos.o
    0x0800aad4   0x0800aad4   0x00000012   Data   RO         1257    .constdata          stm32f1xx_hal_rcc.o
    0x0800aae6   0x0800aae6   0x00000018   Data   RO         4222    .constdata          system_stm32f1xx.o
    0x0800aafe   0x0800aafe   0x00000002   PAD
    0x0800ab00   0x0800ab00   0x00000042   Data   RO         6015    .constdata          chassis_task.o
    0x0800ab42   0x0800ab42   0x00000002   PAD
    0x0800ab44   0x0800ab44   0x00000024   Data   RO         6747    .constdata          os_timer.o
    0x0800ab68   0x0800ab68   0x0000000e   Data   RO          243    .conststring        freertos.o
    0x0800ab76   0x0800ab76   0x00000002   PAD
    0x0800ab78   0x0800ab78   0x0000000c   Data   RO         6016    .conststring        chassis_task.o
    0x0800ab84   0x0800ab84   0x00000025   Data   RO         6081    .conststring        device.o
    0x0800aba9   0x0800aba9   0x00000003   PAD
    0x0800abac   0x0800abac   0x00000027   Data   RO         6685    .conststring        log.o
    0x0800abd3   0x0800abd3   0x00000001   PAD
    0x0800abd4   0x0800abd4   0x0000000a   Data   RO         6748    .conststring        os_timer.o
    0x0800abde   0x0800abde   0x00000002   PAD
    0x0800abe0   0x0800abe0   0x00000020   Data   RO         7689    Region$$Table       anon$$obj.o


    Execution Region RW_IRAM1 (Exec base: 0x20000000, Load base: 0x0800ac00, Size: 0x000059b8, Max: 0x00010000, ABSOLUTE)

    Exec Addr    Load Addr    Size         Type   Attr      Idx    E Section Name        Object

    0x20000000   0x0800ac00   0x00000008   Data   RW          244    .data               freertos.o
    0x20000008   0x0800ac08   0x00000009   Data   RW         1093    .data               stm32f1xx_hal.o
    0x20000011   0x0800ac11   0x00000003   PAD
    0x20000014   0x0800ac14   0x00000004   Data   RW         4223    .data               system_stm32f1xx.o
    0x20000018   0x0800ac18   0x0000003c   Data   RW         4891    .data               tasks.o
    0x20000054   0x0800ac54   0x00000014   Data   RW         5218    .data               timers.o
    0x20000068   0x0800ac68   0x00000004   Data   RW         5426    .data               cmsis_os2.o
    0x2000006c   0x0800ac6c   0x00000018   Data   RW         5801    .data               heap_4.o
    0x20000084   0x0800ac84   0x0000000c   Data   RW         5852    .data               port.o
    0x20000090   0x0800ac90   0x00000014   Data   RW         6017    .data               chassis_task.o
    0x200000a4   0x0800aca4   0x0000001c   Data   RW         6082    .data               device.o
    0x200000c0   0x0800acc0   0x00000004   Data   RW         6205    .data               motor.o
    0x200000c4   0x0800acc4   0x00000008   Data   RW         6274    .data               sw_ft.o
    0x200000cc   0x0800accc   0x00000008   Data   RW         6538    .data               drv_t12.o
    0x200000d4   0x0800acd4   0x00000019   Data   RW         6686    .data               log.o
    0x200000ed   0x0800aced   0x00000003   PAD
    0x200000f0   0x0800acf0   0x00000004   Data   RW         6749    .data               os_timer.o
    0x200000f4        -       0x00000028   Zero   RW          297    .bss                can.o
    0x2000011c        -       0x000000b0   Zero   RW          364    .bss                spi.o
    0x200001cc        -       0x00000048   Zero   RW          411    .bss                tim.o
    0x20000214        -       0x0000022c   Zero   RW          456    .bss                usart.o
    0x20000440        -       0x000002f0   Zero   RW          513    .bss                usb.o
    0x20000730        -       0x00000048   Zero   RW          762    .bss                stm32f1xx_hal_timebase_tim.o
    0x20000778        -       0x00000040   Zero   RW         4464    .bss                queue.o
    0x200007b8        -       0x000004c4   Zero   RW         4890    .bss                tasks.o
    0x20000c7c        -       0x00000118   Zero   RW         5217    .bss                timers.o
    0x20000d94        -       0x000006b8   Zero   RW         5425    .bss                cmsis_os2.o
    0x2000144c        -       0x00001400   Zero   RW         5800    .bss                heap_4.o
    0x2000284c        -       0x00000268   Zero   RW         6014    .bss                chassis_task.o
    0x20002ab4        -       0x00000020   Zero   RW         6203    .bss                motor.o
    0x20002ad4        -       0x00001488   Zero   RW         6422    .bss                drv_uart.o
    0x20003f5c        -       0x00000032   Zero   RW         6537    .bss                drv_t12.o
    0x20003f8e   0x0800acf4   0x00000002   PAD
    0x20003f90        -       0x00001030   Zero   RW         6608    .bss                drv_can.o
    0x20004fc0        -       0x00000150   Zero   RW         6746    .bss                os_timer.o
    0x20005110        -       0x000000a8   Zero   RW         6838    .bss                soft_timer.o
    0x200051b8        -       0x00000800   Zero   RW            1    STACK               startup_stm32f103xe.o


==============================================================================

Image component sizes


      Code (inc. data)   RO Data    RW Data    ZI Data      Debug   Object Name

       700        294          0          0          0       3812   board.o
       296         26          0          0         40       1691   can.o
       314         24          0          0          0       2460   caterpillar.o
      1176        172         78         20        616       3954   chassis_task.o
       474         38          0          4       1720      14862   cmsis_os2.o
       546        154         37         28          0       9417   device.o
       116          4          0          0          0        754   dma.o
       694         76          0          0       4144       7835   drv_can.o
       136          8          0          0          0        910   drv_io.o
       302         30          0          8         50       2638   drv_t12.o
       790        110          0          0       5256       7694   drv_uart.o
         0          0          0          0          0      20124   event_groups.o
       658          0          0          0          0       7196   fifo.o
       100         40         50          8          0       7202   freertos.o
       288         16          0          0          0        995   gpio.o
       692         62          0         24       5120       4611   heap_4.o
        48          0          0          0          0       6317   init.o
       148          0          0          0          0       3362   list.o
       104          6         39         25          0       2286   log.o
       224          6          0          0          0     527084   main.o
      1186        358          0          4         32       5538   motor.o
       144         18         46          4        336       2882   os_timer.o
       854         78          0         12          0      10777   port.o
      1914         20          0          0         64      16592   queue.o
      1414        228          0          0          0       6572   sbus.o
       244         22          0          0        168       3317   soft_timer.o
       384         40          0          0        176       2210   spi.o
        36          8        304          0       2048        792   startup_stm32f103xe.o
        76         20          0          9          0       5186   stm32f1xx_hal.o
      2168          0          0          0          0      12010   stm32f1xx_hal_can.o
       252         22          0          0          0      28614   stm32f1xx_hal_cortex.o
      1884         28          0          0          0       6074   stm32f1xx_hal_dma.o
       880         40          0          0          0       3896   stm32f1xx_hal_gpio.o
        96         10          0          0          0        874   stm32f1xx_hal_msp.o
      3810          0          0          0          0      12752   stm32f1xx_hal_pcd.o
      1816        108         18          0          0       6497   stm32f1xx_hal_rcc.o
       304         14          0          0          0       1380   stm32f1xx_hal_rcc_ex.o
       190          0          0          0          0       1107   stm32f1xx_hal_spi.o
      1202         44          0          0          0       9155   stm32f1xx_hal_tim.o
       160         22          0          0          0       2397   stm32f1xx_hal_tim_ex.o
       180         22          0          0         72       1439   stm32f1xx_hal_timebase_tim.o
      2444         34          0          0          0      14806   stm32f1xx_hal_uart.o
       304         84          0          0          0      13241   stm32f1xx_it.o
      2862          0          0          0          0      10901   stm32f1xx_ll_usb.o
         0          0          0          0          0       8884   stream_buffer.o
       732        120          0          8          0       3277   sw_ft.o
         8          0          0          0          0        466   sys.o
         2          0         24          4          0       1091   system_stm32f1xx.o
      3008        358          0         60       1220      24620   tasks.o
       180         20          0          0         72       1602   tim.o
      1238        124          0         20        280      26455   timers.o
       896         86          0          0        556       3419   usart.o
       132         20          0          0        752       1486   usb.o

    ----------------------------------------------------------------------
     38866       3014        640        244      22724     885513   Object Totals
         0          0         32          0          0          0   (incl. Generated)
        60          0         12          6          2          0   (incl. Padding)

    ----------------------------------------------------------------------

      Code (inc. data)   RO Data    RW Data    ZI Data      Debug   Library Member Name

         0          0          0          0          0          0   entry.o
         0          0          0          0          0          0   entry10a.o
         0          0          0          0          0          0   entry11a.o
         4          0          0          0          0          0   entry12b.o
         8          4          0          0          0          0   entry2.o
         4          0          0          0          0          0   entry5.o
         0          0          0          0          0          0   entry7b.o
         0          0          0          0          0          0   entry8b.o
         8          4          0          0          0          0   entry9a.o
        30          0          0          0          0          0   handlers.o
        36          8          0          0          0         68   init.o
         0          0          0          0          0          0   iusefp.o
        30          0          0          0          0         68   llshl.o
        36          0          0          0          0         68   llsshr.o
        32          0          0          0          0         68   llushr.o
        36          0          0          0          0         68   memcpya.o
        36          0          0          0          0        108   memseta.o
      2312         90          0          0          0        616   printfa.o
        18          0          0          0          0         68   strcpy.o
        14          0          0          0          0         68   strlen.o
        44          0          0          0          0         80   uidiv.o
        98          0          0          0          0         92   uldiv.o
        48          0          0          0          0         68   cdrcmple.o
        20          0          0          0          0         68   cfcmple.o
        20          0          0          0          0         68   cfrcmple.o
        56          0          0          0          0         88   d2f.o
       334          0          0          0          0        148   dadd.o
       222          0          0          0          0        100   ddiv.o
       186          0          0          0          0        176   depilogue.o
        48          0          0          0          0         68   dfixul.o
       228          0          0          0          0         96   dmul.o
        38          0          0          0          0         68   f2d.o
       176          0          0          0          0        140   fadd.o
       124          0          0          0          0         88   fdiv.o
       110          0          0          0          0        168   fepilogue.o
        50          0          0          0          0         68   ffixi.o
        18          0          0          0          0         68   fflti.o
       100          0          0          0          0         76   fmul.o

    ----------------------------------------------------------------------
      4526        106          0          0          0       2928   Library Totals
         2          0          0          0          0          0   (incl. Padding)

    ----------------------------------------------------------------------

      Code (inc. data)   RO Data    RW Data    ZI Data      Debug   Library Name

      2746        106          0          0          0       1372   mc_w.l
      1778          0          0          0          0       1556   mf_w.l

    ----------------------------------------------------------------------
      4526        106          0          0          0       2928   Library Totals

    ----------------------------------------------------------------------

==============================================================================


      Code (inc. data)   RO Data    RW Data    ZI Data      Debug   

     43392       3120        640        244      22724     871849   Grand Totals
     43392       3120        640        244      22724     871849   ELF Image Totals
     43392       3120        640        244          0          0   ROM Totals

==============================================================================

    Total RO  Size (Code + RO Data)                44032 (  43.00kB)
    Total RW  Size (RW Data + ZI Data)             22968 (  22.43kB)
    Total ROM Size (Code + RO Data + RW Data)      44276 (  43.24kB)

==============================================================================

